[2022-01-03T18:26:43.334+0530][gc,heap] Heap region size: 1M
[2022-01-03T18:26:43.345+0530][gc     ] Using G1
[2022-01-03T18:26:43.345+0530][gc,heap,coops] Heap address: 0x00000007c0000000, size: 1024 MB, Compressed Oops mode: Zero based, Oop shift amount: 3
[2022-01-03T18:26:45.926+0530][gc,start     ] GC(0) Pause Young (Concurrent Start) (Metadata GC Threshold)
[2022-01-03T18:26:45.926+0530][gc,task      ] GC(0) Using 4 workers of 4 for evacuation
[2022-01-03T18:26:45.936+0530][gc,phases    ] GC(0)   Pre Evacuate Collection Set: 0.0ms
[2022-01-03T18:26:45.936+0530][gc,phases    ] GC(0)   Evacuate Collection Set: 9.4ms
[2022-01-03T18:26:45.936+0530][gc,phases    ] GC(0)   Post Evacuate Collection Set: 0.4ms
[2022-01-03T18:26:45.936+0530][gc,phases    ] GC(0)   Other: 0.5ms
[2022-01-03T18:26:45.936+0530][gc,heap      ] GC(0) Eden regions: 44->0(44)
[2022-01-03T18:26:45.936+0530][gc,heap      ] GC(0) Survivor regions: 0->7(7)
[2022-01-03T18:26:45.936+0530][gc,heap      ] GC(0) Old regions: 0->0
[2022-01-03T18:26:45.936+0530][gc,heap      ] GC(0) Humongous regions: 0->0
[2022-01-03T18:26:45.936+0530][gc,metaspace ] GC(0) Metaspace: 20796K->20796K(1069056K)
[2022-01-03T18:26:45.936+0530][gc           ] GC(0) Pause Young (Concurrent Start) (Metadata GC Threshold) 43M->6M(1024M) 10.577ms
[2022-01-03T18:26:45.936+0530][gc,cpu       ] GC(0) User=0.02s Sys=0.01s Real=0.01s
[2022-01-03T18:26:45.936+0530][gc           ] GC(1) Concurrent Cycle
[2022-01-03T18:26:45.937+0530][gc,marking   ] GC(1) Concurrent Clear Claimed Marks
[2022-01-03T18:26:45.937+0530][gc,marking   ] GC(1) Concurrent Clear Claimed Marks 0.029ms
[2022-01-03T18:26:45.937+0530][gc,marking   ] GC(1) Concurrent Scan Root Regions
[2022-01-03T18:26:45.940+0530][gc,marking   ] GC(1) Concurrent Scan Root Regions 3.516ms
[2022-01-03T18:26:45.940+0530][gc,marking   ] GC(1) Concurrent Mark (2.620s)
[2022-01-03T18:26:45.940+0530][gc,marking   ] GC(1) Concurrent Mark From Roots
[2022-01-03T18:26:45.940+0530][gc,task      ] GC(1) Using 1 workers of 1 for marking
[2022-01-03T18:26:45.940+0530][gc,marking   ] GC(1) Concurrent Mark From Roots 0.130ms
[2022-01-03T18:26:45.940+0530][gc,marking   ] GC(1) Concurrent Preclean
[2022-01-03T18:26:45.940+0530][gc,marking   ] GC(1) Concurrent Preclean 0.023ms
[2022-01-03T18:26:45.940+0530][gc,marking   ] GC(1) Concurrent Mark (2.620s, 2.620s) 0.223ms
[2022-01-03T18:26:45.941+0530][gc,start     ] GC(1) Pause Remark
[2022-01-03T18:26:45.943+0530][gc,stringtable] GC(1) Cleaned string and symbol table, strings: 7196 processed, 0 removed, symbols: 63683 processed, 30 removed
[2022-01-03T18:26:45.943+0530][gc            ] GC(1) Pause Remark 7M->7M(1024M) 2.565ms
[2022-01-03T18:26:45.943+0530][gc,cpu        ] GC(1) User=0.01s Sys=0.00s Real=0.00s
[2022-01-03T18:26:45.943+0530][gc,marking    ] GC(1) Concurrent Rebuild Remembered Sets
[2022-01-03T18:26:45.943+0530][gc,marking    ] GC(1) Concurrent Rebuild Remembered Sets 0.055ms
[2022-01-03T18:26:45.943+0530][gc,start      ] GC(1) Pause Cleanup
[2022-01-03T18:26:45.943+0530][gc            ] GC(1) Pause Cleanup 7M->7M(1024M) 0.102ms
[2022-01-03T18:26:45.943+0530][gc,cpu        ] GC(1) User=0.00s Sys=0.00s Real=0.00s
[2022-01-03T18:26:45.943+0530][gc,marking    ] GC(1) Concurrent Cleanup for Next Mark
[2022-01-03T18:26:45.955+0530][gc,marking    ] GC(1) Concurrent Cleanup for Next Mark 11.532ms
[2022-01-03T18:26:45.955+0530][gc            ] GC(1) Concurrent Cycle 18.656ms
[2022-01-03T18:26:52.943+0530][gc,start      ] GC(2) Pause Young (Normal) (G1 Evacuation Pause)
[2022-01-03T18:26:52.944+0530][gc,task       ] GC(2) Using 4 workers of 4 for evacuation
[2022-01-03T18:26:52.973+0530][gc,mmu        ] GC(2) MMU target violated: 21.0ms (20.0ms/21.0ms)
[2022-01-03T18:26:52.973+0530][gc,phases     ] GC(2)   Pre Evacuate Collection Set: 0.1ms
[2022-01-03T18:26:52.973+0530][gc,phases     ] GC(2)   Evacuate Collection Set: 27.2ms
[2022-01-03T18:26:52.973+0530][gc,phases     ] GC(2)   Post Evacuate Collection Set: 0.7ms
[2022-01-03T18:26:52.973+0530][gc,phases     ] GC(2)   Other: 1.4ms
[2022-01-03T18:26:52.973+0530][gc,heap       ] GC(2) Eden regions: 44->0(49)
[2022-01-03T18:26:52.973+0530][gc,heap       ] GC(2) Survivor regions: 7->2(7)
[2022-01-03T18:26:52.973+0530][gc,heap       ] GC(2) Old regions: 0->7
[2022-01-03T18:26:52.973+0530][gc,heap       ] GC(2) Humongous regions: 0->0
[2022-01-03T18:26:52.973+0530][gc,metaspace  ] GC(2) Metaspace: 30698K->30698K(1077248K)
[2022-01-03T18:26:52.973+0530][gc            ] GC(2) Pause Young (Normal) (G1 Evacuation Pause) 50M->8M(1024M) 29.563ms
[2022-01-03T18:26:52.973+0530][gc,cpu        ] GC(2) User=0.05s Sys=0.00s Real=0.03s
[2022-01-03T18:26:55.383+0530][gc,start      ] GC(3) Pause Young (Concurrent Start) (Metadata GC Threshold)
[2022-01-03T18:26:55.383+0530][gc,task       ] GC(3) Using 4 workers of 4 for evacuation
[2022-01-03T18:26:55.387+0530][gc,phases     ] GC(3)   Pre Evacuate Collection Set: 0.0ms
[2022-01-03T18:26:55.387+0530][gc,phases     ] GC(3)   Evacuate Collection Set: 3.5ms
[2022-01-03T18:26:55.387+0530][gc,phases     ] GC(3)   Post Evacuate Collection Set: 0.3ms
[2022-01-03T18:26:55.388+0530][gc,phases     ] GC(3)   Other: 0.2ms
[2022-01-03T18:26:55.388+0530][gc,heap       ] GC(3) Eden regions: 30->0(47)
[2022-01-03T18:26:55.388+0530][gc,heap       ] GC(3) Survivor regions: 2->4(7)
[2022-01-03T18:26:55.388+0530][gc,heap       ] GC(3) Old regions: 7->7
[2022-01-03T18:26:55.388+0530][gc,heap       ] GC(3) Humongous regions: 129->129
[2022-01-03T18:26:55.388+0530][gc,metaspace  ] GC(3) Metaspace: 34974K->34974K(1081344K)
[2022-01-03T18:26:55.388+0530][gc            ] GC(3) Pause Young (Concurrent Start) (Metadata GC Threshold) 167M->138M(1024M) 4.196ms
[2022-01-03T18:26:55.388+0530][gc,cpu        ] GC(3) User=0.01s Sys=0.00s Real=0.00s
[2022-01-03T18:26:55.388+0530][gc            ] GC(4) Concurrent Cycle
[2022-01-03T18:26:55.388+0530][gc,marking    ] GC(4) Concurrent Clear Claimed Marks
[2022-01-03T18:26:55.388+0530][gc,marking    ] GC(4) Concurrent Clear Claimed Marks 0.039ms
[2022-01-03T18:26:55.388+0530][gc,marking    ] GC(4) Concurrent Scan Root Regions
[2022-01-03T18:26:55.391+0530][gc,marking    ] GC(4) Concurrent Scan Root Regions 2.778ms
[2022-01-03T18:26:55.391+0530][gc,marking    ] GC(4) Concurrent Mark (12.070s)
[2022-01-03T18:26:55.391+0530][gc,marking    ] GC(4) Concurrent Mark From Roots
[2022-01-03T18:26:55.391+0530][gc,task       ] GC(4) Using 1 workers of 1 for marking
[2022-01-03T18:26:55.400+0530][gc,marking    ] GC(4) Concurrent Mark From Roots 9.075ms
[2022-01-03T18:26:55.400+0530][gc,marking    ] GC(4) Concurrent Preclean
[2022-01-03T18:26:55.400+0530][gc,marking    ] GC(4) Concurrent Preclean 0.069ms
[2022-01-03T18:26:55.400+0530][gc,marking    ] GC(4) Concurrent Mark (12.070s, 12.079s) 9.212ms
[2022-01-03T18:26:55.400+0530][gc,start      ] GC(4) Pause Remark
[2022-01-03T18:26:55.404+0530][gc,stringtable] GC(4) Cleaned string and symbol table, strings: 10848 processed, 9 removed, symbols: 95340 processed, 24 removed
[2022-01-03T18:26:55.404+0530][gc            ] GC(4) Pause Remark 139M->139M(1024M) 4.218ms
[2022-01-03T18:26:55.404+0530][gc,cpu        ] GC(4) User=0.01s Sys=0.00s Real=0.00s
[2022-01-03T18:26:55.404+0530][gc,marking    ] GC(4) Concurrent Rebuild Remembered Sets
[2022-01-03T18:26:55.410+0530][gc,marking    ] GC(4) Concurrent Rebuild Remembered Sets 5.564ms
[2022-01-03T18:26:55.410+0530][gc,start      ] GC(4) Pause Cleanup
[2022-01-03T18:26:55.410+0530][gc            ] GC(4) Pause Cleanup 140M->140M(1024M) 0.118ms
[2022-01-03T18:26:55.410+0530][gc,cpu        ] GC(4) User=0.00s Sys=0.00s Real=0.00s
[2022-01-03T18:26:55.410+0530][gc,marking    ] GC(4) Concurrent Cleanup for Next Mark
[2022-01-03T18:26:55.419+0530][gc,marking    ] GC(4) Concurrent Cleanup for Next Mark 8.745ms
[2022-01-03T18:26:55.419+0530][gc            ] GC(4) Concurrent Cycle 31.231ms
[2022-01-03T18:27:00.683+0530][gc,heap,exit  ] Heap
[2022-01-03T18:27:00.683+0530][gc,heap,exit  ]  garbage-first heap   total 1048576K, used 182983K [0x00000007c0000000, 0x0000000800000000)
[2022-01-03T18:27:00.683+0530][gc,heap,exit  ]   region size 1024K, 45 young (46080K), 4 survivors (4096K)
[2022-01-03T18:27:00.683+0530][gc,heap,exit  ]  Metaspace       used 40753K, capacity 42102K, committed 42448K, reserved 1087488K
[2022-01-03T18:27:00.683+0530][gc,heap,exit  ]   class space    used 4711K, capacity 5344K, committed 5452K, reserved 1048576K
