[2022-01-03T09:39:31.961+0530][gc,heap] Heap region size: 1M
[2022-01-03T09:39:31.975+0530][gc     ] Using G1
[2022-01-03T09:39:31.975+0530][gc,heap,coops] Heap address: 0x00000007c0000000, size: 1024 MB, Compressed Oops mode: Zero based, Oop shift amount: 3
[2022-01-03T09:39:35.581+0530][gc,start     ] GC(0) Pause Young (Concurrent Start) (Metadata GC Threshold)
[2022-01-03T09:39:35.581+0530][gc,task      ] GC(0) Using 4 workers of 4 for evacuation
[2022-01-03T09:39:35.591+0530][gc,phases    ] GC(0)   Pre Evacuate Collection Set: 0.0ms
[2022-01-03T09:39:35.591+0530][gc,phases    ] GC(0)   Evacuate Collection Set: 9.7ms
[2022-01-03T09:39:35.591+0530][gc,phases    ] GC(0)   Post Evacuate Collection Set: 0.5ms
[2022-01-03T09:39:35.591+0530][gc,phases    ] GC(0)   Other: 0.5ms
[2022-01-03T09:39:35.591+0530][gc,heap      ] GC(0) Eden regions: 44->0(44)
[2022-01-03T09:39:35.591+0530][gc,heap      ] GC(0) Survivor regions: 0->7(7)
[2022-01-03T09:39:35.591+0530][gc,heap      ] GC(0) Old regions: 0->0
[2022-01-03T09:39:35.591+0530][gc,heap      ] GC(0) Humongous regions: 0->0
[2022-01-03T09:39:35.592+0530][gc,metaspace ] GC(0) Metaspace: 20803K->20803K(1069056K)
[2022-01-03T09:39:35.592+0530][gc           ] GC(0) Pause Young (Concurrent Start) (Metadata GC Threshold) 44M->6M(1024M) 10.907ms
[2022-01-03T09:39:35.592+0530][gc,cpu       ] GC(0) User=0.02s Sys=0.00s Real=0.01s
[2022-01-03T09:39:35.592+0530][gc           ] GC(1) Concurrent Cycle
[2022-01-03T09:39:35.592+0530][gc,marking   ] GC(1) Concurrent Clear Claimed Marks
[2022-01-03T09:39:35.592+0530][gc,marking   ] GC(1) Concurrent Clear Claimed Marks 0.030ms
[2022-01-03T09:39:35.592+0530][gc,marking   ] GC(1) Concurrent Scan Root Regions
[2022-01-03T09:39:35.595+0530][gc,marking   ] GC(1) Concurrent Scan Root Regions 3.799ms
[2022-01-03T09:39:35.596+0530][gc,marking   ] GC(1) Concurrent Mark (3.646s)
[2022-01-03T09:39:35.596+0530][gc,marking   ] GC(1) Concurrent Mark From Roots
[2022-01-03T09:39:35.596+0530][gc,task      ] GC(1) Using 1 workers of 1 for marking
[2022-01-03T09:39:35.596+0530][gc,marking   ] GC(1) Concurrent Mark From Roots 0.220ms
[2022-01-03T09:39:35.596+0530][gc,marking   ] GC(1) Concurrent Preclean
[2022-01-03T09:39:35.596+0530][gc,marking   ] GC(1) Concurrent Preclean 0.044ms
[2022-01-03T09:39:35.596+0530][gc,marking   ] GC(1) Concurrent Mark (3.646s, 3.646s) 0.411ms
[2022-01-03T09:39:35.596+0530][gc,start     ] GC(1) Pause Remark
[2022-01-03T09:39:35.598+0530][gc,stringtable] GC(1) Cleaned string and symbol table, strings: 7191 processed, 0 removed, symbols: 63686 processed, 30 removed
[2022-01-03T09:39:35.599+0530][gc            ] GC(1) Pause Remark 7M->7M(1024M) 2.606ms
[2022-01-03T09:39:35.599+0530][gc,cpu        ] GC(1) User=0.01s Sys=0.00s Real=0.00s
[2022-01-03T09:39:35.599+0530][gc,marking    ] GC(1) Concurrent Rebuild Remembered Sets
[2022-01-03T09:39:35.599+0530][gc,marking    ] GC(1) Concurrent Rebuild Remembered Sets 0.102ms
[2022-01-03T09:39:35.599+0530][gc,start      ] GC(1) Pause Cleanup
[2022-01-03T09:39:35.599+0530][gc            ] GC(1) Pause Cleanup 7M->7M(1024M) 0.100ms
[2022-01-03T09:39:35.599+0530][gc,cpu        ] GC(1) User=0.00s Sys=0.00s Real=0.00s
[2022-01-03T09:39:35.599+0530][gc,marking    ] GC(1) Concurrent Cleanup for Next Mark
[2022-01-03T09:39:35.612+0530][gc,marking    ] GC(1) Concurrent Cleanup for Next Mark 13.075ms
[2022-01-03T09:39:35.612+0530][gc            ] GC(1) Concurrent Cycle 20.882ms
[2022-01-03T09:39:37.739+0530][gc,start      ] GC(2) Pause Young (Normal) (G1 Evacuation Pause)
[2022-01-03T09:39:37.739+0530][gc,task       ] GC(2) Using 4 workers of 4 for evacuation
[2022-01-03T09:39:37.752+0530][gc,phases     ] GC(2)   Pre Evacuate Collection Set: 0.0ms
[2022-01-03T09:39:37.753+0530][gc,phases     ] GC(2)   Evacuate Collection Set: 12.5ms
[2022-01-03T09:39:37.753+0530][gc,phases     ] GC(2)   Post Evacuate Collection Set: 0.7ms
[2022-01-03T09:39:37.753+0530][gc,phases     ] GC(2)   Other: 0.2ms
[2022-01-03T09:39:37.753+0530][gc,heap       ] GC(2) Eden regions: 44->0(48)
[2022-01-03T09:39:37.753+0530][gc,heap       ] GC(2) Survivor regions: 7->3(7)
[2022-01-03T09:39:37.753+0530][gc,heap       ] GC(2) Old regions: 0->7
[2022-01-03T09:39:37.753+0530][gc,heap       ] GC(2) Humongous regions: 129->129
[2022-01-03T09:39:37.753+0530][gc,metaspace  ] GC(2) Metaspace: 30227K->30227K(1077248K)
[2022-01-03T09:39:37.753+0530][gc            ] GC(2) Pause Young (Normal) (G1 Evacuation Pause) 179M->137M(1024M) 13.734ms
[2022-01-03T09:39:37.753+0530][gc,cpu        ] GC(2) User=0.03s Sys=0.01s Real=0.02s
[2022-01-03T09:39:38.134+0530][gc,start      ] GC(3) Pause Young (Concurrent Start) (Metadata GC Threshold)
[2022-01-03T09:39:38.134+0530][gc,task       ] GC(3) Using 4 workers of 4 for evacuation
[2022-01-03T09:39:38.137+0530][gc,phases     ] GC(3)   Pre Evacuate Collection Set: 0.0ms
[2022-01-03T09:39:38.137+0530][gc,phases     ] GC(3)   Evacuate Collection Set: 2.7ms
[2022-01-03T09:39:38.137+0530][gc,phases     ] GC(3)   Post Evacuate Collection Set: 0.2ms
[2022-01-03T09:39:38.137+0530][gc,phases     ] GC(3)   Other: 0.2ms
[2022-01-03T09:39:38.137+0530][gc,heap       ] GC(3) Eden regions: 22->0(48)
[2022-01-03T09:39:38.137+0530][gc,heap       ] GC(3) Survivor regions: 3->3(7)
[2022-01-03T09:39:38.137+0530][gc,heap       ] GC(3) Old regions: 7->7
[2022-01-03T09:39:38.137+0530][gc,heap       ] GC(3) Humongous regions: 129->129
[2022-01-03T09:39:38.137+0530][gc,metaspace  ] GC(3) Metaspace: 34818K->34818K(1081344K)
[2022-01-03T09:39:38.137+0530][gc            ] GC(3) Pause Young (Concurrent Start) (Metadata GC Threshold) 159M->138M(1024M) 3.271ms
[2022-01-03T09:39:38.137+0530][gc,cpu        ] GC(3) User=0.01s Sys=0.00s Real=0.00s
[2022-01-03T09:39:38.138+0530][gc            ] GC(4) Concurrent Cycle
[2022-01-03T09:39:38.138+0530][gc,marking    ] GC(4) Concurrent Clear Claimed Marks
[2022-01-03T09:39:38.138+0530][gc,marking    ] GC(4) Concurrent Clear Claimed Marks 0.040ms
[2022-01-03T09:39:38.138+0530][gc,marking    ] GC(4) Concurrent Scan Root Regions
[2022-01-03T09:39:38.141+0530][gc,marking    ] GC(4) Concurrent Scan Root Regions 3.049ms
[2022-01-03T09:39:38.141+0530][gc,marking    ] GC(4) Concurrent Mark (6.191s)
[2022-01-03T09:39:38.141+0530][gc,marking    ] GC(4) Concurrent Mark From Roots
[2022-01-03T09:39:38.141+0530][gc,task       ] GC(4) Using 1 workers of 1 for marking
[2022-01-03T09:39:38.149+0530][gc,marking    ] GC(4) Concurrent Mark From Roots 8.528ms
[2022-01-03T09:39:38.149+0530][gc,marking    ] GC(4) Concurrent Preclean
[2022-01-03T09:39:38.149+0530][gc,marking    ] GC(4) Concurrent Preclean 0.085ms
[2022-01-03T09:39:38.149+0530][gc,marking    ] GC(4) Concurrent Mark (6.191s, 6.200s) 8.694ms
[2022-01-03T09:39:38.150+0530][gc,start      ] GC(4) Pause Remark
[2022-01-03T09:39:38.153+0530][gc,stringtable] GC(4) Cleaned string and symbol table, strings: 10859 processed, 8 removed, symbols: 96640 processed, 28 removed
[2022-01-03T09:39:38.153+0530][gc            ] GC(4) Pause Remark 139M->139M(1024M) 3.211ms
[2022-01-03T09:39:38.153+0530][gc,cpu        ] GC(4) User=0.01s Sys=0.00s Real=0.00s
[2022-01-03T09:39:38.153+0530][gc,marking    ] GC(4) Concurrent Rebuild Remembered Sets
[2022-01-03T09:39:38.159+0530][gc,marking    ] GC(4) Concurrent Rebuild Remembered Sets 6.498ms
[2022-01-03T09:39:38.160+0530][gc,start      ] GC(4) Pause Cleanup
[2022-01-03T09:39:38.160+0530][gc            ] GC(4) Pause Cleanup 139M->139M(1024M) 0.204ms
[2022-01-03T09:39:38.160+0530][gc,cpu        ] GC(4) User=0.00s Sys=0.00s Real=0.00s
[2022-01-03T09:39:38.160+0530][gc,marking    ] GC(4) Concurrent Cleanup for Next Mark
[2022-01-03T09:39:38.177+0530][gc,marking    ] GC(4) Concurrent Cleanup for Next Mark 17.140ms
[2022-01-03T09:39:38.177+0530][gc            ] GC(4) Concurrent Cycle 39.585ms
[2022-01-03T09:39:39.104+0530][gc,start      ] GC(5) Pause Young (Normal) (G1 Evacuation Pause)
[2022-01-03T09:39:39.104+0530][gc,task       ] GC(5) Using 4 workers of 4 for evacuation
[2022-01-03T09:39:39.117+0530][gc,phases     ] GC(5)   Pre Evacuate Collection Set: 0.0ms
[2022-01-03T09:39:39.117+0530][gc,phases     ] GC(5)   Evacuate Collection Set: 12.2ms
[2022-01-03T09:39:39.117+0530][gc,phases     ] GC(5)   Post Evacuate Collection Set: 0.8ms
[2022-01-03T09:39:39.117+0530][gc,phases     ] GC(5)   Other: 0.2ms
[2022-01-03T09:39:39.117+0530][gc,heap       ] GC(5) Eden regions: 48->0(44)
[2022-01-03T09:39:39.117+0530][gc,heap       ] GC(5) Survivor regions: 3->7(7)
[2022-01-03T09:39:39.117+0530][gc,heap       ] GC(5) Old regions: 7->7
[2022-01-03T09:39:39.117+0530][gc,heap       ] GC(5) Humongous regions: 129->129
[2022-01-03T09:39:39.117+0530][gc,metaspace  ] GC(5) Metaspace: 43106K->43106K(1089536K)
[2022-01-03T09:39:39.117+0530][gc            ] GC(5) Pause Young (Normal) (G1 Evacuation Pause) 186M->141M(1024M) 13.482ms
[2022-01-03T09:39:39.117+0530][gc,cpu        ] GC(5) User=0.04s Sys=0.00s Real=0.01s
[2022-01-03T10:01:23.380+0530][gc,start      ] GC(6) Pause Young (Normal) (G1 Evacuation Pause)
[2022-01-03T10:01:23.381+0530][gc,task       ] GC(6) Using 4 workers of 4 for evacuation
[2022-01-03T10:01:23.405+0530][gc,mmu        ] GC(6) MMU target violated: 21.0ms (20.0ms/21.0ms)
[2022-01-03T10:01:23.405+0530][gc,phases     ] GC(6)   Pre Evacuate Collection Set: 0.0ms
[2022-01-03T10:01:23.405+0530][gc,phases     ] GC(6)   Evacuate Collection Set: 23.2ms
[2022-01-03T10:01:23.405+0530][gc,phases     ] GC(6)   Post Evacuate Collection Set: 0.9ms
[2022-01-03T10:01:23.405+0530][gc,phases     ] GC(6)   Other: 0.9ms
[2022-01-03T10:01:23.405+0530][gc,heap       ] GC(6) Eden regions: 44->0(48)
[2022-01-03T10:01:23.405+0530][gc,heap       ] GC(6) Survivor regions: 7->3(7)
[2022-01-03T10:01:23.405+0530][gc,heap       ] GC(6) Old regions: 7->13
[2022-01-03T10:01:23.405+0530][gc,heap       ] GC(6) Humongous regions: 129->129
[2022-01-03T10:01:23.405+0530][gc,metaspace  ] GC(6) Metaspace: 48293K->48293K(1093632K)
[2022-01-03T10:01:23.405+0530][gc            ] GC(6) Pause Young (Normal) (G1 Evacuation Pause) 185M->144M(1024M) 25.233ms
[2022-01-03T10:01:23.405+0530][gc,cpu        ] GC(6) User=0.04s Sys=0.01s Real=0.02s
[2022-01-03T10:03:19.117+0530][gc,start      ] GC(7) Pause Young (Normal) (G1 Evacuation Pause)
[2022-01-03T10:03:19.134+0530][gc,task       ] GC(7) Using 4 workers of 4 for evacuation
[2022-01-03T10:03:19.149+0530][gc,phases     ] GC(7)   Pre Evacuate Collection Set: 0.8ms
[2022-01-03T10:03:19.149+0530][gc,phases     ] GC(7)   Evacuate Collection Set: 13.0ms
[2022-01-03T10:03:19.149+0530][gc,phases     ] GC(7)   Post Evacuate Collection Set: 0.6ms
[2022-01-03T10:03:19.149+0530][gc,phases     ] GC(7)   Other: 17.7ms
[2022-01-03T10:03:19.149+0530][gc,heap       ] GC(7) Eden regions: 48->0(47)
[2022-01-03T10:03:19.149+0530][gc,heap       ] GC(7) Survivor regions: 3->4(7)
[2022-01-03T10:03:19.149+0530][gc,heap       ] GC(7) Old regions: 13->13
[2022-01-03T10:03:19.149+0530][gc,heap       ] GC(7) Humongous regions: 129->129
[2022-01-03T10:03:19.149+0530][gc,metaspace  ] GC(7) Metaspace: 48690K->48690K(1093632K)
[2022-01-03T10:03:19.149+0530][gc            ] GC(7) Pause Young (Normal) (G1 Evacuation Pause) 192M->145M(1024M) 32.251ms
[2022-01-03T10:03:19.149+0530][gc,cpu        ] GC(7) User=0.03s Sys=0.02s Real=0.03s
[2022-01-03T10:04:15.958+0530][gc,start      ] GC(8) Pause Young (Normal) (G1 Evacuation Pause)
[2022-01-03T10:04:15.979+0530][gc,task       ] GC(8) Using 4 workers of 4 for evacuation
[2022-01-03T10:04:16.008+0530][gc,mmu        ] GC(8) MMU target violated: 21.0ms (20.0ms/21.0ms)
[2022-01-03T10:04:16.008+0530][gc,phases     ] GC(8)   Pre Evacuate Collection Set: 0.0ms
[2022-01-03T10:04:16.008+0530][gc,phases     ] GC(8)   Evacuate Collection Set: 26.2ms
[2022-01-03T10:04:16.008+0530][gc,phases     ] GC(8)   Post Evacuate Collection Set: 2.7ms
[2022-01-03T10:04:16.008+0530][gc,phases     ] GC(8)   Other: 21.4ms
[2022-01-03T10:04:16.008+0530][gc,heap       ] GC(8) Eden regions: 47->0(44)
[2022-01-03T10:04:16.009+0530][gc,heap       ] GC(8) Survivor regions: 4->7(7)
[2022-01-03T10:04:16.009+0530][gc,heap       ] GC(8) Old regions: 13->14
[2022-01-03T10:04:16.009+0530][gc,heap       ] GC(8) Humongous regions: 129->129
[2022-01-03T10:04:16.009+0530][gc,metaspace  ] GC(8) Metaspace: 50428K->50428K(1095680K)
[2022-01-03T10:04:16.009+0530][gc            ] GC(8) Pause Young (Normal) (G1 Evacuation Pause) 192M->149M(1024M) 50.807ms
[2022-01-03T10:04:16.009+0530][gc,cpu        ] GC(8) User=0.04s Sys=0.00s Real=0.05s
[2022-01-03T10:05:43.181+0530][gc,start      ] GC(9) Pause Young (Normal) (G1 Evacuation Pause)
[2022-01-03T10:05:43.183+0530][gc,task       ] GC(9) Using 4 workers of 4 for evacuation
[2022-01-03T10:05:43.196+0530][gc,phases     ] GC(9)   Pre Evacuate Collection Set: 0.0ms
[2022-01-03T10:05:43.196+0530][gc,phases     ] GC(9)   Evacuate Collection Set: 12.4ms
[2022-01-03T10:05:43.196+0530][gc,phases     ] GC(9)   Post Evacuate Collection Set: 0.4ms
[2022-01-03T10:05:43.196+0530][gc,phases     ] GC(9)   Other: 1.6ms
[2022-01-03T10:05:43.196+0530][gc,heap       ] GC(9) Eden regions: 44->0(48)
[2022-01-03T10:05:43.196+0530][gc,heap       ] GC(9) Survivor regions: 7->3(7)
[2022-01-03T10:05:43.196+0530][gc,heap       ] GC(9) Old regions: 14->17
[2022-01-03T10:05:43.196+0530][gc,heap       ] GC(9) Humongous regions: 129->129
[2022-01-03T10:05:43.196+0530][gc,metaspace  ] GC(9) Metaspace: 51033K->51033K(1095680K)
[2022-01-03T10:05:43.196+0530][gc            ] GC(9) Pause Young (Normal) (G1 Evacuation Pause) 193M->148M(1024M) 14.655ms
[2022-01-03T10:05:43.196+0530][gc,cpu        ] GC(9) User=0.03s Sys=0.00s Real=0.01s
[2022-01-03T10:07:31.106+0530][gc,start      ] GC(10) Pause Young (Normal) (G1 Evacuation Pause)
[2022-01-03T10:07:31.115+0530][gc,task       ] GC(10) Using 4 workers of 4 for evacuation
[2022-01-03T10:07:31.150+0530][gc,mmu        ] GC(10) MMU target violated: 21.0ms (20.0ms/21.0ms)
[2022-01-03T10:07:31.151+0530][gc,phases     ] GC(10)   Pre Evacuate Collection Set: 1.3ms
[2022-01-03T10:07:31.151+0530][gc,phases     ] GC(10)   Evacuate Collection Set: 32.9ms
[2022-01-03T10:07:31.151+0530][gc,phases     ] GC(10)   Post Evacuate Collection Set: 0.6ms
[2022-01-03T10:07:31.151+0530][gc,phases     ] GC(10)   Other: 9.8ms
[2022-01-03T10:07:31.151+0530][gc,heap       ] GC(10) Eden regions: 48->0(45)
[2022-01-03T10:07:31.151+0530][gc,heap       ] GC(10) Survivor regions: 3->6(7)
[2022-01-03T10:07:31.151+0530][gc,heap       ] GC(10) Old regions: 17->17
[2022-01-03T10:07:31.151+0530][gc,heap       ] GC(10) Humongous regions: 129->129
[2022-01-03T10:07:31.151+0530][gc,metaspace  ] GC(10) Metaspace: 51231K->51231K(1095680K)
[2022-01-03T10:07:31.151+0530][gc            ] GC(10) Pause Young (Normal) (G1 Evacuation Pause) 196M->150M(1024M) 45.135ms
[2022-01-03T10:07:31.151+0530][gc,cpu        ] GC(10) User=0.04s Sys=0.03s Real=0.05s
[2022-01-03T10:09:11.074+0530][gc,start      ] GC(11) Pause Young (Normal) (G1 Evacuation Pause)
[2022-01-03T10:09:11.082+0530][gc,task       ] GC(11) Using 4 workers of 4 for evacuation
[2022-01-03T10:09:11.098+0530][gc,phases     ] GC(11)   Pre Evacuate Collection Set: 0.0ms
[2022-01-03T10:09:11.098+0530][gc,phases     ] GC(11)   Evacuate Collection Set: 16.0ms
[2022-01-03T10:09:11.098+0530][gc,phases     ] GC(11)   Post Evacuate Collection Set: 0.3ms
[2022-01-03T10:09:11.099+0530][gc,phases     ] GC(11)   Other: 8.1ms
[2022-01-03T10:09:11.099+0530][gc,heap       ] GC(11) Eden regions: 45->0(48)
[2022-01-03T10:09:11.099+0530][gc,heap       ] GC(11) Survivor regions: 6->3(7)
[2022-01-03T10:09:11.099+0530][gc,heap       ] GC(11) Old regions: 17->20
[2022-01-03T10:09:11.099+0530][gc,heap       ] GC(11) Humongous regions: 129->129
[2022-01-03T10:09:11.099+0530][gc,metaspace  ] GC(11) Metaspace: 51365K->51365K(1095680K)
[2022-01-03T10:09:11.099+0530][gc            ] GC(11) Pause Young (Normal) (G1 Evacuation Pause) 195M->151M(1024M) 24.863ms
[2022-01-03T10:09:11.099+0530][gc,cpu        ] GC(11) User=0.03s Sys=0.01s Real=0.02s
[2022-01-03T10:11:01.152+0530][gc,start      ] GC(12) Pause Young (Normal) (G1 Evacuation Pause)
[2022-01-03T10:11:01.170+0530][gc,task       ] GC(12) Using 4 workers of 4 for evacuation
[2022-01-03T10:11:01.187+0530][gc,phases     ] GC(12)   Pre Evacuate Collection Set: 0.0ms
[2022-01-03T10:11:01.187+0530][gc,phases     ] GC(12)   Evacuate Collection Set: 15.3ms
[2022-01-03T10:11:01.187+0530][gc,phases     ] GC(12)   Post Evacuate Collection Set: 0.4ms
[2022-01-03T10:11:01.187+0530][gc,phases     ] GC(12)   Other: 18.5ms
[2022-01-03T10:11:01.187+0530][gc,heap       ] GC(12) Eden regions: 48->0(47)
[2022-01-03T10:11:01.187+0530][gc,heap       ] GC(12) Survivor regions: 3->4(7)
[2022-01-03T10:11:01.187+0530][gc,heap       ] GC(12) Old regions: 20->20
[2022-01-03T10:11:01.187+0530][gc,heap       ] GC(12) Humongous regions: 129->129
[2022-01-03T10:11:01.187+0530][gc,metaspace  ] GC(12) Metaspace: 51479K->51479K(1095680K)
[2022-01-03T10:11:01.187+0530][gc            ] GC(12) Pause Young (Normal) (G1 Evacuation Pause) 199M->152M(1024M) 34.421ms
[2022-01-03T10:11:01.187+0530][gc,cpu        ] GC(12) User=0.03s Sys=0.00s Real=0.03s
[2022-01-03T10:12:46.168+0530][gc,start      ] GC(13) Pause Young (Normal) (G1 Evacuation Pause)
[2022-01-03T10:12:46.169+0530][gc,task       ] GC(13) Using 4 workers of 4 for evacuation
[2022-01-03T10:12:46.183+0530][gc,phases     ] GC(13)   Pre Evacuate Collection Set: 0.0ms
[2022-01-03T10:12:46.183+0530][gc,phases     ] GC(13)   Evacuate Collection Set: 12.8ms
[2022-01-03T10:12:46.183+0530][gc,phases     ] GC(13)   Post Evacuate Collection Set: 0.9ms
[2022-01-03T10:12:46.183+0530][gc,phases     ] GC(13)   Other: 0.6ms
[2022-01-03T10:12:46.183+0530][gc,heap       ] GC(13) Eden regions: 47->0(46)
[2022-01-03T10:12:46.183+0530][gc,heap       ] GC(13) Survivor regions: 4->5(7)
[2022-01-03T10:12:46.183+0530][gc,heap       ] GC(13) Old regions: 20->22
[2022-01-03T10:12:46.183+0530][gc,heap       ] GC(13) Humongous regions: 129->129
[2022-01-03T10:12:46.183+0530][gc,metaspace  ] GC(13) Metaspace: 51532K->51532K(1095680K)
[2022-01-03T10:12:46.183+0530][gc            ] GC(13) Pause Young (Normal) (G1 Evacuation Pause) 199M->154M(1024M) 14.634ms
[2022-01-03T10:12:46.183+0530][gc,cpu        ] GC(13) User=0.04s Sys=0.00s Real=0.02s
[2022-01-03T10:14:28.799+0530][gc,start      ] GC(14) Pause Young (Normal) (G1 Evacuation Pause)
[2022-01-03T10:14:28.806+0530][gc,task       ] GC(14) Using 4 workers of 4 for evacuation
[2022-01-03T10:14:28.818+0530][gc,phases     ] GC(14)   Pre Evacuate Collection Set: 0.0ms
[2022-01-03T10:14:28.818+0530][gc,phases     ] GC(14)   Evacuate Collection Set: 10.7ms
[2022-01-03T10:14:28.818+0530][gc,phases     ] GC(14)   Post Evacuate Collection Set: 0.3ms
[2022-01-03T10:14:28.818+0530][gc,phases     ] GC(14)   Other: 7.8ms
[2022-01-03T10:14:28.818+0530][gc,heap       ] GC(14) Eden regions: 46->0(46)
[2022-01-03T10:14:28.818+0530][gc,heap       ] GC(14) Survivor regions: 5->5(7)
[2022-01-03T10:14:28.818+0530][gc,heap       ] GC(14) Old regions: 22->24
[2022-01-03T10:14:28.818+0530][gc,heap       ] GC(14) Humongous regions: 129->129
[2022-01-03T10:14:28.818+0530][gc,metaspace  ] GC(14) Metaspace: 51663K->51663K(1095680K)
[2022-01-03T10:14:28.818+0530][gc            ] GC(14) Pause Young (Normal) (G1 Evacuation Pause) 200M->157M(1024M) 18.967ms
[2022-01-03T10:14:28.818+0530][gc,cpu        ] GC(14) User=0.03s Sys=0.00s Real=0.02s
[2022-01-03T10:16:15.061+0530][gc,start      ] GC(15) Pause Young (Normal) (G1 Evacuation Pause)
[2022-01-03T10:16:15.062+0530][gc,task       ] GC(15) Using 4 workers of 4 for evacuation
[2022-01-03T10:16:15.077+0530][gc,phases     ] GC(15)   Pre Evacuate Collection Set: 0.1ms
[2022-01-03T10:16:15.078+0530][gc,phases     ] GC(15)   Evacuate Collection Set: 14.6ms
[2022-01-03T10:16:15.078+0530][gc,phases     ] GC(15)   Post Evacuate Collection Set: 0.2ms
[2022-01-03T10:16:15.078+0530][gc,phases     ] GC(15)   Other: 1.5ms
[2022-01-03T10:16:15.078+0530][gc,heap       ] GC(15) Eden regions: 46->0(46)
[2022-01-03T10:16:15.078+0530][gc,heap       ] GC(15) Survivor regions: 5->5(7)
[2022-01-03T10:16:15.078+0530][gc,heap       ] GC(15) Old regions: 24->26
[2022-01-03T10:16:15.078+0530][gc,heap       ] GC(15) Humongous regions: 129->129
[2022-01-03T10:16:15.078+0530][gc,metaspace  ] GC(15) Metaspace: 51823K->51823K(1095680K)
[2022-01-03T10:16:15.078+0530][gc            ] GC(15) Pause Young (Normal) (G1 Evacuation Pause) 203M->159M(1024M) 16.548ms
[2022-01-03T10:16:15.078+0530][gc,cpu        ] GC(15) User=0.04s Sys=0.01s Real=0.01s
[2022-01-03T10:18:07.350+0530][gc,start      ] GC(16) Pause Young (Normal) (G1 Evacuation Pause)
[2022-01-03T10:18:07.352+0530][gc,task       ] GC(16) Using 4 workers of 4 for evacuation
[2022-01-03T10:18:07.364+0530][gc,phases     ] GC(16)   Pre Evacuate Collection Set: 0.0ms
[2022-01-03T10:18:07.364+0530][gc,phases     ] GC(16)   Evacuate Collection Set: 12.0ms
[2022-01-03T10:18:07.364+0530][gc,phases     ] GC(16)   Post Evacuate Collection Set: 0.4ms
[2022-01-03T10:18:07.364+0530][gc,phases     ] GC(16)   Other: 1.5ms
[2022-01-03T10:18:07.364+0530][gc,heap       ] GC(16) Eden regions: 46->0(46)
[2022-01-03T10:18:07.364+0530][gc,heap       ] GC(16) Survivor regions: 5->6(7)
[2022-01-03T10:18:07.364+0530][gc,heap       ] GC(16) Old regions: 26->28
[2022-01-03T10:18:07.364+0530][gc,heap       ] GC(16) Humongous regions: 129->129
[2022-01-03T10:18:07.365+0530][gc,metaspace  ] GC(16) Metaspace: 51843K->51843K(1095680K)
[2022-01-03T10:18:07.365+0530][gc            ] GC(16) Pause Young (Normal) (G1 Evacuation Pause) 205M->161M(1024M) 14.193ms
[2022-01-03T10:18:07.365+0530][gc,cpu        ] GC(16) User=0.04s Sys=0.01s Real=0.01s
[2022-01-03T10:19:58.466+0530][gc,start      ] GC(17) Pause Young (Normal) (G1 Evacuation Pause)
[2022-01-03T10:19:58.483+0530][gc,task       ] GC(17) Using 4 workers of 4 for evacuation
[2022-01-03T10:19:58.528+0530][gc,mmu        ] GC(17) MMU target violated: 21.0ms (20.0ms/21.0ms)
[2022-01-03T10:19:58.528+0530][gc,phases     ] GC(17)   Pre Evacuate Collection Set: 0.0ms
[2022-01-03T10:19:58.528+0530][gc,phases     ] GC(17)   Evacuate Collection Set: 42.4ms
[2022-01-03T10:19:58.528+0530][gc,phases     ] GC(17)   Post Evacuate Collection Set: 2.1ms
[2022-01-03T10:19:58.528+0530][gc,phases     ] GC(17)   Other: 17.8ms
[2022-01-03T10:19:58.528+0530][gc,heap       ] GC(17) Eden regions: 46->0(45)
[2022-01-03T10:19:58.528+0530][gc,heap       ] GC(17) Survivor regions: 6->6(7)
[2022-01-03T10:19:58.529+0530][gc,heap       ] GC(17) Old regions: 28->29
[2022-01-03T10:19:58.529+0530][gc,heap       ] GC(17) Humongous regions: 129->129
[2022-01-03T10:19:58.529+0530][gc,metaspace  ] GC(17) Metaspace: 51884K->51884K(1095680K)
[2022-01-03T10:19:58.529+0530][gc            ] GC(17) Pause Young (Normal) (G1 Evacuation Pause) 207M->163M(1024M) 63.079ms
[2022-01-03T10:19:58.529+0530][gc,cpu        ] GC(17) User=0.04s Sys=0.01s Real=0.06s
[2022-01-03T10:21:45.917+0530][gc,start      ] GC(18) Pause Young (Normal) (G1 Evacuation Pause)
[2022-01-03T10:21:45.917+0530][gc,task       ] GC(18) Using 4 workers of 4 for evacuation
[2022-01-03T10:21:45.954+0530][gc,mmu        ] GC(18) MMU target violated: 21.0ms (20.0ms/21.0ms)
[2022-01-03T10:21:45.954+0530][gc,phases     ] GC(18)   Pre Evacuate Collection Set: 1.1ms
[2022-01-03T10:21:45.954+0530][gc,phases     ] GC(18)   Evacuate Collection Set: 34.9ms
[2022-01-03T10:21:45.954+0530][gc,phases     ] GC(18)   Post Evacuate Collection Set: 0.6ms
[2022-01-03T10:21:45.954+0530][gc,phases     ] GC(18)   Other: 0.9ms
[2022-01-03T10:21:45.954+0530][gc,heap       ] GC(18) Eden regions: 45->0(46)
[2022-01-03T10:21:45.954+0530][gc,heap       ] GC(18) Survivor regions: 6->5(7)
[2022-01-03T10:21:45.954+0530][gc,heap       ] GC(18) Old regions: 29->33
[2022-01-03T10:21:45.954+0530][gc,heap       ] GC(18) Humongous regions: 129->129
[2022-01-03T10:21:45.954+0530][gc,metaspace  ] GC(18) Metaspace: 51905K->51905K(1095680K)
[2022-01-03T10:21:45.954+0530][gc            ] GC(18) Pause Young (Normal) (G1 Evacuation Pause) 208M->165M(1024M) 37.521ms
[2022-01-03T10:21:45.954+0530][gc,cpu        ] GC(18) User=0.04s Sys=0.02s Real=0.04s
[2022-01-03T10:23:38.085+0530][gc,start      ] GC(19) Pause Young (Normal) (G1 Evacuation Pause)
[2022-01-03T10:23:38.109+0530][gc,task       ] GC(19) Using 4 workers of 4 for evacuation
[2022-01-03T10:23:38.135+0530][gc,mmu        ] GC(19) MMU target violated: 21.0ms (20.0ms/21.0ms)
[2022-01-03T10:23:38.136+0530][gc,phases     ] GC(19)   Pre Evacuate Collection Set: 0.1ms
[2022-01-03T10:23:38.136+0530][gc,phases     ] GC(19)   Evacuate Collection Set: 24.8ms
[2022-01-03T10:23:38.136+0530][gc,phases     ] GC(19)   Post Evacuate Collection Set: 1.0ms
[2022-01-03T10:23:38.136+0530][gc,phases     ] GC(19)   Other: 25.2ms
[2022-01-03T10:23:38.136+0530][gc,heap       ] GC(19) Eden regions: 46->0(46)
[2022-01-03T10:23:38.136+0530][gc,heap       ] GC(19) Survivor regions: 5->5(7)
[2022-01-03T10:23:38.136+0530][gc,heap       ] GC(19) Old regions: 33->35
[2022-01-03T10:23:38.136+0530][gc,heap       ] GC(19) Humongous regions: 129->129
[2022-01-03T10:23:38.136+0530][gc,metaspace  ] GC(19) Metaspace: 51924K->51924K(1095680K)
[2022-01-03T10:23:38.136+0530][gc            ] GC(19) Pause Young (Normal) (G1 Evacuation Pause) 211M->167M(1024M) 51.390ms
[2022-01-03T10:23:38.136+0530][gc,cpu        ] GC(19) User=0.03s Sys=0.02s Real=0.05s
[2022-01-03T10:25:20.661+0530][gc,start      ] GC(20) Pause Young (Normal) (G1 Evacuation Pause)
[2022-01-03T10:25:20.662+0530][gc,task       ] GC(20) Using 4 workers of 4 for evacuation
[2022-01-03T10:25:20.685+0530][gc,mmu        ] GC(20) MMU target violated: 21.0ms (20.0ms/21.0ms)
[2022-01-03T10:25:20.686+0530][gc,phases     ] GC(20)   Pre Evacuate Collection Set: 0.8ms
[2022-01-03T10:25:20.686+0530][gc,phases     ] GC(20)   Evacuate Collection Set: 21.7ms
[2022-01-03T10:25:20.686+0530][gc,phases     ] GC(20)   Post Evacuate Collection Set: 0.6ms
[2022-01-03T10:25:20.686+0530][gc,phases     ] GC(20)   Other: 1.6ms
[2022-01-03T10:25:20.686+0530][gc,heap       ] GC(20) Eden regions: 46->0(46)
[2022-01-03T10:25:20.686+0530][gc,heap       ] GC(20) Survivor regions: 5->5(7)
[2022-01-03T10:25:20.686+0530][gc,heap       ] GC(20) Old regions: 35->37
[2022-01-03T10:25:20.686+0530][gc,heap       ] GC(20) Humongous regions: 129->129
[2022-01-03T10:25:20.686+0530][gc,metaspace  ] GC(20) Metaspace: 52078K->52078K(1097728K)
[2022-01-03T10:25:20.686+0530][gc            ] GC(20) Pause Young (Normal) (G1 Evacuation Pause) 213M->169M(1024M) 24.780ms
[2022-01-03T10:25:20.686+0530][gc,cpu        ] GC(20) User=0.04s Sys=0.03s Real=0.02s
[2022-01-03T10:26:43.876+0530][gc,start      ] GC(21) Pause Young (Normal) (G1 Evacuation Pause)
[2022-01-03T10:26:43.889+0530][gc,task       ] GC(21) Using 4 workers of 4 for evacuation
[2022-01-03T10:26:43.896+0530][gc,phases     ] GC(21)   Pre Evacuate Collection Set: 0.0ms
[2022-01-03T10:26:43.896+0530][gc,phases     ] GC(21)   Evacuate Collection Set: 7.2ms
[2022-01-03T10:26:43.896+0530][gc,phases     ] GC(21)   Post Evacuate Collection Set: 0.3ms
[2022-01-03T10:26:43.896+0530][gc,phases     ] GC(21)   Other: 13.1ms
[2022-01-03T10:26:43.896+0530][gc,heap       ] GC(21) Eden regions: 46->0(50)
[2022-01-03T10:26:43.896+0530][gc,heap       ] GC(21) Survivor regions: 5->3(7)
[2022-01-03T10:26:43.896+0530][gc,heap       ] GC(21) Old regions: 37->38
[2022-01-03T10:26:43.896+0530][gc,heap       ] GC(21) Humongous regions: 129->129
[2022-01-03T10:26:43.896+0530][gc,metaspace  ] GC(21) Metaspace: 52108K->52108K(1097728K)
[2022-01-03T10:26:43.896+0530][gc            ] GC(21) Pause Young (Normal) (G1 Evacuation Pause) 215M->169M(1024M) 20.741ms
[2022-01-03T10:26:43.896+0530][gc,cpu        ] GC(21) User=0.02s Sys=0.00s Real=0.02s
[2022-01-03T10:28:11.303+0530][gc,start      ] GC(22) Pause Young (Normal) (G1 Evacuation Pause)
[2022-01-03T10:28:11.303+0530][gc,task       ] GC(22) Using 4 workers of 4 for evacuation
[2022-01-03T10:28:11.316+0530][gc,phases     ] GC(22)   Pre Evacuate Collection Set: 0.0ms
[2022-01-03T10:28:11.316+0530][gc,phases     ] GC(22)   Evacuate Collection Set: 12.4ms
[2022-01-03T10:28:11.316+0530][gc,phases     ] GC(22)   Post Evacuate Collection Set: 0.4ms
[2022-01-03T10:28:11.316+0530][gc,phases     ] GC(22)   Other: 0.4ms
[2022-01-03T10:28:11.316+0530][gc,heap       ] GC(22) Eden regions: 48->0(50)
[2022-01-03T10:28:11.316+0530][gc,heap       ] GC(22) Survivor regions: 3->5(7)
[2022-01-03T10:28:11.316+0530][gc,heap       ] GC(22) Old regions: 38->38
[2022-01-03T10:28:11.317+0530][gc,heap       ] GC(22) Humongous regions: 129->129
[2022-01-03T10:28:11.317+0530][gc,metaspace  ] GC(22) Metaspace: 52156K->52156K(1097728K)
[2022-01-03T10:28:11.317+0530][gc            ] GC(22) Pause Young (Normal) (G1 Evacuation Pause) 217M->171M(1024M) 13.561ms
[2022-01-03T10:28:11.317+0530][gc,cpu        ] GC(22) User=0.02s Sys=0.00s Real=0.01s
[2022-01-03T10:30:05.071+0530][gc,start      ] GC(23) Pause Young (Normal) (G1 Evacuation Pause)
[2022-01-03T10:30:05.074+0530][gc,task       ] GC(23) Using 4 workers of 4 for evacuation
[2022-01-03T10:30:05.086+0530][gc,phases     ] GC(23)   Pre Evacuate Collection Set: 0.0ms
[2022-01-03T10:30:05.086+0530][gc,phases     ] GC(23)   Evacuate Collection Set: 12.1ms
[2022-01-03T10:30:05.086+0530][gc,phases     ] GC(23)   Post Evacuate Collection Set: 0.3ms
[2022-01-03T10:30:05.086+0530][gc,phases     ] GC(23)   Other: 3.4ms
[2022-01-03T10:30:05.086+0530][gc,heap       ] GC(23) Eden regions: 50->0(52)
[2022-01-03T10:30:05.086+0530][gc,heap       ] GC(23) Survivor regions: 5->6(7)
[2022-01-03T10:30:05.086+0530][gc,heap       ] GC(23) Old regions: 38->40
[2022-01-03T10:30:05.086+0530][gc,heap       ] GC(23) Humongous regions: 129->129
[2022-01-03T10:30:05.086+0530][gc,metaspace  ] GC(23) Metaspace: 52171K->52171K(1097728K)
[2022-01-03T10:30:05.086+0530][gc            ] GC(23) Pause Young (Normal) (G1 Evacuation Pause) 221M->174M(1024M) 15.859ms
[2022-01-03T10:30:05.086+0530][gc,cpu        ] GC(23) User=0.04s Sys=0.00s Real=0.01s
[2022-01-03T10:32:10.849+0530][gc,start      ] GC(24) Pause Young (Normal) (G1 Evacuation Pause)
[2022-01-03T10:32:10.864+0530][gc,task       ] GC(24) Using 4 workers of 4 for evacuation
[2022-01-03T10:32:10.885+0530][gc,mmu        ] GC(24) MMU target violated: 21.0ms (20.0ms/21.0ms)
[2022-01-03T10:32:10.885+0530][gc,phases     ] GC(24)   Pre Evacuate Collection Set: 0.0ms
[2022-01-03T10:32:10.885+0530][gc,phases     ] GC(24)   Evacuate Collection Set: 20.5ms
[2022-01-03T10:32:10.885+0530][gc,phases     ] GC(24)   Post Evacuate Collection Set: 0.4ms
[2022-01-03T10:32:10.885+0530][gc,phases     ] GC(24)   Other: 15.2ms
[2022-01-03T10:32:10.885+0530][gc,heap       ] GC(24) Eden regions: 52->0(51)
[2022-01-03T10:32:10.885+0530][gc,heap       ] GC(24) Survivor regions: 6->7(8)
[2022-01-03T10:32:10.885+0530][gc,heap       ] GC(24) Old regions: 40->41
[2022-01-03T10:32:10.885+0530][gc,heap       ] GC(24) Humongous regions: 129->129
[2022-01-03T10:32:10.885+0530][gc,metaspace  ] GC(24) Metaspace: 52173K->52173K(1097728K)
[2022-01-03T10:32:10.885+0530][gc            ] GC(24) Pause Young (Normal) (G1 Evacuation Pause) 226M->176M(1024M) 36.239ms
[2022-01-03T10:32:10.885+0530][gc,cpu        ] GC(24) User=0.05s Sys=0.01s Real=0.04s
[2022-01-03T10:34:14.797+0530][gc,start      ] GC(25) Pause Young (Normal) (G1 Evacuation Pause)
[2022-01-03T10:34:14.798+0530][gc,task       ] GC(25) Using 4 workers of 4 for evacuation
[2022-01-03T10:34:14.812+0530][gc,phases     ] GC(25)   Pre Evacuate Collection Set: 0.0ms
[2022-01-03T10:34:14.812+0530][gc,phases     ] GC(25)   Evacuate Collection Set: 13.7ms
[2022-01-03T10:34:14.812+0530][gc,phases     ] GC(25)   Post Evacuate Collection Set: 0.5ms
[2022-01-03T10:34:14.812+0530][gc,phases     ] GC(25)   Other: 0.6ms
[2022-01-03T10:34:14.812+0530][gc,heap       ] GC(25) Eden regions: 51->0(55)
[2022-01-03T10:34:14.812+0530][gc,heap       ] GC(25) Survivor regions: 7->3(8)
[2022-01-03T10:34:14.812+0530][gc,heap       ] GC(25) Old regions: 41->45
[2022-01-03T10:34:14.812+0530][gc,heap       ] GC(25) Humongous regions: 129->129
[2022-01-03T10:34:14.812+0530][gc,metaspace  ] GC(25) Metaspace: 52179K->52179K(1097728K)
[2022-01-03T10:34:14.812+0530][gc            ] GC(25) Pause Young (Normal) (G1 Evacuation Pause) 227M->175M(1024M) 15.042ms
[2022-01-03T10:34:14.812+0530][gc,cpu        ] GC(25) User=0.04s Sys=0.00s Real=0.02s
[2022-01-03T10:36:48.368+0530][gc,start      ] GC(26) Pause Young (Normal) (G1 Evacuation Pause)
[2022-01-03T10:36:48.382+0530][gc,task       ] GC(26) Using 4 workers of 4 for evacuation
[2022-01-03T10:36:48.414+0530][gc,mmu        ] GC(26) MMU target violated: 21.0ms (20.0ms/21.0ms)
[2022-01-03T10:36:48.414+0530][gc,phases     ] GC(26)   Pre Evacuate Collection Set: 1.0ms
[2022-01-03T10:36:48.414+0530][gc,phases     ] GC(26)   Evacuate Collection Set: 29.4ms
[2022-01-03T10:36:48.414+0530][gc,phases     ] GC(26)   Post Evacuate Collection Set: 1.4ms
[2022-01-03T10:36:48.414+0530][gc,phases     ] GC(26)   Other: 14.8ms
[2022-01-03T10:36:48.414+0530][gc,heap       ] GC(26) Eden regions: 55->0(54)
[2022-01-03T10:36:48.414+0530][gc,heap       ] GC(26) Survivor regions: 3->6(8)
[2022-01-03T10:36:48.414+0530][gc,heap       ] GC(26) Old regions: 45->45
[2022-01-03T10:36:48.414+0530][gc,heap       ] GC(26) Humongous regions: 129->129
[2022-01-03T10:36:48.414+0530][gc,metaspace  ] GC(26) Metaspace: 52217K->52217K(1097728K)
[2022-01-03T10:36:48.414+0530][gc            ] GC(26) Pause Young (Normal) (G1 Evacuation Pause) 230M->178M(1024M) 46.628ms
[2022-01-03T10:36:48.414+0530][gc,cpu        ] GC(26) User=0.03s Sys=0.02s Real=0.05s
[2022-01-03T10:38:59.740+0530][gc,start      ] GC(27) Pause Young (Normal) (G1 Evacuation Pause)
[2022-01-03T10:38:59.742+0530][gc,task       ] GC(27) Using 4 workers of 4 for evacuation
[2022-01-03T10:38:59.759+0530][gc,phases     ] GC(27)   Pre Evacuate Collection Set: 0.0ms
[2022-01-03T10:38:59.759+0530][gc,phases     ] GC(27)   Evacuate Collection Set: 16.3ms
[2022-01-03T10:38:59.759+0530][gc,phases     ] GC(27)   Post Evacuate Collection Set: 0.3ms
[2022-01-03T10:38:59.759+0530][gc,phases     ] GC(27)   Other: 1.5ms
[2022-01-03T10:38:59.759+0530][gc,heap       ] GC(27) Eden regions: 54->0(54)
[2022-01-03T10:38:59.759+0530][gc,heap       ] GC(27) Survivor regions: 6->7(8)
[2022-01-03T10:38:59.759+0530][gc,heap       ] GC(27) Old regions: 45->47
[2022-01-03T10:38:59.759+0530][gc,heap       ] GC(27) Humongous regions: 129->129
[2022-01-03T10:38:59.759+0530][gc,metaspace  ] GC(27) Metaspace: 52224K->52224K(1097728K)
[2022-01-03T10:38:59.759+0530][gc            ] GC(27) Pause Young (Normal) (G1 Evacuation Pause) 232M->181M(1024M) 18.468ms
[2022-01-03T10:38:59.759+0530][gc,cpu        ] GC(27) User=0.05s Sys=0.00s Real=0.01s
[2022-01-03T10:41:05.240+0530][gc,start      ] GC(28) Pause Young (Normal) (G1 Evacuation Pause)
[2022-01-03T10:41:05.270+0530][gc,task       ] GC(28) Using 4 workers of 4 for evacuation
[2022-01-03T10:41:05.286+0530][gc,phases     ] GC(28)   Pre Evacuate Collection Set: 0.0ms
[2022-01-03T10:41:05.286+0530][gc,phases     ] GC(28)   Evacuate Collection Set: 15.8ms
[2022-01-03T10:41:05.286+0530][gc,phases     ] GC(28)   Post Evacuate Collection Set: 0.3ms
[2022-01-03T10:41:05.286+0530][gc,phases     ] GC(28)   Other: 29.9ms
[2022-01-03T10:41:05.286+0530][gc,heap       ] GC(28) Eden regions: 54->0(54)
[2022-01-03T10:41:05.286+0530][gc,heap       ] GC(28) Survivor regions: 7->6(8)
[2022-01-03T10:41:05.286+0530][gc,heap       ] GC(28) Old regions: 47->51
[2022-01-03T10:41:05.286+0530][gc,heap       ] GC(28) Humongous regions: 129->129
[2022-01-03T10:41:05.287+0530][gc,metaspace  ] GC(28) Metaspace: 52258K->52258K(1097728K)
[2022-01-03T10:41:05.287+0530][gc            ] GC(28) Pause Young (Normal) (G1 Evacuation Pause) 235M->184M(1024M) 46.161ms
[2022-01-03T10:41:05.287+0530][gc,cpu        ] GC(28) User=0.05s Sys=0.01s Real=0.04s
[2022-01-03T10:43:14.651+0530][gc,start      ] GC(29) Pause Young (Normal) (G1 Evacuation Pause)
[2022-01-03T10:43:14.661+0530][gc,task       ] GC(29) Using 4 workers of 4 for evacuation
[2022-01-03T10:43:14.667+0530][gc,phases     ] GC(29)   Pre Evacuate Collection Set: 0.0ms
[2022-01-03T10:43:14.667+0530][gc,phases     ] GC(29)   Evacuate Collection Set: 5.5ms
[2022-01-03T10:43:14.667+0530][gc,phases     ] GC(29)   Post Evacuate Collection Set: 0.2ms
[2022-01-03T10:43:14.667+0530][gc,phases     ] GC(29)   Other: 10.5ms
[2022-01-03T10:43:14.667+0530][gc,heap       ] GC(29) Eden regions: 54->0(70)
[2022-01-03T10:43:14.667+0530][gc,heap       ] GC(29) Survivor regions: 6->2(8)
[2022-01-03T10:43:14.667+0530][gc,heap       ] GC(29) Old regions: 51->52
[2022-01-03T10:43:14.667+0530][gc,heap       ] GC(29) Humongous regions: 129->129
[2022-01-03T10:43:14.667+0530][gc,metaspace  ] GC(29) Metaspace: 52262K->52262K(1097728K)
[2022-01-03T10:43:14.667+0530][gc            ] GC(29) Pause Young (Normal) (G1 Evacuation Pause) 238M->182M(1024M) 16.360ms
[2022-01-03T10:43:14.667+0530][gc,cpu        ] GC(29) User=0.02s Sys=0.00s Real=0.01s
[2022-01-03T10:46:23.944+0530][gc,start      ] GC(30) Pause Young (Normal) (G1 Evacuation Pause)
[2022-01-03T10:46:23.945+0530][gc,task       ] GC(30) Using 4 workers of 4 for evacuation
[2022-01-03T10:46:23.957+0530][gc,phases     ] GC(30)   Pre Evacuate Collection Set: 0.0ms
[2022-01-03T10:46:23.957+0530][gc,phases     ] GC(30)   Evacuate Collection Set: 11.4ms
[2022-01-03T10:46:23.957+0530][gc,phases     ] GC(30)   Post Evacuate Collection Set: 0.2ms
[2022-01-03T10:46:23.957+0530][gc,phases     ] GC(30)   Other: 1.4ms
[2022-01-03T10:46:23.957+0530][gc,heap       ] GC(30) Eden regions: 70->0(72)
[2022-01-03T10:46:23.957+0530][gc,heap       ] GC(30) Survivor regions: 2->7(9)
[2022-01-03T10:46:23.957+0530][gc,heap       ] GC(30) Old regions: 52->52
[2022-01-03T10:46:23.957+0530][gc,heap       ] GC(30) Humongous regions: 129->129
[2022-01-03T10:46:23.957+0530][gc,metaspace  ] GC(30) Metaspace: 52285K->52285K(1097728K)
[2022-01-03T10:46:23.957+0530][gc            ] GC(30) Pause Young (Normal) (G1 Evacuation Pause) 252M->187M(1024M) 13.165ms
[2022-01-03T10:46:23.957+0530][gc,cpu        ] GC(30) User=0.03s Sys=0.00s Real=0.01s
[2022-01-03T10:49:19.283+0530][gc,start      ] GC(31) Pause Young (Normal) (G1 Evacuation Pause)
[2022-01-03T10:49:19.289+0530][gc,task       ] GC(31) Using 4 workers of 4 for evacuation
[2022-01-03T10:49:19.303+0530][gc,phases     ] GC(31)   Pre Evacuate Collection Set: 0.0ms
[2022-01-03T10:49:19.303+0530][gc,phases     ] GC(31)   Evacuate Collection Set: 13.0ms
[2022-01-03T10:49:19.303+0530][gc,phases     ] GC(31)   Post Evacuate Collection Set: 0.3ms
[2022-01-03T10:49:19.303+0530][gc,phases     ] GC(31)   Other: 6.8ms
[2022-01-03T10:49:19.304+0530][gc,heap       ] GC(31) Eden regions: 72->0(93)
[2022-01-03T10:49:19.304+0530][gc,heap       ] GC(31) Survivor regions: 7->5(10)
[2022-01-03T10:49:19.304+0530][gc,heap       ] GC(31) Old regions: 52->56
[2022-01-03T10:49:19.304+0530][gc,heap       ] GC(31) Humongous regions: 129->129
[2022-01-03T10:49:19.304+0530][gc,metaspace  ] GC(31) Metaspace: 52294K->52294K(1097728K)
[2022-01-03T10:49:19.304+0530][gc            ] GC(31) Pause Young (Normal) (G1 Evacuation Pause) 259M->188M(1024M) 20.503ms
[2022-01-03T10:49:19.304+0530][gc,cpu        ] GC(31) User=0.04s Sys=0.00s Real=0.02s
[2022-01-03T10:53:06.069+0530][gc,start      ] GC(32) Pause Young (Normal) (G1 Evacuation Pause)
[2022-01-03T10:53:06.082+0530][gc,task       ] GC(32) Using 4 workers of 4 for evacuation
[2022-01-03T10:53:06.096+0530][gc,phases     ] GC(32)   Pre Evacuate Collection Set: 0.0ms
[2022-01-03T10:53:06.096+0530][gc,phases     ] GC(32)   Evacuate Collection Set: 13.1ms
[2022-01-03T10:53:06.096+0530][gc,phases     ] GC(32)   Post Evacuate Collection Set: 0.3ms
[2022-01-03T10:53:06.096+0530][gc,phases     ] GC(32)   Other: 13.3ms
[2022-01-03T10:53:06.096+0530][gc,heap       ] GC(32) Eden regions: 93->0(92)
[2022-01-03T10:53:06.096+0530][gc,heap       ] GC(32) Survivor regions: 5->9(13)
[2022-01-03T10:53:06.096+0530][gc,heap       ] GC(32) Old regions: 56->56
[2022-01-03T10:53:06.096+0530][gc,heap       ] GC(32) Humongous regions: 129->129
[2022-01-03T10:53:06.096+0530][gc,metaspace  ] GC(32) Metaspace: 52294K->52294K(1097728K)
[2022-01-03T10:53:06.096+0530][gc            ] GC(32) Pause Young (Normal) (G1 Evacuation Pause) 281M->192M(1024M) 26.844ms
[2022-01-03T10:53:06.096+0530][gc,cpu        ] GC(32) User=0.04s Sys=0.01s Real=0.03s
[2022-01-03T10:57:09.875+0530][gc,start      ] GC(33) Pause Young (Normal) (G1 Evacuation Pause)
[2022-01-03T10:57:09.886+0530][gc,task       ] GC(33) Using 4 workers of 4 for evacuation
[2022-01-03T10:57:09.921+0530][gc,mmu        ] GC(33) MMU target violated: 21.0ms (20.0ms/21.0ms)
[2022-01-03T10:57:09.921+0530][gc,phases     ] GC(33)   Pre Evacuate Collection Set: 0.1ms
[2022-01-03T10:57:09.921+0530][gc,phases     ] GC(33)   Evacuate Collection Set: 33.5ms
[2022-01-03T10:57:09.921+0530][gc,phases     ] GC(33)   Post Evacuate Collection Set: 0.4ms
[2022-01-03T10:57:09.921+0530][gc,phases     ] GC(33)   Other: 12.5ms
[2022-01-03T10:57:09.921+0530][gc,heap       ] GC(33) Eden regions: 92->0(41)
[2022-01-03T10:57:09.921+0530][gc,heap       ] GC(33) Survivor regions: 9->10(13)
[2022-01-03T10:57:09.921+0530][gc,heap       ] GC(33) Old regions: 56->58
[2022-01-03T10:57:09.921+0530][gc,heap       ] GC(33) Humongous regions: 129->129
[2022-01-03T10:57:09.921+0530][gc,metaspace  ] GC(33) Metaspace: 52305K->52305K(1097728K)
[2022-01-03T10:57:09.921+0530][gc            ] GC(33) Pause Young (Normal) (G1 Evacuation Pause) 284M->196M(1024M) 46.622ms
[2022-01-03T10:57:09.921+0530][gc,cpu        ] GC(33) User=0.06s Sys=0.03s Real=0.05s
[2022-01-03T10:58:49.924+0530][gc,start      ] GC(34) Pause Young (Normal) (G1 Evacuation Pause)
[2022-01-03T10:58:49.925+0530][gc,task       ] GC(34) Using 4 workers of 4 for evacuation
[2022-01-03T10:58:49.949+0530][gc,mmu        ] GC(34) MMU target violated: 21.0ms (20.0ms/21.0ms)
[2022-01-03T10:58:49.949+0530][gc,phases     ] GC(34)   Pre Evacuate Collection Set: 0.0ms
[2022-01-03T10:58:49.949+0530][gc,phases     ] GC(34)   Evacuate Collection Set: 23.1ms
[2022-01-03T10:58:49.949+0530][gc,phases     ] GC(34)   Post Evacuate Collection Set: 0.3ms
[2022-01-03T10:58:49.949+0530][gc,phases     ] GC(34)   Other: 1.6ms
[2022-01-03T10:58:49.949+0530][gc,heap       ] GC(34) Eden regions: 41->0(46)
[2022-01-03T10:58:49.949+0530][gc,heap       ] GC(34) Survivor regions: 10->5(7)
[2022-01-03T10:58:49.949+0530][gc,heap       ] GC(34) Old regions: 58->65
[2022-01-03T10:58:49.949+0530][gc,heap       ] GC(34) Humongous regions: 129->129
[2022-01-03T10:58:49.949+0530][gc,metaspace  ] GC(34) Metaspace: 52309K->52309K(1097728K)
[2022-01-03T10:58:49.949+0530][gc            ] GC(34) Pause Young (Normal) (G1 Evacuation Pause) 237M->198M(1024M) 25.311ms
[2022-01-03T10:58:49.949+0530][gc,cpu        ] GC(34) User=0.05s Sys=0.01s Real=0.02s
[2022-01-03T11:00:38.983+0530][gc,start      ] GC(35) Pause Young (Normal) (G1 Evacuation Pause)
[2022-01-03T11:00:39.012+0530][gc,task       ] GC(35) Using 4 workers of 4 for evacuation
[2022-01-03T11:00:39.030+0530][gc,phases     ] GC(35)   Pre Evacuate Collection Set: 0.0ms
[2022-01-03T11:00:39.030+0530][gc,phases     ] GC(35)   Evacuate Collection Set: 17.3ms
[2022-01-03T11:00:39.030+0530][gc,phases     ] GC(35)   Post Evacuate Collection Set: 0.3ms
[2022-01-03T11:00:39.030+0530][gc,phases     ] GC(35)   Other: 29.3ms
[2022-01-03T11:00:39.030+0530][gc,heap       ] GC(35) Eden regions: 46->0(45)
[2022-01-03T11:00:39.030+0530][gc,heap       ] GC(35) Survivor regions: 5->6(7)
[2022-01-03T11:00:39.030+0530][gc,heap       ] GC(35) Old regions: 65->67
[2022-01-03T11:00:39.030+0530][gc,heap       ] GC(35) Humongous regions: 129->129
[2022-01-03T11:00:39.030+0530][gc,metaspace  ] GC(35) Metaspace: 52332K->52332K(1097728K)
[2022-01-03T11:00:39.030+0530][gc            ] GC(35) Pause Young (Normal) (G1 Evacuation Pause) 244M->201M(1024M) 47.054ms
[2022-01-03T11:00:39.030+0530][gc,cpu        ] GC(35) User=0.04s Sys=0.02s Real=0.05s
[2022-01-03T11:02:27.859+0530][gc,start      ] GC(36) Pause Young (Normal) (G1 Evacuation Pause)
[2022-01-03T11:02:27.867+0530][gc,task       ] GC(36) Using 4 workers of 4 for evacuation
[2022-01-03T11:02:27.892+0530][gc,mmu        ] GC(36) MMU target violated: 21.0ms (20.0ms/21.0ms)
[2022-01-03T11:02:27.892+0530][gc,phases     ] GC(36)   Pre Evacuate Collection Set: 0.0ms
[2022-01-03T11:02:27.892+0530][gc,phases     ] GC(36)   Evacuate Collection Set: 23.9ms
[2022-01-03T11:02:27.892+0530][gc,phases     ] GC(36)   Post Evacuate Collection Set: 0.5ms
[2022-01-03T11:02:27.892+0530][gc,phases     ] GC(36)   Other: 8.8ms
[2022-01-03T11:02:27.892+0530][gc,heap       ] GC(36) Eden regions: 45->0(45)
[2022-01-03T11:02:27.892+0530][gc,heap       ] GC(36) Survivor regions: 6->6(7)
[2022-01-03T11:02:27.892+0530][gc,heap       ] GC(36) Old regions: 67->69
[2022-01-03T11:02:27.892+0530][gc,heap       ] GC(36) Humongous regions: 129->129
[2022-01-03T11:02:27.892+0530][gc,metaspace  ] GC(36) Metaspace: 52332K->52332K(1097728K)
[2022-01-03T11:02:27.892+0530][gc            ] GC(36) Pause Young (Normal) (G1 Evacuation Pause) 246M->203M(1024M) 33.439ms
[2022-01-03T11:02:27.892+0530][gc,cpu        ] GC(36) User=0.04s Sys=0.01s Real=0.04s
[2022-01-03T11:04:17.014+0530][gc,start      ] GC(37) Pause Young (Normal) (G1 Evacuation Pause)
[2022-01-03T11:04:17.015+0530][gc,task       ] GC(37) Using 4 workers of 4 for evacuation
[2022-01-03T11:04:17.027+0530][gc,phases     ] GC(37)   Pre Evacuate Collection Set: 0.1ms
[2022-01-03T11:04:17.027+0530][gc,phases     ] GC(37)   Evacuate Collection Set: 11.3ms
[2022-01-03T11:04:17.027+0530][gc,phases     ] GC(37)   Post Evacuate Collection Set: 0.3ms
[2022-01-03T11:04:17.027+0530][gc,phases     ] GC(37)   Other: 1.6ms
[2022-01-03T11:04:17.027+0530][gc,heap       ] GC(37) Eden regions: 45->0(47)
[2022-01-03T11:04:17.027+0530][gc,heap       ] GC(37) Survivor regions: 6->6(7)
[2022-01-03T11:04:17.027+0530][gc,heap       ] GC(37) Old regions: 69->71
[2022-01-03T11:04:17.027+0530][gc,heap       ] GC(37) Humongous regions: 129->129
[2022-01-03T11:04:17.027+0530][gc,metaspace  ] GC(37) Metaspace: 52332K->52332K(1097728K)
[2022-01-03T11:04:17.028+0530][gc            ] GC(37) Pause Young (Normal) (G1 Evacuation Pause) 248M->205M(1024M) 13.401ms
[2022-01-03T11:04:17.028+0530][gc,cpu        ] GC(37) User=0.04s Sys=0.00s Real=0.01s
[2022-01-03T11:06:05.974+0530][gc,start      ] GC(38) Pause Young (Normal) (G1 Evacuation Pause)
[2022-01-03T11:06:05.978+0530][gc,task       ] GC(38) Using 4 workers of 4 for evacuation
[2022-01-03T11:06:05.985+0530][gc,phases     ] GC(38)   Pre Evacuate Collection Set: 0.0ms
[2022-01-03T11:06:05.985+0530][gc,phases     ] GC(38)   Evacuate Collection Set: 6.2ms
[2022-01-03T11:06:05.985+0530][gc,phases     ] GC(38)   Post Evacuate Collection Set: 0.3ms
[2022-01-03T11:06:05.985+0530][gc,phases     ] GC(38)   Other: 4.5ms
[2022-01-03T11:06:05.985+0530][gc,heap       ] GC(38) Eden regions: 45->0(79)
[2022-01-03T11:06:05.985+0530][gc,heap       ] GC(38) Survivor regions: 6->3(7)
[2022-01-03T11:06:05.985+0530][gc,heap       ] GC(38) Old regions: 71->73
[2022-01-03T11:06:05.985+0530][gc,heap       ] GC(38) Humongous regions: 129->129
[2022-01-03T11:06:05.985+0530][gc,metaspace  ] GC(38) Metaspace: 52332K->52332K(1097728K)
[2022-01-03T11:06:05.985+0530][gc            ] GC(38) Pause Young (Normal) (G1 Evacuation Pause) 250M->203M(1024M) 11.127ms
[2022-01-03T11:06:05.985+0530][gc,cpu        ] GC(38) User=0.02s Sys=0.00s Real=0.01s
[2022-01-03T11:09:19.021+0530][gc,start      ] GC(39) Pause Young (Normal) (G1 Evacuation Pause)
[2022-01-03T11:09:19.048+0530][gc,task       ] GC(39) Using 4 workers of 4 for evacuation
[2022-01-03T11:09:19.065+0530][gc,phases     ] GC(39)   Pre Evacuate Collection Set: 0.1ms
[2022-01-03T11:09:19.065+0530][gc,phases     ] GC(39)   Evacuate Collection Set: 16.6ms
[2022-01-03T11:09:19.065+0530][gc,phases     ] GC(39)   Post Evacuate Collection Set: 0.3ms
[2022-01-03T11:09:19.065+0530][gc,phases     ] GC(39)   Other: 27.8ms
[2022-01-03T11:09:19.065+0530][gc,heap       ] GC(39) Eden regions: 79->0(58)
[2022-01-03T11:09:19.065+0530][gc,heap       ] GC(39) Survivor regions: 3->8(11)
[2022-01-03T11:09:19.065+0530][gc,heap       ] GC(39) Old regions: 73->73
[2022-01-03T11:09:19.066+0530][gc,heap       ] GC(39) Humongous regions: 129->129
[2022-01-03T11:09:19.066+0530][gc,metaspace  ] GC(39) Metaspace: 52336K->52336K(1097728K)
[2022-01-03T11:09:19.066+0530][gc            ] GC(39) Pause Young (Normal) (G1 Evacuation Pause) 282M->209M(1024M) 44.860ms
[2022-01-03T11:09:19.066+0530][gc,cpu        ] GC(39) User=0.04s Sys=0.03s Real=0.04s
[2022-01-03T11:11:39.095+0530][gc,start      ] GC(40) Pause Young (Normal) (G1 Evacuation Pause)
[2022-01-03T11:11:39.106+0530][gc,task       ] GC(40) Using 4 workers of 4 for evacuation
[2022-01-03T11:11:39.118+0530][gc,phases     ] GC(40)   Pre Evacuate Collection Set: 0.0ms
[2022-01-03T11:11:39.118+0530][gc,phases     ] GC(40)   Evacuate Collection Set: 11.4ms
[2022-01-03T11:11:39.118+0530][gc,phases     ] GC(40)   Post Evacuate Collection Set: 0.2ms
[2022-01-03T11:11:39.118+0530][gc,phases     ] GC(40)   Other: 11.3ms
[2022-01-03T11:11:39.118+0530][gc,heap       ] GC(40) Eden regions: 58->0(67)
[2022-01-03T11:11:39.118+0530][gc,heap       ] GC(40) Survivor regions: 8->4(9)
[2022-01-03T11:11:39.118+0530][gc,heap       ] GC(40) Old regions: 73->77
[2022-01-03T11:11:39.118+0530][gc,heap       ] GC(40) Humongous regions: 129->129
[2022-01-03T11:11:39.119+0530][gc,metaspace  ] GC(40) Metaspace: 52336K->52336K(1097728K)
[2022-01-03T11:11:39.119+0530][gc            ] GC(40) Pause Young (Normal) (G1 Evacuation Pause) 267M->209M(1024M) 23.120ms
[2022-01-03T11:11:39.119+0530][gc,cpu        ] GC(40) User=0.04s Sys=0.00s Real=0.02s
[2022-01-03T11:14:22.629+0530][gc,start      ] GC(41) Pause Young (Normal) (G1 Evacuation Pause)
[2022-01-03T11:14:22.630+0530][gc,task       ] GC(41) Using 4 workers of 4 for evacuation
[2022-01-03T11:14:22.641+0530][gc,phases     ] GC(41)   Pre Evacuate Collection Set: 0.0ms
[2022-01-03T11:14:22.641+0530][gc,phases     ] GC(41)   Evacuate Collection Set: 10.6ms
[2022-01-03T11:14:22.641+0530][gc,phases     ] GC(41)   Post Evacuate Collection Set: 0.3ms
[2022-01-03T11:14:22.641+0530][gc,phases     ] GC(41)   Other: 1.5ms
[2022-01-03T11:14:22.641+0530][gc,heap       ] GC(41) Eden regions: 67->0(65)
[2022-01-03T11:14:22.641+0530][gc,heap       ] GC(41) Survivor regions: 4->8(9)
[2022-01-03T11:14:22.641+0530][gc,heap       ] GC(41) Old regions: 77->77
[2022-01-03T11:14:22.641+0530][gc,heap       ] GC(41) Humongous regions: 129->129
[2022-01-03T11:14:22.641+0530][gc,metaspace  ] GC(41) Metaspace: 52338K->52338K(1097728K)
[2022-01-03T11:14:22.641+0530][gc            ] GC(41) Pause Young (Normal) (G1 Evacuation Pause) 276M->213M(1024M) 12.575ms
[2022-01-03T11:14:22.641+0530][gc,cpu        ] GC(41) User=0.04s Sys=0.00s Real=0.02s
[2022-01-03T11:17:01.780+0530][gc,start      ] GC(42) Pause Young (Normal) (G1 Evacuation Pause)
[2022-01-03T11:17:01.786+0530][gc,task       ] GC(42) Using 4 workers of 4 for evacuation
[2022-01-03T11:17:01.799+0530][gc,phases     ] GC(42)   Pre Evacuate Collection Set: 0.0ms
[2022-01-03T11:17:01.799+0530][gc,phases     ] GC(42)   Evacuate Collection Set: 12.0ms
[2022-01-03T11:17:01.799+0530][gc,phases     ] GC(42)   Post Evacuate Collection Set: 0.2ms
[2022-01-03T11:17:01.799+0530][gc,phases     ] GC(42)   Other: 6.9ms
[2022-01-03T11:17:01.799+0530][gc,heap       ] GC(42) Eden regions: 65->0(73)
[2022-01-03T11:17:01.799+0530][gc,heap       ] GC(42) Survivor regions: 8->5(10)
[2022-01-03T11:17:01.799+0530][gc,heap       ] GC(42) Old regions: 77->82
[2022-01-03T11:17:01.799+0530][gc,heap       ] GC(42) Humongous regions: 129->129
[2022-01-03T11:17:01.799+0530][gc,metaspace  ] GC(42) Metaspace: 52351K->52351K(1097728K)
[2022-01-03T11:17:01.799+0530][gc            ] GC(42) Pause Young (Normal) (G1 Evacuation Pause) 278M->214M(1024M) 19.340ms
[2022-01-03T11:17:01.799+0530][gc,cpu        ] GC(42) User=0.05s Sys=0.01s Real=0.01s
[2022-01-03T11:20:01.883+0530][gc,start      ] GC(43) Pause Young (Normal) (G1 Evacuation Pause)
[2022-01-03T11:20:01.888+0530][gc,task       ] GC(43) Using 4 workers of 4 for evacuation
[2022-01-03T11:20:01.897+0530][gc,phases     ] GC(43)   Pre Evacuate Collection Set: 0.0ms
[2022-01-03T11:20:01.897+0530][gc,phases     ] GC(43)   Evacuate Collection Set: 8.8ms
[2022-01-03T11:20:01.897+0530][gc,phases     ] GC(43)   Post Evacuate Collection Set: 0.2ms
[2022-01-03T11:20:01.897+0530][gc,phases     ] GC(43)   Other: 4.7ms
[2022-01-03T11:20:01.897+0530][gc,heap       ] GC(43) Eden regions: 73->0(78)
[2022-01-03T11:20:01.897+0530][gc,heap       ] GC(43) Survivor regions: 5->6(10)
[2022-01-03T11:20:01.897+0530][gc,heap       ] GC(43) Old regions: 82->82
[2022-01-03T11:20:01.897+0530][gc,heap       ] GC(43) Humongous regions: 129->129
[2022-01-03T11:20:01.897+0530][gc,metaspace  ] GC(43) Metaspace: 52352K->52352K(1097728K)
[2022-01-03T11:20:01.897+0530][gc            ] GC(43) Pause Young (Normal) (G1 Evacuation Pause) 287M->215M(1024M) 13.887ms
[2022-01-03T11:20:01.897+0530][gc,cpu        ] GC(43) User=0.03s Sys=0.00s Real=0.01s
[2022-01-03T11:23:13.041+0530][gc,start      ] GC(44) Pause Young (Normal) (G1 Evacuation Pause)
[2022-01-03T11:23:13.041+0530][gc,task       ] GC(44) Using 4 workers of 4 for evacuation
[2022-01-03T11:23:13.061+0530][gc,phases     ] GC(44)   Pre Evacuate Collection Set: 0.0ms
[2022-01-03T11:23:13.062+0530][gc,phases     ] GC(44)   Evacuate Collection Set: 19.5ms
[2022-01-03T11:23:13.062+0530][gc,phases     ] GC(44)   Post Evacuate Collection Set: 0.3ms
[2022-01-03T11:23:13.062+0530][gc,phases     ] GC(44)   Other: 0.3ms
[2022-01-03T11:23:13.062+0530][gc,heap       ] GC(44) Eden regions: 78->0(70)
[2022-01-03T11:23:13.062+0530][gc,heap       ] GC(44) Survivor regions: 6->11(11)
[2022-01-03T11:23:13.062+0530][gc,heap       ] GC(44) Old regions: 82->82
[2022-01-03T11:23:13.062+0530][gc,heap       ] GC(44) Humongous regions: 129->129
[2022-01-03T11:23:13.062+0530][gc,metaspace  ] GC(44) Metaspace: 52352K->52352K(1097728K)
[2022-01-03T11:23:13.062+0530][gc            ] GC(44) Pause Young (Normal) (G1 Evacuation Pause) 293M->221M(1024M) 20.296ms
[2022-01-03T11:23:13.062+0530][gc,cpu        ] GC(44) User=0.06s Sys=0.01s Real=0.02s
[2022-01-03T11:26:05.612+0530][gc,start      ] GC(45) Pause Young (Normal) (G1 Evacuation Pause)
[2022-01-03T11:26:05.614+0530][gc,task       ] GC(45) Using 4 workers of 4 for evacuation
[2022-01-03T11:26:05.632+0530][gc,phases     ] GC(45)   Pre Evacuate Collection Set: 0.0ms
[2022-01-03T11:26:05.632+0530][gc,phases     ] GC(45)   Evacuate Collection Set: 17.2ms
[2022-01-03T11:26:05.632+0530][gc,phases     ] GC(45)   Post Evacuate Collection Set: 0.2ms
[2022-01-03T11:26:05.632+0530][gc,phases     ] GC(45)   Other: 2.5ms
[2022-01-03T11:26:05.632+0530][gc,heap       ] GC(45) Eden regions: 70->0(73)
[2022-01-03T11:26:05.632+0530][gc,heap       ] GC(45) Survivor regions: 11->6(11)
[2022-01-03T11:26:05.632+0530][gc,heap       ] GC(45) Old regions: 82->89
[2022-01-03T11:26:05.632+0530][gc,heap       ] GC(45) Humongous regions: 129->129
[2022-01-03T11:26:05.632+0530][gc,metaspace  ] GC(45) Metaspace: 52352K->52352K(1097728K)
[2022-01-03T11:26:05.632+0530][gc            ] GC(45) Pause Young (Normal) (G1 Evacuation Pause) 291M->223M(1024M) 20.132ms
[2022-01-03T11:26:05.632+0530][gc,cpu        ] GC(45) User=0.06s Sys=0.00s Real=0.02s
[2022-01-03T11:29:06.007+0530][gc,start      ] GC(46) Pause Young (Normal) (G1 Evacuation Pause)
[2022-01-03T11:29:06.007+0530][gc,task       ] GC(46) Using 4 workers of 4 for evacuation
[2022-01-03T11:29:06.018+0530][gc,phases     ] GC(46)   Pre Evacuate Collection Set: 0.0ms
[2022-01-03T11:29:06.018+0530][gc,phases     ] GC(46)   Evacuate Collection Set: 10.2ms
[2022-01-03T11:29:06.018+0530][gc,phases     ] GC(46)   Post Evacuate Collection Set: 0.3ms
[2022-01-03T11:29:06.018+0530][gc,phases     ] GC(46)   Other: 0.3ms
[2022-01-03T11:29:06.018+0530][gc,heap       ] GC(46) Eden regions: 73->0(77)
[2022-01-03T11:29:06.018+0530][gc,heap       ] GC(46) Survivor regions: 6->7(10)
[2022-01-03T11:29:06.018+0530][gc,heap       ] GC(46) Old regions: 89->89
[2022-01-03T11:29:06.018+0530][gc,heap       ] GC(46) Humongous regions: 129->129
[2022-01-03T11:29:06.018+0530][gc,metaspace  ] GC(46) Metaspace: 52353K->52353K(1097728K)
[2022-01-03T11:29:06.018+0530][gc            ] GC(46) Pause Young (Normal) (G1 Evacuation Pause) 296M->224M(1024M) 10.928ms
[2022-01-03T11:29:06.018+0530][gc,cpu        ] GC(46) User=0.04s Sys=0.00s Real=0.01s
[2022-01-03T11:32:15.528+0530][gc,start      ] GC(47) Pause Young (Normal) (G1 Evacuation Pause)
[2022-01-03T11:32:15.536+0530][gc,task       ] GC(47) Using 4 workers of 4 for evacuation
[2022-01-03T11:32:15.553+0530][gc,phases     ] GC(47)   Pre Evacuate Collection Set: 0.0ms
[2022-01-03T11:32:15.553+0530][gc,phases     ] GC(47)   Evacuate Collection Set: 16.6ms
[2022-01-03T11:32:15.553+0530][gc,phases     ] GC(47)   Post Evacuate Collection Set: 0.2ms
[2022-01-03T11:32:15.553+0530][gc,phases     ] GC(47)   Other: 8.9ms
[2022-01-03T11:32:15.554+0530][gc,heap       ] GC(47) Eden regions: 77->0(76)
[2022-01-03T11:32:15.554+0530][gc,heap       ] GC(47) Survivor regions: 7->7(11)
[2022-01-03T11:32:15.554+0530][gc,heap       ] GC(47) Old regions: 89->92
[2022-01-03T11:32:15.554+0530][gc,heap       ] GC(47) Humongous regions: 129->129
[2022-01-03T11:32:15.554+0530][gc,metaspace  ] GC(47) Metaspace: 52353K->52353K(1097728K)
[2022-01-03T11:32:15.554+0530][gc            ] GC(47) Pause Young (Normal) (G1 Evacuation Pause) 301M->226M(1024M) 26.009ms
[2022-01-03T11:32:15.554+0530][gc,cpu        ] GC(47) User=0.04s Sys=0.00s Real=0.03s
[2022-01-03T11:35:22.186+0530][gc,start      ] GC(48) Pause Young (Normal) (G1 Evacuation Pause)
[2022-01-03T11:35:22.187+0530][gc,task       ] GC(48) Using 4 workers of 4 for evacuation
[2022-01-03T11:35:22.203+0530][gc,phases     ] GC(48)   Pre Evacuate Collection Set: 0.0ms
[2022-01-03T11:35:22.203+0530][gc,phases     ] GC(48)   Evacuate Collection Set: 15.2ms
[2022-01-03T11:35:22.203+0530][gc,phases     ] GC(48)   Post Evacuate Collection Set: 0.4ms
[2022-01-03T11:35:22.203+0530][gc,phases     ] GC(48)   Other: 1.8ms
[2022-01-03T11:35:22.203+0530][gc,heap       ] GC(48) Eden regions: 76->0(77)
[2022-01-03T11:35:22.203+0530][gc,heap       ] GC(48) Survivor regions: 7->6(11)
[2022-01-03T11:35:22.203+0530][gc,heap       ] GC(48) Old regions: 92->94
[2022-01-03T11:35:22.203+0530][gc,heap       ] GC(48) Humongous regions: 129->129
[2022-01-03T11:35:22.203+0530][gc,metaspace  ] GC(48) Metaspace: 52354K->52354K(1097728K)
[2022-01-03T11:35:22.204+0530][gc            ] GC(48) Pause Young (Normal) (G1 Evacuation Pause) 302M->228M(1024M) 17.597ms
[2022-01-03T11:35:22.204+0530][gc,cpu        ] GC(48) User=0.04s Sys=0.01s Real=0.02s
[2022-01-03T11:38:30.563+0530][gc,start      ] GC(49) Pause Young (Normal) (G1 Evacuation Pause)
[2022-01-03T11:38:30.580+0530][gc,task       ] GC(49) Using 4 workers of 4 for evacuation
[2022-01-03T11:38:30.598+0530][gc,phases     ] GC(49)   Pre Evacuate Collection Set: 0.0ms
[2022-01-03T11:38:30.598+0530][gc,phases     ] GC(49)   Evacuate Collection Set: 16.6ms
[2022-01-03T11:38:30.598+0530][gc,phases     ] GC(49)   Post Evacuate Collection Set: 0.3ms
[2022-01-03T11:38:30.598+0530][gc,phases     ] GC(49)   Other: 18.6ms
[2022-01-03T11:38:30.598+0530][gc,heap       ] GC(49) Eden regions: 77->0(76)
[2022-01-03T11:38:30.598+0530][gc,heap       ] GC(49) Survivor regions: 6->9(11)
[2022-01-03T11:38:30.598+0530][gc,heap       ] GC(49) Old regions: 94->97
[2022-01-03T11:38:30.598+0530][gc,heap       ] GC(49) Humongous regions: 129->129
[2022-01-03T11:38:30.598+0530][gc,metaspace  ] GC(49) Metaspace: 52355K->52355K(1097728K)
[2022-01-03T11:38:30.598+0530][gc            ] GC(49) Pause Young (Normal) (G1 Evacuation Pause) 305M->234M(1024M) 35.783ms
[2022-01-03T11:38:30.598+0530][gc,cpu        ] GC(49) User=0.06s Sys=0.00s Real=0.03s
[2022-01-03T11:41:28.869+0530][gc,start      ] GC(50) Pause Young (Normal) (G1 Evacuation Pause)
[2022-01-03T11:41:28.869+0530][gc,task       ] GC(50) Using 4 workers of 4 for evacuation
[2022-01-03T11:41:28.886+0530][gc,phases     ] GC(50)   Pre Evacuate Collection Set: 0.0ms
[2022-01-03T11:41:28.886+0530][gc,phases     ] GC(50)   Evacuate Collection Set: 16.4ms
[2022-01-03T11:41:28.886+0530][gc,phases     ] GC(50)   Post Evacuate Collection Set: 0.3ms
[2022-01-03T11:41:28.886+0530][gc,phases     ] GC(50)   Other: 0.2ms
[2022-01-03T11:41:28.886+0530][gc,heap       ] GC(50) Eden regions: 76->0(78)
[2022-01-03T11:41:28.886+0530][gc,heap       ] GC(50) Survivor regions: 9->6(11)
[2022-01-03T11:41:28.886+0530][gc,heap       ] GC(50) Old regions: 97->103
[2022-01-03T11:41:28.886+0530][gc,heap       ] GC(50) Humongous regions: 129->129
[2022-01-03T11:41:28.886+0530][gc,metaspace  ] GC(50) Metaspace: 52359K->52359K(1097728K)
[2022-01-03T11:41:28.886+0530][gc            ] GC(50) Pause Young (Normal) (G1 Evacuation Pause) 310M->237M(1024M) 17.046ms
[2022-01-03T11:41:28.886+0530][gc,cpu        ] GC(50) User=0.06s Sys=0.01s Real=0.02s
[2022-01-03T11:44:39.090+0530][gc,start      ] GC(51) Pause Young (Normal) (G1 Evacuation Pause)
[2022-01-03T11:44:39.092+0530][gc,task       ] GC(51) Using 4 workers of 4 for evacuation
[2022-01-03T11:44:39.101+0530][gc,phases     ] GC(51)   Pre Evacuate Collection Set: 0.0ms
[2022-01-03T11:44:39.101+0530][gc,phases     ] GC(51)   Evacuate Collection Set: 8.1ms
[2022-01-03T11:44:39.101+0530][gc,phases     ] GC(51)   Post Evacuate Collection Set: 0.3ms
[2022-01-03T11:44:39.101+0530][gc,phases     ] GC(51)   Other: 2.4ms
[2022-01-03T11:44:39.101+0530][gc,heap       ] GC(51) Eden regions: 78->0(83)
[2022-01-03T11:44:39.101+0530][gc,heap       ] GC(51) Survivor regions: 6->6(11)
[2022-01-03T11:44:39.101+0530][gc,heap       ] GC(51) Old regions: 103->103
[2022-01-03T11:44:39.101+0530][gc,heap       ] GC(51) Humongous regions: 129->129
[2022-01-03T11:44:39.101+0530][gc,metaspace  ] GC(51) Metaspace: 52359K->52359K(1097728K)
[2022-01-03T11:44:39.101+0530][gc            ] GC(51) Pause Young (Normal) (G1 Evacuation Pause) 315M->236M(1024M) 10.980ms
[2022-01-03T11:44:39.101+0530][gc,cpu        ] GC(51) User=0.04s Sys=0.00s Real=0.01s
[2022-01-03T11:48:02.698+0530][gc,start      ] GC(52) Pause Young (Normal) (G1 Evacuation Pause)
[2022-01-03T11:48:02.708+0530][gc,task       ] GC(52) Using 4 workers of 4 for evacuation
[2022-01-03T11:48:02.720+0530][gc,phases     ] GC(52)   Pre Evacuate Collection Set: 0.1ms
[2022-01-03T11:48:02.720+0530][gc,phases     ] GC(52)   Evacuate Collection Set: 11.5ms
[2022-01-03T11:48:02.720+0530][gc,phases     ] GC(52)   Post Evacuate Collection Set: 0.3ms
[2022-01-03T11:48:02.720+0530][gc,phases     ] GC(52)   Other: 9.7ms
[2022-01-03T11:48:02.720+0530][gc,heap       ] GC(52) Eden regions: 83->0(83)
[2022-01-03T11:48:02.720+0530][gc,heap       ] GC(52) Survivor regions: 6->6(12)
[2022-01-03T11:48:02.720+0530][gc,heap       ] GC(52) Old regions: 103->103
[2022-01-03T11:48:02.720+0530][gc,heap       ] GC(52) Humongous regions: 129->129
[2022-01-03T11:48:02.720+0530][gc,metaspace  ] GC(52) Metaspace: 52376K->52376K(1097728K)
[2022-01-03T11:48:02.720+0530][gc            ] GC(52) Pause Young (Normal) (G1 Evacuation Pause) 319M->236M(1024M) 21.796ms
[2022-01-03T11:48:02.720+0530][gc,cpu        ] GC(52) User=0.02s Sys=0.01s Real=0.03s
[2022-01-03T11:51:24.095+0530][gc,start      ] GC(53) Pause Young (Normal) (G1 Evacuation Pause)
[2022-01-03T11:51:24.108+0530][gc,task       ] GC(53) Using 4 workers of 4 for evacuation
[2022-01-03T11:51:24.118+0530][gc,phases     ] GC(53)   Pre Evacuate Collection Set: 0.0ms
[2022-01-03T11:51:24.118+0530][gc,phases     ] GC(53)   Evacuate Collection Set: 9.8ms
[2022-01-03T11:51:24.118+0530][gc,phases     ] GC(53)   Post Evacuate Collection Set: 0.3ms
[2022-01-03T11:51:24.118+0530][gc,phases     ] GC(53)   Other: 13.1ms
[2022-01-03T11:51:24.118+0530][gc,heap       ] GC(53) Eden regions: 83->0(88)
[2022-01-03T11:51:24.118+0530][gc,heap       ] GC(53) Survivor regions: 6->5(12)
[2022-01-03T11:51:24.118+0530][gc,heap       ] GC(53) Old regions: 103->103
[2022-01-03T11:51:24.118+0530][gc,heap       ] GC(53) Humongous regions: 129->129
[2022-01-03T11:51:24.118+0530][gc,metaspace  ] GC(53) Metaspace: 52379K->52379K(1097728K)
[2022-01-03T11:51:24.118+0530][gc            ] GC(53) Pause Young (Normal) (G1 Evacuation Pause) 319M->236M(1024M) 23.347ms
[2022-01-03T11:51:24.118+0530][gc,cpu        ] GC(53) User=0.04s Sys=0.00s Real=0.02s
[2022-01-03T11:54:52.580+0530][gc,start      ] GC(54) Pause Young (Normal) (G1 Evacuation Pause)
[2022-01-03T11:54:52.608+0530][gc,task       ] GC(54) Using 4 workers of 4 for evacuation
[2022-01-03T11:54:52.622+0530][gc,phases     ] GC(54)   Pre Evacuate Collection Set: 0.1ms
[2022-01-03T11:54:52.622+0530][gc,phases     ] GC(54)   Evacuate Collection Set: 13.6ms
[2022-01-03T11:54:52.622+0530][gc,phases     ] GC(54)   Post Evacuate Collection Set: 0.3ms
[2022-01-03T11:54:52.622+0530][gc,phases     ] GC(54)   Other: 28.5ms
[2022-01-03T11:54:52.622+0530][gc,heap       ] GC(54) Eden regions: 87->0(88)
[2022-01-03T11:54:52.622+0530][gc,heap       ] GC(54) Survivor regions: 5->6(12)
[2022-01-03T11:54:52.622+0530][gc,heap       ] GC(54) Old regions: 103->103
[2022-01-03T11:54:52.622+0530][gc,heap       ] GC(54) Humongous regions: 129->129
[2022-01-03T11:54:52.622+0530][gc,metaspace  ] GC(54) Metaspace: 52394K->52394K(1097728K)
[2022-01-03T11:54:52.622+0530][gc            ] GC(54) Pause Young (Normal) (G1 Evacuation Pause) 323M->236M(1024M) 42.594ms
[2022-01-03T11:54:52.622+0530][gc,cpu        ] GC(54) User=0.03s Sys=0.02s Real=0.04s
[2022-01-03T11:58:18.768+0530][gc,start      ] GC(55) Pause Young (Normal) (G1 Evacuation Pause)
[2022-01-03T11:58:18.770+0530][gc,task       ] GC(55) Using 4 workers of 4 for evacuation
[2022-01-03T11:58:18.787+0530][gc,phases     ] GC(55)   Pre Evacuate Collection Set: 0.8ms
[2022-01-03T11:58:18.787+0530][gc,phases     ] GC(55)   Evacuate Collection Set: 15.5ms
[2022-01-03T11:58:18.787+0530][gc,phases     ] GC(55)   Post Evacuate Collection Set: 0.6ms
[2022-01-03T11:58:18.787+0530][gc,phases     ] GC(55)   Other: 2.0ms
[2022-01-03T11:58:18.787+0530][gc,heap       ] GC(55) Eden regions: 86->0(87)
[2022-01-03T11:58:18.787+0530][gc,heap       ] GC(55) Survivor regions: 6->6(12)
[2022-01-03T11:58:18.787+0530][gc,heap       ] GC(55) Old regions: 103->103
[2022-01-03T11:58:18.787+0530][gc,heap       ] GC(55) Humongous regions: 129->129
[2022-01-03T11:58:18.787+0530][gc,metaspace  ] GC(55) Metaspace: 52395K->52395K(1097728K)
[2022-01-03T11:58:18.787+0530][gc            ] GC(55) Pause Young (Normal) (G1 Evacuation Pause) 322M->237M(1024M) 19.010ms
[2022-01-03T11:58:18.787+0530][gc,cpu        ] GC(55) User=0.04s Sys=0.02s Real=0.02s
[2022-01-03T12:01:35.217+0530][gc,start      ] GC(56) Pause Young (Normal) (G1 Evacuation Pause)
[2022-01-03T12:01:35.290+0530][gc,task       ] GC(56) Using 4 workers of 4 for evacuation
[2022-01-03T12:01:35.301+0530][gc,phases     ] GC(56)   Pre Evacuate Collection Set: 0.0ms
[2022-01-03T12:01:35.301+0530][gc,phases     ] GC(56)   Evacuate Collection Set: 9.6ms
[2022-01-03T12:01:35.301+0530][gc,phases     ] GC(56)   Post Evacuate Collection Set: 0.6ms
[2022-01-03T12:01:35.301+0530][gc,phases     ] GC(56)   Other: 73.8ms
[2022-01-03T12:01:35.301+0530][gc,heap       ] GC(56) Eden regions: 83->0(91)
[2022-01-03T12:01:35.301+0530][gc,heap       ] GC(56) Survivor regions: 6->7(12)
[2022-01-03T12:01:35.301+0530][gc,heap       ] GC(56) Old regions: 103->103
[2022-01-03T12:01:35.301+0530][gc,heap       ] GC(56) Humongous regions: 129->129
[2022-01-03T12:01:35.301+0530][gc,metaspace  ] GC(56) Metaspace: 52407K->52407K(1097728K)
[2022-01-03T12:01:35.301+0530][gc            ] GC(56) Pause Young (Normal) (G1 Evacuation Pause) 320M->237M(1024M) 84.185ms
[2022-01-03T12:01:35.301+0530][gc,cpu        ] GC(56) User=0.04s Sys=0.00s Real=0.09s
[2022-01-03T12:05:08.694+0530][gc,start      ] GC(57) Pause Young (Normal) (G1 Evacuation Pause)
[2022-01-03T12:05:08.695+0530][gc,task       ] GC(57) Using 4 workers of 4 for evacuation
[2022-01-03T12:05:08.717+0530][gc,mmu        ] GC(57) MMU target violated: 21.0ms (20.0ms/21.0ms)
[2022-01-03T12:05:08.717+0530][gc,phases     ] GC(57)   Pre Evacuate Collection Set: 0.0ms
[2022-01-03T12:05:08.717+0530][gc,phases     ] GC(57)   Evacuate Collection Set: 21.7ms
[2022-01-03T12:05:08.717+0530][gc,phases     ] GC(57)   Post Evacuate Collection Set: 0.3ms
[2022-01-03T12:05:08.717+0530][gc,phases     ] GC(57)   Other: 0.4ms
[2022-01-03T12:05:08.717+0530][gc,heap       ] GC(57) Eden regions: 88->0(84)
[2022-01-03T12:05:08.717+0530][gc,heap       ] GC(57) Survivor regions: 7->7(12)
[2022-01-03T12:05:08.717+0530][gc,heap       ] GC(57) Old regions: 103->103
[2022-01-03T12:05:08.717+0530][gc,heap       ] GC(57) Humongous regions: 129->129
[2022-01-03T12:05:08.717+0530][gc,metaspace  ] GC(57) Metaspace: 52413K->52413K(1097728K)
[2022-01-03T12:05:08.717+0530][gc            ] GC(57) Pause Young (Normal) (G1 Evacuation Pause) 325M->238M(1024M) 22.450ms
[2022-01-03T12:05:08.717+0530][gc,cpu        ] GC(57) User=0.04s Sys=0.02s Real=0.02s
[2022-01-03T12:08:09.609+0530][gc,start      ] GC(58) Pause Young (Normal) (G1 Evacuation Pause)
[2022-01-03T12:08:09.610+0530][gc,task       ] GC(58) Using 4 workers of 4 for evacuation
[2022-01-03T12:08:09.630+0530][gc,phases     ] GC(58)   Pre Evacuate Collection Set: 0.7ms
[2022-01-03T12:08:09.630+0530][gc,phases     ] GC(58)   Evacuate Collection Set: 18.3ms
[2022-01-03T12:08:09.630+0530][gc,phases     ] GC(58)   Post Evacuate Collection Set: 0.6ms
[2022-01-03T12:08:09.630+0530][gc,phases     ] GC(58)   Other: 1.6ms
[2022-01-03T12:08:09.630+0530][gc,heap       ] GC(58) Eden regions: 75->0(85)
[2022-01-03T12:08:09.630+0530][gc,heap       ] GC(58) Survivor regions: 7->4(11)
[2022-01-03T12:08:09.630+0530][gc,heap       ] GC(58) Old regions: 103->105
[2022-01-03T12:08:09.630+0530][gc,heap       ] GC(58) Humongous regions: 129->129
[2022-01-03T12:08:09.630+0530][gc,metaspace  ] GC(58) Metaspace: 52450K->52450K(1097728K)
[2022-01-03T12:08:09.630+0530][gc            ] GC(58) Pause Young (Normal) (G1 Evacuation Pause) 313M->237M(1024M) 21.397ms
[2022-01-03T12:08:09.631+0530][gc,cpu        ] GC(58) User=0.04s Sys=0.02s Real=0.03s
[2022-01-03T12:11:35.246+0530][gc,start      ] GC(59) Pause Young (Normal) (G1 Evacuation Pause)
[2022-01-03T12:11:35.247+0530][gc,task       ] GC(59) Using 4 workers of 4 for evacuation
[2022-01-03T12:11:35.254+0530][gc,phases     ] GC(59)   Pre Evacuate Collection Set: 0.0ms
[2022-01-03T12:11:35.254+0530][gc,phases     ] GC(59)   Evacuate Collection Set: 6.7ms
[2022-01-03T12:11:35.254+0530][gc,phases     ] GC(59)   Post Evacuate Collection Set: 0.4ms
[2022-01-03T12:11:35.254+0530][gc,phases     ] GC(59)   Other: 1.5ms
[2022-01-03T12:11:35.254+0530][gc,heap       ] GC(59) Eden regions: 85->0(93)
[2022-01-03T12:11:35.255+0530][gc,heap       ] GC(59) Survivor regions: 4->4(12)
[2022-01-03T12:11:35.255+0530][gc,heap       ] GC(59) Old regions: 105->105
[2022-01-03T12:11:35.255+0530][gc,heap       ] GC(59) Humongous regions: 129->129
[2022-01-03T12:11:35.255+0530][gc,metaspace  ] GC(59) Metaspace: 52461K->52461K(1097728K)
[2022-01-03T12:11:35.255+0530][gc            ] GC(59) Pause Young (Normal) (G1 Evacuation Pause) 322M->237M(1024M) 8.671ms
[2022-01-03T12:11:35.255+0530][gc,cpu        ] GC(59) User=0.02s Sys=0.01s Real=0.01s
[2022-01-03T12:14:31.212+0530][gc,start      ] GC(60) Pause Young (Concurrent Start) (G1 Humongous Allocation)
[2022-01-03T12:14:31.278+0530][gc,task       ] GC(60) Using 4 workers of 4 for evacuation
[2022-01-03T12:14:31.335+0530][gc,mmu        ] GC(60) MMU target violated: 21.0ms (20.0ms/21.0ms)
[2022-01-03T12:14:31.335+0530][gc,phases     ] GC(60)   Pre Evacuate Collection Set: 7.9ms
[2022-01-03T12:14:31.335+0530][gc,phases     ] GC(60)   Evacuate Collection Set: 16.6ms
[2022-01-03T12:14:31.335+0530][gc,phases     ] GC(60)   Post Evacuate Collection Set: 0.7ms
[2022-01-03T12:14:31.335+0530][gc,phases     ] GC(60)   Other: 97.4ms
[2022-01-03T12:14:31.335+0530][gc,heap       ] GC(60) Eden regions: 75->0(81)
[2022-01-03T12:14:31.335+0530][gc,heap       ] GC(60) Survivor regions: 4->4(13)
[2022-01-03T12:14:31.335+0530][gc,heap       ] GC(60) Old regions: 105->105
[2022-01-03T12:14:31.335+0530][gc,heap       ] GC(60) Humongous regions: 248->129
[2022-01-03T12:14:31.335+0530][gc,metaspace  ] GC(60) Metaspace: 52488K->52488K(1097728K)
[2022-01-03T12:14:31.335+0530][gc            ] GC(60) Pause Young (Concurrent Start) (G1 Humongous Allocation) 430M->236M(1024M) 122.603ms
[2022-01-03T12:14:31.335+0530][gc,cpu        ] GC(60) User=0.02s Sys=0.03s Real=0.12s
[2022-01-03T12:14:31.335+0530][gc            ] GC(61) Concurrent Cycle
[2022-01-03T12:14:31.335+0530][gc,marking    ] GC(61) Concurrent Clear Claimed Marks
[2022-01-03T12:14:31.335+0530][gc,marking    ] GC(61) Concurrent Clear Claimed Marks 0.117ms
[2022-01-03T12:14:31.335+0530][gc,marking    ] GC(61) Concurrent Scan Root Regions
[2022-01-03T12:14:31.343+0530][gc,marking    ] GC(61) Concurrent Scan Root Regions 7.408ms
[2022-01-03T12:14:31.343+0530][gc,marking    ] GC(61) Concurrent Mark (9299.016s)
[2022-01-03T12:14:31.343+0530][gc,marking    ] GC(61) Concurrent Mark From Roots
[2022-01-03T12:14:31.343+0530][gc,task       ] GC(61) Using 1 workers of 1 for marking
[2022-01-03T12:14:31.392+0530][gc,marking    ] GC(61) Concurrent Mark From Roots 48.722ms
[2022-01-03T12:14:31.392+0530][gc,marking    ] GC(61) Concurrent Preclean
[2022-01-03T12:14:31.392+0530][gc,marking    ] GC(61) Concurrent Preclean 0.275ms
[2022-01-03T12:14:31.392+0530][gc,marking    ] GC(61) Concurrent Mark (9299.016s, 9299.065s) 49.097ms
[2022-01-03T12:14:31.392+0530][gc,start      ] GC(61) Pause Remark
[2022-01-03T12:14:31.496+0530][gc,stringtable] GC(61) Cleaned string and symbol table, strings: 18124 processed, 370 removed, symbols: 124577 processed, 9 removed
[2022-01-03T12:14:31.497+0530][gc,mmu        ] GC(61) MMU target violated: 21.0ms (20.0ms/21.0ms)
[2022-01-03T12:14:31.497+0530][gc            ] GC(61) Pause Remark 270M->256M(1024M) 104.754ms
[2022-01-03T12:14:31.497+0530][gc,cpu        ] GC(61) User=0.06s Sys=0.21s Real=0.10s
[2022-01-03T12:14:31.497+0530][gc,marking    ] GC(61) Concurrent Rebuild Remembered Sets
[2022-01-03T12:14:31.518+0530][gc,marking    ] GC(61) Concurrent Rebuild Remembered Sets 20.590ms
[2022-01-03T12:14:31.518+0530][gc,start      ] GC(61) Pause Cleanup
[2022-01-03T12:14:31.518+0530][gc            ] GC(61) Pause Cleanup 256M->256M(1024M) 0.142ms
[2022-01-03T12:14:31.518+0530][gc,cpu        ] GC(61) User=0.00s Sys=0.00s Real=0.00s
[2022-01-03T12:14:31.518+0530][gc,marking    ] GC(61) Concurrent Cleanup for Next Mark
[2022-01-03T12:14:31.527+0530][gc,marking    ] GC(61) Concurrent Cleanup for Next Mark 8.583ms
[2022-01-03T12:14:31.527+0530][gc            ] GC(61) Concurrent Cycle 191.456ms
[2022-01-03T12:17:37.532+0530][gc,start      ] GC(62) Pause Young (Prepare Mixed) (G1 Evacuation Pause)
[2022-01-03T12:17:37.533+0530][gc,task       ] GC(62) Using 4 workers of 4 for evacuation
[2022-01-03T12:17:37.547+0530][gc,phases     ] GC(62)   Pre Evacuate Collection Set: 0.3ms
[2022-01-03T12:17:37.547+0530][gc,phases     ] GC(62)   Evacuate Collection Set: 12.7ms
[2022-01-03T12:17:37.547+0530][gc,phases     ] GC(62)   Post Evacuate Collection Set: 0.6ms
[2022-01-03T12:17:37.547+0530][gc,phases     ] GC(62)   Other: 1.6ms
[2022-01-03T12:17:37.547+0530][gc,heap       ] GC(62) Eden regions: 78->0(48)
[2022-01-03T12:17:37.547+0530][gc,heap       ] GC(62) Survivor regions: 4->3(11)
[2022-01-03T12:17:37.547+0530][gc,heap       ] GC(62) Old regions: 91->91
[2022-01-03T12:17:37.547+0530][gc,heap       ] GC(62) Humongous regions: 280->129
[2022-01-03T12:17:37.547+0530][gc,metaspace  ] GC(62) Metaspace: 52308K->52308K(1097728K)
[2022-01-03T12:17:37.547+0530][gc            ] GC(62) Pause Young (Prepare Mixed) (G1 Evacuation Pause) 451M->222M(1024M) 15.394ms
[2022-01-03T12:17:37.547+0530][gc,cpu        ] GC(62) User=0.02s Sys=0.01s Real=0.01s
[2022-01-03T12:19:32.954+0530][gc,start      ] GC(63) Pause Young (Mixed) (G1 Evacuation Pause)
[2022-01-03T12:19:32.954+0530][gc,task       ] GC(63) Using 4 workers of 4 for evacuation
[2022-01-03T12:19:32.960+0530][gc,phases     ] GC(63)   Pre Evacuate Collection Set: 0.0ms
[2022-01-03T12:19:32.960+0530][gc,phases     ] GC(63)   Evacuate Collection Set: 5.4ms
[2022-01-03T12:19:32.960+0530][gc,phases     ] GC(63)   Post Evacuate Collection Set: 0.4ms
[2022-01-03T12:19:32.960+0530][gc,phases     ] GC(63)   Other: 0.3ms
[2022-01-03T12:19:32.960+0530][gc,heap       ] GC(63) Eden regions: 48->0(47)
[2022-01-03T12:19:32.960+0530][gc,heap       ] GC(63) Survivor regions: 3->4(7)
[2022-01-03T12:19:32.960+0530][gc,heap       ] GC(63) Old regions: 91->81
[2022-01-03T12:19:32.960+0530][gc,heap       ] GC(63) Humongous regions: 129->129
[2022-01-03T12:19:32.960+0530][gc,metaspace  ] GC(63) Metaspace: 52308K->52308K(1097728K)
[2022-01-03T12:19:32.960+0530][gc            ] GC(63) Pause Young (Mixed) (G1 Evacuation Pause) 270M->212M(1024M) 6.335ms
[2022-01-03T12:19:32.960+0530][gc,cpu        ] GC(63) User=0.02s Sys=0.00s Real=0.01s
[2022-01-03T12:21:26.505+0530][gc,start      ] GC(64) Pause Young (Mixed) (G1 Evacuation Pause)
[2022-01-03T12:21:26.505+0530][gc,task       ] GC(64) Using 4 workers of 4 for evacuation
[2022-01-03T12:21:26.511+0530][gc,phases     ] GC(64)   Pre Evacuate Collection Set: 0.0ms
[2022-01-03T12:21:26.511+0530][gc,phases     ] GC(64)   Evacuate Collection Set: 5.2ms
[2022-01-03T12:21:26.511+0530][gc,phases     ] GC(64)   Post Evacuate Collection Set: 0.3ms
[2022-01-03T12:21:26.511+0530][gc,phases     ] GC(64)   Other: 0.5ms
[2022-01-03T12:21:26.511+0530][gc,heap       ] GC(64) Eden regions: 47->0(47)
[2022-01-03T12:21:26.511+0530][gc,heap       ] GC(64) Survivor regions: 4->4(7)
[2022-01-03T12:21:26.511+0530][gc,heap       ] GC(64) Old regions: 81->70
[2022-01-03T12:21:26.511+0530][gc,heap       ] GC(64) Humongous regions: 129->129
[2022-01-03T12:21:26.511+0530][gc,metaspace  ] GC(64) Metaspace: 52308K->52308K(1097728K)
[2022-01-03T12:21:26.511+0530][gc            ] GC(64) Pause Young (Mixed) (G1 Evacuation Pause) 259M->202M(1024M) 6.144ms
[2022-01-03T12:21:26.511+0530][gc,cpu        ] GC(64) User=0.02s Sys=0.00s Real=0.01s
[2022-01-03T12:23:20.363+0530][gc,start      ] GC(65) Pause Young (Mixed) (G1 Evacuation Pause)
[2022-01-03T12:23:20.380+0530][gc,task       ] GC(65) Using 4 workers of 4 for evacuation
[2022-01-03T12:23:20.389+0530][gc,phases     ] GC(65)   Pre Evacuate Collection Set: 0.0ms
[2022-01-03T12:23:20.389+0530][gc,phases     ] GC(65)   Evacuate Collection Set: 6.2ms
[2022-01-03T12:23:20.389+0530][gc,phases     ] GC(65)   Post Evacuate Collection Set: 0.7ms
[2022-01-03T12:23:20.389+0530][gc,phases     ] GC(65)   Other: 18.9ms
[2022-01-03T12:23:20.389+0530][gc,heap       ] GC(65) Eden regions: 47->0(109)
[2022-01-03T12:23:20.389+0530][gc,heap       ] GC(65) Survivor regions: 4->5(7)
[2022-01-03T12:23:20.389+0530][gc,heap       ] GC(65) Old regions: 70->67
[2022-01-03T12:23:20.389+0530][gc,heap       ] GC(65) Humongous regions: 129->129
[2022-01-03T12:23:20.389+0530][gc,metaspace  ] GC(65) Metaspace: 52308K->52308K(1097728K)
[2022-01-03T12:23:20.389+0530][gc            ] GC(65) Pause Young (Mixed) (G1 Evacuation Pause) 249M->199M(1024M) 26.024ms
[2022-01-03T12:23:20.389+0530][gc,cpu        ] GC(65) User=0.02s Sys=0.00s Real=0.02s
[2022-01-03T12:27:44.969+0530][gc,start      ] GC(66) Pause Young (Normal) (G1 Evacuation Pause)
[2022-01-03T12:27:44.969+0530][gc,task       ] GC(66) Using 4 workers of 4 for evacuation
[2022-01-03T12:27:44.975+0530][gc,phases     ] GC(66)   Pre Evacuate Collection Set: 0.0ms
[2022-01-03T12:27:44.976+0530][gc,phases     ] GC(66)   Evacuate Collection Set: 5.5ms
[2022-01-03T12:27:44.976+0530][gc,phases     ] GC(66)   Post Evacuate Collection Set: 0.3ms
[2022-01-03T12:27:44.976+0530][gc,phases     ] GC(66)   Other: 0.3ms
[2022-01-03T12:27:44.976+0530][gc,heap       ] GC(66) Eden regions: 109->0(225)
[2022-01-03T12:27:44.976+0530][gc,heap       ] GC(66) Survivor regions: 5->3(15)
[2022-01-03T12:27:44.976+0530][gc,heap       ] GC(66) Old regions: 67->67
[2022-01-03T12:27:44.976+0530][gc,heap       ] GC(66) Humongous regions: 129->129
[2022-01-03T12:27:44.976+0530][gc,metaspace  ] GC(66) Metaspace: 52308K->52308K(1097728K)
[2022-01-03T12:27:44.976+0530][gc            ] GC(66) Pause Young (Normal) (G1 Evacuation Pause) 308M->198M(1024M) 6.264ms
[2022-01-03T12:27:44.976+0530][gc,cpu        ] GC(66) User=0.01s Sys=0.00s Real=0.01s
[2022-01-03T12:36:57.417+0530][gc,start      ] GC(67) Pause Young (Normal) (G1 Evacuation Pause)
[2022-01-03T12:36:57.451+0530][gc,task       ] GC(67) Using 4 workers of 4 for evacuation
[2022-01-03T12:36:57.462+0530][gc,phases     ] GC(67)   Pre Evacuate Collection Set: 0.1ms
[2022-01-03T12:36:57.462+0530][gc,phases     ] GC(67)   Evacuate Collection Set: 9.0ms
[2022-01-03T12:36:57.462+0530][gc,phases     ] GC(67)   Post Evacuate Collection Set: 0.6ms
[2022-01-03T12:36:57.462+0530][gc,phases     ] GC(67)   Other: 34.3ms
[2022-01-03T12:36:57.462+0530][gc,heap       ] GC(67) Eden regions: 225->0(230)
[2022-01-03T12:36:57.462+0530][gc,heap       ] GC(67) Survivor regions: 3->4(29)
[2022-01-03T12:36:57.462+0530][gc,heap       ] GC(67) Old regions: 67->67
[2022-01-03T12:36:57.462+0530][gc,heap       ] GC(67) Humongous regions: 129->129
[2022-01-03T12:36:57.462+0530][gc,metaspace  ] GC(67) Metaspace: 52308K->52308K(1097728K)
[2022-01-03T12:36:57.462+0530][gc            ] GC(67) Pause Young (Normal) (G1 Evacuation Pause) 423M->199M(1024M) 44.216ms
[2022-01-03T12:36:57.462+0530][gc,cpu        ] GC(67) User=0.03s Sys=0.00s Real=0.05s
[2022-01-03T12:39:52.132+0530][gc,start      ] GC(68) Pause Young (Concurrent Start) (G1 Humongous Allocation)
[2022-01-03T12:39:52.133+0530][gc,task       ] GC(68) Using 4 workers of 4 for evacuation
[2022-01-03T12:39:52.156+0530][gc,mmu        ] GC(68) MMU target violated: 21.0ms (20.0ms/21.0ms)
[2022-01-03T12:39:52.156+0530][gc,phases     ] GC(68)   Pre Evacuate Collection Set: 0.9ms
[2022-01-03T12:39:52.156+0530][gc,phases     ] GC(68)   Evacuate Collection Set: 20.2ms
[2022-01-03T12:39:52.156+0530][gc,phases     ] GC(68)   Post Evacuate Collection Set: 0.7ms
[2022-01-03T12:39:52.156+0530][gc,phases     ] GC(68)   Other: 2.6ms
[2022-01-03T12:39:52.156+0530][gc,heap       ] GC(68) Eden regions: 77->0(98)
[2022-01-03T12:39:52.156+0530][gc,heap       ] GC(68) Survivor regions: 4->4(30)
[2022-01-03T12:39:52.156+0530][gc,heap       ] GC(68) Old regions: 67->67
[2022-01-03T12:39:52.156+0530][gc,heap       ] GC(68) Humongous regions: 272->129
[2022-01-03T12:39:52.156+0530][gc,metaspace  ] GC(68) Metaspace: 52310K->52310K(1097728K)
[2022-01-03T12:39:52.156+0530][gc            ] GC(68) Pause Young (Concurrent Start) (G1 Humongous Allocation) 419M->199M(1024M) 24.513ms
[2022-01-03T12:39:52.156+0530][gc,cpu        ] GC(68) User=0.02s Sys=0.03s Real=0.02s
[2022-01-03T12:39:52.156+0530][gc            ] GC(69) Concurrent Cycle
[2022-01-03T12:39:52.157+0530][gc,marking    ] GC(69) Concurrent Clear Claimed Marks
[2022-01-03T12:39:52.157+0530][gc,marking    ] GC(69) Concurrent Clear Claimed Marks 0.280ms
[2022-01-03T12:39:52.157+0530][gc,marking    ] GC(69) Concurrent Scan Root Regions
[2022-01-03T12:39:52.174+0530][gc,marking    ] GC(69) Concurrent Scan Root Regions 17.167ms
[2022-01-03T12:39:52.174+0530][gc,marking    ] GC(69) Concurrent Mark (10819.741s)
[2022-01-03T12:39:52.175+0530][gc,marking    ] GC(69) Concurrent Mark From Roots
[2022-01-03T12:39:52.175+0530][gc,task       ] GC(69) Using 1 workers of 1 for marking
[2022-01-03T12:39:52.220+0530][gc,marking    ] GC(69) Concurrent Mark From Roots 45.769ms
[2022-01-03T12:39:52.220+0530][gc,marking    ] GC(69) Concurrent Preclean
[2022-01-03T12:39:52.221+0530][gc,marking    ] GC(69) Concurrent Preclean 0.138ms
[2022-01-03T12:39:52.221+0530][gc,marking    ] GC(69) Concurrent Mark (10819.741s, 10819.787s) 46.270ms
[2022-01-03T12:39:52.221+0530][gc,start      ] GC(69) Pause Remark
[2022-01-03T12:39:52.264+0530][gc,stringtable] GC(69) Cleaned string and symbol table, strings: 17773 processed, 1 removed, symbols: 124569 processed, 28 removed
[2022-01-03T12:39:52.264+0530][gc,mmu        ] GC(69) MMU target violated: 21.0ms (20.0ms/21.0ms)
[2022-01-03T12:39:52.264+0530][gc            ] GC(69) Pause Remark 232M->227M(1024M) 43.213ms
[2022-01-03T12:39:52.264+0530][gc,cpu        ] GC(69) User=0.05s Sys=0.10s Real=0.04s
[2022-01-03T12:39:52.264+0530][gc,marking    ] GC(69) Concurrent Rebuild Remembered Sets
[2022-01-03T12:39:52.282+0530][gc,marking    ] GC(69) Concurrent Rebuild Remembered Sets 17.621ms
[2022-01-03T12:39:52.282+0530][gc,start      ] GC(69) Pause Cleanup
[2022-01-03T12:39:52.282+0530][gc            ] GC(69) Pause Cleanup 227M->227M(1024M) 0.162ms
[2022-01-03T12:39:52.282+0530][gc,cpu        ] GC(69) User=0.00s Sys=0.00s Real=0.00s
[2022-01-03T12:39:52.282+0530][gc,marking    ] GC(69) Concurrent Cleanup for Next Mark
[2022-01-03T12:39:52.298+0530][gc,marking    ] GC(69) Concurrent Cleanup for Next Mark 15.745ms
[2022-01-03T12:39:52.298+0530][gc            ] GC(69) Concurrent Cycle 141.472ms
[2022-01-03T12:43:37.804+0530][gc,start      ] GC(70) Pause Young (Normal) (G1 Evacuation Pause)
[2022-01-03T12:43:37.804+0530][gc,task       ] GC(70) Using 4 workers of 4 for evacuation
[2022-01-03T12:43:37.815+0530][gc,phases     ] GC(70)   Pre Evacuate Collection Set: 0.0ms
[2022-01-03T12:43:37.815+0530][gc,phases     ] GC(70)   Evacuate Collection Set: 10.9ms
[2022-01-03T12:43:37.815+0530][gc,phases     ] GC(70)   Post Evacuate Collection Set: 0.3ms
[2022-01-03T12:43:37.815+0530][gc,phases     ] GC(70)   Other: 0.3ms
[2022-01-03T12:43:37.815+0530][gc,heap       ] GC(70) Eden regions: 93->0(99)
[2022-01-03T12:43:37.815+0530][gc,heap       ] GC(70) Survivor regions: 4->5(13)
[2022-01-03T12:43:37.815+0530][gc,heap       ] GC(70) Old regions: 62->62
[2022-01-03T12:43:37.815+0530][gc,heap       ] GC(70) Humongous regions: 232->129
[2022-01-03T12:43:37.815+0530][gc,metaspace  ] GC(70) Metaspace: 52311K->52311K(1097728K)
[2022-01-03T12:43:37.815+0530][gc            ] GC(70) Pause Young (Normal) (G1 Evacuation Pause) 390M->195M(1024M) 11.694ms
[2022-01-03T12:43:37.815+0530][gc,cpu        ] GC(70) User=0.02s Sys=0.01s Real=0.01s
[2022-01-03T12:47:38.640+0530][gc,start      ] GC(71) Pause Young (Normal) (G1 Evacuation Pause)
[2022-01-03T12:47:38.652+0530][gc,task       ] GC(71) Using 4 workers of 4 for evacuation
[2022-01-03T12:47:38.667+0530][gc,phases     ] GC(71)   Pre Evacuate Collection Set: 0.0ms
[2022-01-03T12:47:38.668+0530][gc,phases     ] GC(71)   Evacuate Collection Set: 14.3ms
[2022-01-03T12:47:38.668+0530][gc,phases     ] GC(71)   Post Evacuate Collection Set: 1.2ms
[2022-01-03T12:47:38.668+0530][gc,phases     ] GC(71)   Other: 12.4ms
[2022-01-03T12:47:38.668+0530][gc,heap       ] GC(71) Eden regions: 99->0(97)
[2022-01-03T12:47:38.668+0530][gc,heap       ] GC(71) Survivor regions: 5->6(13)
[2022-01-03T12:47:38.668+0530][gc,heap       ] GC(71) Old regions: 62->62
[2022-01-03T12:47:38.668+0530][gc,heap       ] GC(71) Humongous regions: 136->136
[2022-01-03T12:47:38.668+0530][gc,metaspace  ] GC(71) Metaspace: 52315K->52315K(1097728K)
[2022-01-03T12:47:38.668+0530][gc            ] GC(71) Pause Young (Normal) (G1 Evacuation Pause) 301M->203M(1024M) 28.130ms
[2022-01-03T12:47:38.668+0530][gc,cpu        ] GC(71) User=0.03s Sys=0.02s Real=0.03s
[2022-01-03T12:51:27.330+0530][gc,start      ] GC(72) Pause Young (Normal) (G1 Evacuation Pause)
[2022-01-03T12:51:27.336+0530][gc,task       ] GC(72) Using 4 workers of 4 for evacuation
[2022-01-03T12:51:27.345+0530][gc,phases     ] GC(72)   Pre Evacuate Collection Set: 0.3ms
[2022-01-03T12:51:27.345+0530][gc,phases     ] GC(72)   Evacuate Collection Set: 7.5ms
[2022-01-03T12:51:27.345+0530][gc,phases     ] GC(72)   Post Evacuate Collection Set: 0.7ms
[2022-01-03T12:51:27.345+0530][gc,phases     ] GC(72)   Other: 6.4ms
[2022-01-03T12:51:27.345+0530][gc,heap       ] GC(72) Eden regions: 97->0(100)
[2022-01-03T12:51:27.345+0530][gc,heap       ] GC(72) Survivor regions: 6->4(13)
[2022-01-03T12:51:27.345+0530][gc,heap       ] GC(72) Old regions: 62->62
[2022-01-03T12:51:27.345+0530][gc,heap       ] GC(72) Humongous regions: 162->129
[2022-01-03T12:51:27.345+0530][gc,metaspace  ] GC(72) Metaspace: 52321K->52321K(1097728K)
[2022-01-03T12:51:27.345+0530][gc            ] GC(72) Pause Young (Normal) (G1 Evacuation Pause) 326M->194M(1024M) 15.216ms
[2022-01-03T12:51:27.345+0530][gc,cpu        ] GC(72) User=0.02s Sys=0.01s Real=0.01s
[2022-01-03T12:55:25.219+0530][gc,start      ] GC(73) Pause Young (Normal) (G1 Evacuation Pause)
[2022-01-03T12:55:25.240+0530][gc,task       ] GC(73) Using 4 workers of 4 for evacuation
[2022-01-03T12:55:25.248+0530][gc,phases     ] GC(73)   Pre Evacuate Collection Set: 0.1ms
[2022-01-03T12:55:25.248+0530][gc,phases     ] GC(73)   Evacuate Collection Set: 7.3ms
[2022-01-03T12:55:25.248+0530][gc,phases     ] GC(73)   Post Evacuate Collection Set: 0.3ms
[2022-01-03T12:55:25.248+0530][gc,phases     ] GC(73)   Other: 21.7ms
[2022-01-03T12:55:25.248+0530][gc,heap       ] GC(73) Eden regions: 100->0(104)
[2022-01-03T12:55:25.248+0530][gc,heap       ] GC(73) Survivor regions: 4->6(13)
[2022-01-03T12:55:25.248+0530][gc,heap       ] GC(73) Old regions: 62->62
[2022-01-03T12:55:25.248+0530][gc,heap       ] GC(73) Humongous regions: 129->129
[2022-01-03T12:55:25.248+0530][gc,metaspace  ] GC(73) Metaspace: 52326K->52326K(1097728K)
[2022-01-03T12:55:25.248+0530][gc            ] GC(73) Pause Young (Normal) (G1 Evacuation Pause) 294M->196M(1024M) 29.514ms
[2022-01-03T12:55:25.248+0530][gc,cpu        ] GC(73) User=0.03s Sys=0.00s Real=0.03s
[2022-01-03T12:59:31.575+0530][gc,start      ] GC(74) Pause Young (Normal) (G1 Evacuation Pause)
[2022-01-03T12:59:31.589+0530][gc,task       ] GC(74) Using 4 workers of 4 for evacuation
[2022-01-03T12:59:31.599+0530][gc,phases     ] GC(74)   Pre Evacuate Collection Set: 0.0ms
[2022-01-03T12:59:31.599+0530][gc,phases     ] GC(74)   Evacuate Collection Set: 8.6ms
[2022-01-03T12:59:31.599+0530][gc,phases     ] GC(74)   Post Evacuate Collection Set: 0.4ms
[2022-01-03T12:59:31.599+0530][gc,phases     ] GC(74)   Other: 14.3ms
[2022-01-03T12:59:31.599+0530][gc,heap       ] GC(74) Eden regions: 104->0(107)
[2022-01-03T12:59:31.599+0530][gc,heap       ] GC(74) Survivor regions: 6->4(14)
[2022-01-03T12:59:31.599+0530][gc,heap       ] GC(74) Old regions: 62->62
[2022-01-03T12:59:31.599+0530][gc,heap       ] GC(74) Humongous regions: 129->129
[2022-01-03T12:59:31.599+0530][gc,metaspace  ] GC(74) Metaspace: 52326K->52326K(1097728K)
[2022-01-03T12:59:31.599+0530][gc            ] GC(74) Pause Young (Normal) (G1 Evacuation Pause) 300M->194M(1024M) 23.472ms
[2022-01-03T12:59:31.599+0530][gc,cpu        ] GC(74) User=0.02s Sys=0.01s Real=0.02s
[2022-01-03T13:03:45.166+0530][gc,start      ] GC(75) Pause Young (Normal) (G1 Evacuation Pause)
[2022-01-03T13:03:45.175+0530][gc,task       ] GC(75) Using 4 workers of 4 for evacuation
[2022-01-03T13:03:45.189+0530][gc,phases     ] GC(75)   Pre Evacuate Collection Set: 0.0ms
[2022-01-03T13:03:45.189+0530][gc,phases     ] GC(75)   Evacuate Collection Set: 12.8ms
[2022-01-03T13:03:45.189+0530][gc,phases     ] GC(75)   Post Evacuate Collection Set: 0.7ms
[2022-01-03T13:03:45.189+0530][gc,phases     ] GC(75)   Other: 9.9ms
[2022-01-03T13:03:45.189+0530][gc,heap       ] GC(75) Eden regions: 107->0(108)
[2022-01-03T13:03:45.189+0530][gc,heap       ] GC(75) Survivor regions: 4->7(14)
[2022-01-03T13:03:45.189+0530][gc,heap       ] GC(75) Old regions: 62->63
[2022-01-03T13:03:45.189+0530][gc,heap       ] GC(75) Humongous regions: 129->129
[2022-01-03T13:03:45.189+0530][gc,metaspace  ] GC(75) Metaspace: 52327K->52327K(1097728K)
[2022-01-03T13:03:45.189+0530][gc            ] GC(75) Pause Young (Normal) (G1 Evacuation Pause) 301M->197M(1024M) 23.761ms
[2022-01-03T13:03:45.189+0530][gc,cpu        ] GC(75) User=0.03s Sys=0.01s Real=0.02s
[2022-01-03T13:08:29.047+0530][gc,start      ] GC(76) Pause Young (Normal) (G1 Evacuation Pause)
[2022-01-03T13:08:29.058+0530][gc,task       ] GC(76) Using 4 workers of 4 for evacuation
[2022-01-03T13:08:29.093+0530][gc,mmu        ] GC(76) MMU target violated: 21.0ms (20.0ms/21.0ms)
[2022-01-03T13:08:29.093+0530][gc,phases     ] GC(76)   Pre Evacuate Collection Set: 2.2ms
[2022-01-03T13:08:29.093+0530][gc,phases     ] GC(76)   Evacuate Collection Set: 29.3ms
[2022-01-03T13:08:29.093+0530][gc,phases     ] GC(76)   Post Evacuate Collection Set: 2.2ms
[2022-01-03T13:08:29.094+0530][gc,phases     ] GC(76)   Other: 12.2ms
[2022-01-03T13:08:29.094+0530][gc,heap       ] GC(76) Eden regions: 108->0(106)
[2022-01-03T13:08:29.094+0530][gc,heap       ] GC(76) Survivor regions: 7->5(15)
[2022-01-03T13:08:29.094+0530][gc,heap       ] GC(76) Old regions: 63->63
[2022-01-03T13:08:29.094+0530][gc,heap       ] GC(76) Humongous regions: 162->129
[2022-01-03T13:08:29.094+0530][gc,metaspace  ] GC(76) Metaspace: 52332K->52332K(1097728K)
[2022-01-03T13:08:29.094+0530][gc            ] GC(76) Pause Young (Normal) (G1 Evacuation Pause) 338M->196M(1024M) 46.950ms
[2022-01-03T13:08:29.094+0530][gc,cpu        ] GC(76) User=0.03s Sys=0.06s Real=0.05s
[2022-01-03T13:12:40.784+0530][gc,start      ] GC(77) Pause Young (Normal) (G1 Evacuation Pause)
[2022-01-03T13:12:40.807+0530][gc,task       ] GC(77) Using 4 workers of 4 for evacuation
[2022-01-03T13:12:40.815+0530][gc,phases     ] GC(77)   Pre Evacuate Collection Set: 0.0ms
[2022-01-03T13:12:40.815+0530][gc,phases     ] GC(77)   Evacuate Collection Set: 7.2ms
[2022-01-03T13:12:40.815+0530][gc,phases     ] GC(77)   Post Evacuate Collection Set: 0.4ms
[2022-01-03T13:12:40.815+0530][gc,phases     ] GC(77)   Other: 23.4ms
[2022-01-03T13:12:40.815+0530][gc,heap       ] GC(77) Eden regions: 106->0(113)
[2022-01-03T13:12:40.815+0530][gc,heap       ] GC(77) Survivor regions: 5->4(14)
[2022-01-03T13:12:40.815+0530][gc,heap       ] GC(77) Old regions: 63->63
[2022-01-03T13:12:40.815+0530][gc,heap       ] GC(77) Humongous regions: 129->129
[2022-01-03T13:12:40.815+0530][gc,metaspace  ] GC(77) Metaspace: 52332K->52332K(1097728K)
[2022-01-03T13:12:40.815+0530][gc            ] GC(77) Pause Young (Normal) (G1 Evacuation Pause) 302M->195M(1024M) 31.154ms
[2022-01-03T13:12:40.815+0530][gc,cpu        ] GC(77) User=0.02s Sys=0.00s Real=0.03s
[2022-01-03T13:17:13.259+0530][gc,start      ] GC(78) Pause Young (Normal) (G1 Evacuation Pause)
[2022-01-03T13:17:13.267+0530][gc,task       ] GC(78) Using 4 workers of 4 for evacuation
[2022-01-03T13:17:13.281+0530][gc,phases     ] GC(78)   Pre Evacuate Collection Set: 0.3ms
[2022-01-03T13:17:13.281+0530][gc,phases     ] GC(78)   Evacuate Collection Set: 13.0ms
[2022-01-03T13:17:13.281+0530][gc,phases     ] GC(78)   Post Evacuate Collection Set: 0.3ms
[2022-01-03T13:17:13.281+0530][gc,phases     ] GC(78)   Other: 8.3ms
[2022-01-03T13:17:13.281+0530][gc,heap       ] GC(78) Eden regions: 113->0(113)
[2022-01-03T13:17:13.281+0530][gc,heap       ] GC(78) Survivor regions: 4->7(15)
[2022-01-03T13:17:13.281+0530][gc,heap       ] GC(78) Old regions: 63->63
[2022-01-03T13:17:13.281+0530][gc,heap       ] GC(78) Humongous regions: 129->129
[2022-01-03T13:17:13.281+0530][gc,metaspace  ] GC(78) Metaspace: 52336K->52336K(1097728K)
[2022-01-03T13:17:13.281+0530][gc            ] GC(78) Pause Young (Normal) (G1 Evacuation Pause) 308M->197M(1024M) 21.950ms
[2022-01-03T13:17:13.281+0530][gc,cpu        ] GC(78) User=0.03s Sys=0.01s Real=0.03s
[2022-01-03T13:21:43.508+0530][gc,start      ] GC(79) Pause Young (Normal) (G1 Evacuation Pause)
[2022-01-03T13:21:43.593+0530][gc,task       ] GC(79) Using 4 workers of 4 for evacuation
[2022-01-03T13:21:43.604+0530][gc,phases     ] GC(79)   Pre Evacuate Collection Set: 0.0ms
[2022-01-03T13:21:43.604+0530][gc,phases     ] GC(79)   Evacuate Collection Set: 9.0ms
[2022-01-03T13:21:43.604+0530][gc,phases     ] GC(79)   Post Evacuate Collection Set: 0.3ms
[2022-01-03T13:21:43.604+0530][gc,phases     ] GC(79)   Other: 86.2ms
[2022-01-03T13:21:43.604+0530][gc,heap       ] GC(79) Eden regions: 113->0(120)
[2022-01-03T13:21:43.604+0530][gc,heap       ] GC(79) Survivor regions: 7->6(15)
[2022-01-03T13:21:43.604+0530][gc,heap       ] GC(79) Old regions: 63->63
[2022-01-03T13:21:43.604+0530][gc,heap       ] GC(79) Humongous regions: 129->129
[2022-01-03T13:21:43.604+0530][gc,metaspace  ] GC(79) Metaspace: 52336K->52336K(1097728K)
[2022-01-03T13:21:43.604+0530][gc            ] GC(79) Pause Young (Normal) (G1 Evacuation Pause) 310M->197M(1024M) 95.717ms
[2022-01-03T13:21:43.604+0530][gc,cpu        ] GC(79) User=0.03s Sys=0.01s Real=0.10s
[2022-01-03T13:26:29.918+0530][gc,start      ] GC(80) Pause Young (Normal) (G1 Evacuation Pause)
[2022-01-03T13:26:29.931+0530][gc,task       ] GC(80) Using 4 workers of 4 for evacuation
[2022-01-03T13:26:29.947+0530][gc,phases     ] GC(80)   Pre Evacuate Collection Set: 0.3ms
[2022-01-03T13:26:29.947+0530][gc,phases     ] GC(80)   Evacuate Collection Set: 14.1ms
[2022-01-03T13:26:29.947+0530][gc,phases     ] GC(80)   Post Evacuate Collection Set: 0.4ms
[2022-01-03T13:26:29.947+0530][gc,phases     ] GC(80)   Other: 14.1ms
[2022-01-03T13:26:29.947+0530][gc,heap       ] GC(80) Eden regions: 120->0(117)
[2022-01-03T13:26:29.947+0530][gc,heap       ] GC(80) Survivor regions: 6->6(16)
[2022-01-03T13:26:29.947+0530][gc,heap       ] GC(80) Old regions: 63->63
[2022-01-03T13:26:29.947+0530][gc,heap       ] GC(80) Humongous regions: 129->129
[2022-01-03T13:26:29.947+0530][gc,metaspace  ] GC(80) Metaspace: 52336K->52336K(1097728K)
[2022-01-03T13:26:29.947+0530][gc            ] GC(80) Pause Young (Normal) (G1 Evacuation Pause) 317M->196M(1024M) 28.984ms
[2022-01-03T13:26:29.947+0530][gc,cpu        ] GC(80) User=0.03s Sys=0.02s Real=0.03s
[2022-01-03T13:31:11.931+0530][gc,start      ] GC(81) Pause Young (Normal) (G1 Evacuation Pause)
[2022-01-03T13:31:11.959+0530][gc,task       ] GC(81) Using 4 workers of 4 for evacuation
[2022-01-03T13:31:11.969+0530][gc,phases     ] GC(81)   Pre Evacuate Collection Set: 0.0ms
[2022-01-03T13:31:11.969+0530][gc,phases     ] GC(81)   Evacuate Collection Set: 9.0ms
[2022-01-03T13:31:11.969+0530][gc,phases     ] GC(81)   Post Evacuate Collection Set: 0.7ms
[2022-01-03T13:31:11.969+0530][gc,phases     ] GC(81)   Other: 28.4ms
[2022-01-03T13:31:11.969+0530][gc,heap       ] GC(81) Eden regions: 117->0(128)
[2022-01-03T13:31:11.969+0530][gc,heap       ] GC(81) Survivor regions: 6->6(16)
[2022-01-03T13:31:11.969+0530][gc,heap       ] GC(81) Old regions: 63->63
[2022-01-03T13:31:11.969+0530][gc,heap       ] GC(81) Humongous regions: 129->129
[2022-01-03T13:31:11.969+0530][gc,metaspace  ] GC(81) Metaspace: 52337K->52337K(1097728K)
[2022-01-03T13:31:11.969+0530][gc            ] GC(81) Pause Young (Normal) (G1 Evacuation Pause) 313M->196M(1024M) 38.442ms
[2022-01-03T13:31:11.969+0530][gc,cpu        ] GC(81) User=0.02s Sys=0.00s Real=0.03s
[2022-01-03T13:36:20.911+0530][gc,start      ] GC(82) Pause Young (Normal) (G1 Evacuation Pause)
[2022-01-03T13:36:20.922+0530][gc,task       ] GC(82) Using 4 workers of 4 for evacuation
[2022-01-03T13:36:20.942+0530][gc,phases     ] GC(82)   Pre Evacuate Collection Set: 0.6ms
[2022-01-03T13:36:20.942+0530][gc,phases     ] GC(82)   Evacuate Collection Set: 17.9ms
[2022-01-03T13:36:20.942+0530][gc,phases     ] GC(82)   Post Evacuate Collection Set: 0.8ms
[2022-01-03T13:36:20.942+0530][gc,phases     ] GC(82)   Other: 11.5ms
[2022-01-03T13:36:20.942+0530][gc,heap       ] GC(82) Eden regions: 128->0(130)
[2022-01-03T13:36:20.942+0530][gc,heap       ] GC(82) Survivor regions: 6->6(17)
[2022-01-03T13:36:20.942+0530][gc,heap       ] GC(82) Old regions: 63->63
[2022-01-03T13:36:20.942+0530][gc,heap       ] GC(82) Humongous regions: 197->129
[2022-01-03T13:36:20.942+0530][gc,metaspace  ] GC(82) Metaspace: 52344K->52344K(1097728K)
[2022-01-03T13:36:20.942+0530][gc            ] GC(82) Pause Young (Normal) (G1 Evacuation Pause) 392M->197M(1024M) 30.949ms
[2022-01-03T13:36:20.942+0530][gc,cpu        ] GC(82) User=0.03s Sys=0.03s Real=0.03s
[2022-01-03T13:41:30.357+0530][gc,start      ] GC(83) Pause Young (Normal) (G1 Evacuation Pause)
[2022-01-03T13:41:30.372+0530][gc,task       ] GC(83) Using 4 workers of 4 for evacuation
[2022-01-03T13:41:30.382+0530][gc,phases     ] GC(83)   Pre Evacuate Collection Set: 0.0ms
[2022-01-03T13:41:30.382+0530][gc,phases     ] GC(83)   Evacuate Collection Set: 9.1ms
[2022-01-03T13:41:30.382+0530][gc,phases     ] GC(83)   Post Evacuate Collection Set: 0.3ms
[2022-01-03T13:41:30.382+0530][gc,phases     ] GC(83)   Other: 15.6ms
[2022-01-03T13:41:30.382+0530][gc,heap       ] GC(83) Eden regions: 130->0(141)
[2022-01-03T13:41:30.382+0530][gc,heap       ] GC(83) Survivor regions: 6->6(17)
[2022-01-03T13:41:30.382+0530][gc,heap       ] GC(83) Old regions: 63->63
[2022-01-03T13:41:30.382+0530][gc,heap       ] GC(83) Humongous regions: 129->129
[2022-01-03T13:41:30.382+0530][gc,metaspace  ] GC(83) Metaspace: 52344K->52344K(1097728K)
[2022-01-03T13:41:30.382+0530][gc            ] GC(83) Pause Young (Normal) (G1 Evacuation Pause) 327M->197M(1024M) 25.093ms
[2022-01-03T13:41:30.382+0530][gc,cpu        ] GC(83) User=0.03s Sys=0.01s Real=0.03s
[2022-01-03T13:47:15.525+0530][gc,start      ] GC(84) Pause Young (Normal) (G1 Evacuation Pause)
[2022-01-03T13:47:15.534+0530][gc,task       ] GC(84) Using 4 workers of 4 for evacuation
[2022-01-03T13:47:15.550+0530][gc,phases     ] GC(84)   Pre Evacuate Collection Set: 0.0ms
[2022-01-03T13:47:15.550+0530][gc,phases     ] GC(84)   Evacuate Collection Set: 15.2ms
[2022-01-03T13:47:15.550+0530][gc,phases     ] GC(84)   Post Evacuate Collection Set: 0.3ms
[2022-01-03T13:47:15.550+0530][gc,phases     ] GC(84)   Other: 9.2ms
[2022-01-03T13:47:15.550+0530][gc,heap       ] GC(84) Eden regions: 141->0(140)
[2022-01-03T13:47:15.550+0530][gc,heap       ] GC(84) Survivor regions: 6->7(19)
[2022-01-03T13:47:15.550+0530][gc,heap       ] GC(84) Old regions: 63->64
[2022-01-03T13:47:15.550+0530][gc,heap       ] GC(84) Humongous regions: 129->129
[2022-01-03T13:47:15.550+0530][gc,metaspace  ] GC(84) Metaspace: 52344K->52344K(1097728K)
[2022-01-03T13:47:15.550+0530][gc            ] GC(84) Pause Young (Normal) (G1 Evacuation Pause) 338M->198M(1024M) 24.872ms
[2022-01-03T13:47:15.550+0530][gc,cpu        ] GC(84) User=0.04s Sys=0.02s Real=0.03s
[2022-01-03T13:52:58.072+0530][gc,start      ] GC(85) Pause Young (Normal) (G1 Evacuation Pause)
[2022-01-03T13:52:58.086+0530][gc,task       ] GC(85) Using 4 workers of 4 for evacuation
[2022-01-03T13:52:58.094+0530][gc,phases     ] GC(85)   Pre Evacuate Collection Set: 0.1ms
[2022-01-03T13:52:58.094+0530][gc,phases     ] GC(85)   Evacuate Collection Set: 7.5ms
[2022-01-03T13:52:58.094+0530][gc,phases     ] GC(85)   Post Evacuate Collection Set: 0.3ms
[2022-01-03T13:52:58.094+0530][gc,phases     ] GC(85)   Other: 14.1ms
[2022-01-03T13:52:58.094+0530][gc,heap       ] GC(85) Eden regions: 140->0(156)
[2022-01-03T13:52:58.094+0530][gc,heap       ] GC(85) Survivor regions: 7->5(19)
[2022-01-03T13:52:58.094+0530][gc,heap       ] GC(85) Old regions: 64->64
[2022-01-03T13:52:58.094+0530][gc,heap       ] GC(85) Humongous regions: 129->129
[2022-01-03T13:52:58.094+0530][gc,metaspace  ] GC(85) Metaspace: 52344K->52344K(1097728K)
[2022-01-03T13:52:58.094+0530][gc            ] GC(85) Pause Young (Normal) (G1 Evacuation Pause) 338M->196M(1024M) 22.147ms
[2022-01-03T13:52:58.094+0530][gc,cpu        ] GC(85) User=0.02s Sys=0.01s Real=0.02s
[2022-01-03T13:59:19.618+0530][gc,start      ] GC(86) Pause Young (Normal) (G1 Evacuation Pause)
[2022-01-03T13:59:19.637+0530][gc,task       ] GC(86) Using 4 workers of 4 for evacuation
[2022-01-03T13:59:19.653+0530][gc,phases     ] GC(86)   Pre Evacuate Collection Set: 0.0ms
[2022-01-03T13:59:19.653+0530][gc,phases     ] GC(86)   Evacuate Collection Set: 15.1ms
[2022-01-03T13:59:19.653+0530][gc,phases     ] GC(86)   Post Evacuate Collection Set: 0.3ms
[2022-01-03T13:59:19.653+0530][gc,phases     ] GC(86)   Other: 19.6ms
[2022-01-03T13:59:19.653+0530][gc,heap       ] GC(86) Eden regions: 156->0(148)
[2022-01-03T13:59:19.653+0530][gc,heap       ] GC(86) Survivor regions: 5->7(21)
[2022-01-03T13:59:19.653+0530][gc,heap       ] GC(86) Old regions: 64->64
[2022-01-03T13:59:19.653+0530][gc,heap       ] GC(86) Humongous regions: 129->129
[2022-01-03T13:59:19.653+0530][gc,metaspace  ] GC(86) Metaspace: 52357K->52357K(1097728K)
[2022-01-03T13:59:19.653+0530][gc            ] GC(86) Pause Young (Normal) (G1 Evacuation Pause) 352M->198M(1024M) 35.164ms
[2022-01-03T13:59:19.653+0530][gc,cpu        ] GC(86) User=0.03s Sys=0.02s Real=0.04s
[2022-01-03T14:05:21.778+0530][gc,start      ] GC(87) Pause Young (Normal) (G1 Evacuation Pause)
[2022-01-03T14:05:21.800+0530][gc,task       ] GC(87) Using 4 workers of 4 for evacuation
[2022-01-03T14:05:21.808+0530][gc,phases     ] GC(87)   Pre Evacuate Collection Set: 0.0ms
[2022-01-03T14:05:21.808+0530][gc,phases     ] GC(87)   Evacuate Collection Set: 6.9ms
[2022-01-03T14:05:21.808+0530][gc,phases     ] GC(87)   Post Evacuate Collection Set: 0.3ms
[2022-01-03T14:05:21.808+0530][gc,phases     ] GC(87)   Other: 23.0ms
[2022-01-03T14:05:21.808+0530][gc,heap       ] GC(87) Eden regions: 148->0(166)
[2022-01-03T14:05:21.808+0530][gc,heap       ] GC(87) Survivor regions: 7->5(20)
[2022-01-03T14:05:21.808+0530][gc,heap       ] GC(87) Old regions: 64->64
[2022-01-03T14:05:21.808+0530][gc,heap       ] GC(87) Humongous regions: 129->129
[2022-01-03T14:05:21.808+0530][gc,metaspace  ] GC(87) Metaspace: 52357K->52357K(1097728K)
[2022-01-03T14:05:21.808+0530][gc            ] GC(87) Pause Young (Normal) (G1 Evacuation Pause) 346M->197M(1024M) 30.341ms
[2022-01-03T14:05:21.808+0530][gc,cpu        ] GC(87) User=0.03s Sys=0.01s Real=0.03s
[2022-01-03T14:12:12.622+0530][gc,start      ] GC(88) Pause Young (Normal) (G1 Evacuation Pause)
[2022-01-03T14:12:12.652+0530][gc,task       ] GC(88) Using 4 workers of 4 for evacuation
[2022-01-03T14:12:12.665+0530][gc,phases     ] GC(88)   Pre Evacuate Collection Set: 0.0ms
[2022-01-03T14:12:12.665+0530][gc,phases     ] GC(88)   Evacuate Collection Set: 12.3ms
[2022-01-03T14:12:12.665+0530][gc,phases     ] GC(88)   Post Evacuate Collection Set: 0.3ms
[2022-01-03T14:12:12.665+0530][gc,phases     ] GC(88)   Other: 30.3ms
[2022-01-03T14:12:12.665+0530][gc,heap       ] GC(88) Eden regions: 166->0(165)
[2022-01-03T14:12:12.665+0530][gc,heap       ] GC(88) Survivor regions: 5->5(22)
[2022-01-03T14:12:12.665+0530][gc,heap       ] GC(88) Old regions: 64->64
[2022-01-03T14:12:12.665+0530][gc,heap       ] GC(88) Humongous regions: 129->129
[2022-01-03T14:12:12.665+0530][gc,metaspace  ] GC(88) Metaspace: 52357K->52357K(1097728K)
[2022-01-03T14:12:12.665+0530][gc            ] GC(88) Pause Young (Normal) (G1 Evacuation Pause) 363M->197M(1024M) 43.054ms
[2022-01-03T14:12:12.666+0530][gc,cpu        ] GC(88) User=0.03s Sys=0.02s Real=0.04s
[2022-01-03T14:18:59.664+0530][gc,start      ] GC(89) Pause Young (Normal) (G1 Evacuation Pause)
[2022-01-03T14:18:59.680+0530][gc,task       ] GC(89) Using 4 workers of 4 for evacuation
[2022-01-03T14:18:59.687+0530][gc,phases     ] GC(89)   Pre Evacuate Collection Set: 0.0ms
[2022-01-03T14:18:59.687+0530][gc,phases     ] GC(89)   Evacuate Collection Set: 6.3ms
[2022-01-03T14:18:59.687+0530][gc,phases     ] GC(89)   Post Evacuate Collection Set: 0.3ms
[2022-01-03T14:18:59.687+0530][gc,phases     ] GC(89)   Other: 16.5ms
[2022-01-03T14:18:59.687+0530][gc,heap       ] GC(89) Eden regions: 165->0(179)
[2022-01-03T14:18:59.687+0530][gc,heap       ] GC(89) Survivor regions: 5->5(22)
[2022-01-03T14:18:59.687+0530][gc,heap       ] GC(89) Old regions: 64->64
[2022-01-03T14:18:59.687+0530][gc,heap       ] GC(89) Humongous regions: 129->129
[2022-01-03T14:18:59.687+0530][gc,metaspace  ] GC(89) Metaspace: 52357K->52357K(1097728K)
[2022-01-03T14:18:59.687+0530][gc            ] GC(89) Pause Young (Normal) (G1 Evacuation Pause) 362M->197M(1024M) 23.339ms
[2022-01-03T14:18:59.687+0530][gc,cpu        ] GC(89) User=0.02s Sys=0.00s Real=0.02s
[2022-01-03T14:26:23.464+0530][gc,start      ] GC(90) Pause Young (Normal) (G1 Evacuation Pause)
[2022-01-03T14:26:23.472+0530][gc,task       ] GC(90) Using 4 workers of 4 for evacuation
[2022-01-03T14:26:23.487+0530][gc,phases     ] GC(90)   Pre Evacuate Collection Set: 0.0ms
[2022-01-03T14:26:23.487+0530][gc,phases     ] GC(90)   Evacuate Collection Set: 14.0ms
[2022-01-03T14:26:23.487+0530][gc,phases     ] GC(90)   Post Evacuate Collection Set: 0.3ms
[2022-01-03T14:26:23.487+0530][gc,phases     ] GC(90)   Other: 9.3ms
[2022-01-03T14:26:23.487+0530][gc,heap       ] GC(90) Eden regions: 179->0(173)
[2022-01-03T14:26:23.487+0530][gc,heap       ] GC(90) Survivor regions: 5->5(23)
[2022-01-03T14:26:23.487+0530][gc,heap       ] GC(90) Old regions: 64->64
[2022-01-03T14:26:23.487+0530][gc,heap       ] GC(90) Humongous regions: 129->129
[2022-01-03T14:26:23.487+0530][gc,metaspace  ] GC(90) Metaspace: 52357K->52357K(1097728K)
[2022-01-03T14:26:23.487+0530][gc            ] GC(90) Pause Young (Normal) (G1 Evacuation Pause) 376M->197M(1024M) 23.781ms
[2022-01-03T14:26:23.487+0530][gc,cpu        ] GC(90) User=0.03s Sys=0.01s Real=0.02s
[2022-01-03T14:33:31.302+0530][gc,start      ] GC(91) Pause Young (Normal) (G1 Evacuation Pause)
[2022-01-03T14:33:31.329+0530][gc,task       ] GC(91) Using 4 workers of 4 for evacuation
[2022-01-03T14:33:31.338+0530][gc,phases     ] GC(91)   Pre Evacuate Collection Set: 0.0ms
[2022-01-03T14:33:31.338+0530][gc,phases     ] GC(91)   Evacuate Collection Set: 8.1ms
[2022-01-03T14:33:31.338+0530][gc,phases     ] GC(91)   Post Evacuate Collection Set: 0.3ms
[2022-01-03T14:33:31.338+0530][gc,phases     ] GC(91)   Other: 27.6ms
[2022-01-03T14:33:31.338+0530][gc,heap       ] GC(91) Eden regions: 173->0(182)
[2022-01-03T14:33:31.338+0530][gc,heap       ] GC(91) Survivor regions: 5->6(23)
[2022-01-03T14:33:31.338+0530][gc,heap       ] GC(91) Old regions: 64->64
[2022-01-03T14:33:31.338+0530][gc,heap       ] GC(91) Humongous regions: 129->129
[2022-01-03T14:33:31.338+0530][gc,metaspace  ] GC(91) Metaspace: 52357K->52357K(1097728K)
[2022-01-03T14:33:31.338+0530][gc            ] GC(91) Pause Young (Normal) (G1 Evacuation Pause) 370M->198M(1024M) 36.184ms
[2022-01-03T14:33:31.338+0530][gc,cpu        ] GC(91) User=0.03s Sys=0.01s Real=0.03s
[2022-01-03T14:40:50.068+0530][gc,start      ] GC(92) Pause Young (Normal) (G1 Evacuation Pause)
[2022-01-03T14:40:50.069+0530][gc,task       ] GC(92) Using 4 workers of 4 for evacuation
[2022-01-03T14:40:50.078+0530][gc,phases     ] GC(92)   Pre Evacuate Collection Set: 0.2ms
[2022-01-03T14:40:50.078+0530][gc,phases     ] GC(92)   Evacuate Collection Set: 8.6ms
[2022-01-03T14:40:50.079+0530][gc,phases     ] GC(92)   Post Evacuate Collection Set: 0.4ms
[2022-01-03T14:40:50.079+0530][gc,phases     ] GC(92)   Other: 1.6ms
[2022-01-03T14:40:50.079+0530][gc,heap       ] GC(92) Eden regions: 182->0(192)
[2022-01-03T14:40:50.079+0530][gc,heap       ] GC(92) Survivor regions: 6->3(24)
[2022-01-03T14:40:50.079+0530][gc,heap       ] GC(92) Old regions: 64->64
[2022-01-03T14:40:50.079+0530][gc,heap       ] GC(92) Humongous regions: 129->129
[2022-01-03T14:40:50.079+0530][gc,metaspace  ] GC(92) Metaspace: 52357K->52357K(1097728K)
[2022-01-03T14:40:50.079+0530][gc            ] GC(92) Pause Young (Normal) (G1 Evacuation Pause) 380M->195M(1024M) 10.962ms
[2022-01-03T14:40:50.079+0530][gc,cpu        ] GC(92) User=0.02s Sys=0.01s Real=0.01s
[2022-01-03T14:48:40.734+0530][gc,start      ] GC(93) Pause Young (Normal) (G1 Evacuation Pause)
[2022-01-03T14:48:40.763+0530][gc,task       ] GC(93) Using 4 workers of 4 for evacuation
[2022-01-03T14:48:40.780+0530][gc,phases     ] GC(93)   Pre Evacuate Collection Set: 0.5ms
[2022-01-03T14:48:40.780+0530][gc,phases     ] GC(93)   Evacuate Collection Set: 14.0ms
[2022-01-03T14:48:40.780+0530][gc,phases     ] GC(93)   Post Evacuate Collection Set: 0.7ms
[2022-01-03T14:48:40.780+0530][gc,phases     ] GC(93)   Other: 30.4ms
[2022-01-03T14:48:40.780+0530][gc,heap       ] GC(93) Eden regions: 192->0(186)
[2022-01-03T14:48:40.780+0530][gc,heap       ] GC(93) Survivor regions: 3->5(25)
[2022-01-03T14:48:40.780+0530][gc,heap       ] GC(93) Old regions: 64->64
[2022-01-03T14:48:40.780+0530][gc,heap       ] GC(93) Humongous regions: 129->129
[2022-01-03T14:48:40.780+0530][gc,metaspace  ] GC(93) Metaspace: 52357K->52357K(1097728K)
[2022-01-03T14:48:40.780+0530][gc            ] GC(93) Pause Young (Normal) (G1 Evacuation Pause) 387M->197M(1024M) 45.859ms
[2022-01-03T14:48:40.780+0530][gc,cpu        ] GC(93) User=0.02s Sys=0.03s Real=0.05s
[2022-01-03T14:56:15.940+0530][gc,start      ] GC(94) Pause Young (Normal) (G1 Evacuation Pause)
[2022-01-03T14:56:15.947+0530][gc,task       ] GC(94) Using 4 workers of 4 for evacuation
[2022-01-03T14:56:15.954+0530][gc,phases     ] GC(94)   Pre Evacuate Collection Set: 0.3ms
[2022-01-03T14:56:15.954+0530][gc,phases     ] GC(94)   Evacuate Collection Set: 6.2ms
[2022-01-03T14:56:15.954+0530][gc,phases     ] GC(94)   Post Evacuate Collection Set: 0.5ms
[2022-01-03T14:56:15.954+0530][gc,phases     ] GC(94)   Other: 7.3ms
[2022-01-03T14:56:15.954+0530][gc,heap       ] GC(94) Eden regions: 186->0(202)
[2022-01-03T14:56:15.954+0530][gc,heap       ] GC(94) Survivor regions: 5->3(24)
[2022-01-03T14:56:15.954+0530][gc,heap       ] GC(94) Old regions: 64->65
[2022-01-03T14:56:15.954+0530][gc,heap       ] GC(94) Humongous regions: 129->129
[2022-01-03T14:56:15.954+0530][gc,metaspace  ] GC(94) Metaspace: 52359K->52359K(1097728K)
[2022-01-03T14:56:15.954+0530][gc            ] GC(94) Pause Young (Normal) (G1 Evacuation Pause) 383M->195M(1024M) 14.422ms
[2022-01-03T14:56:15.954+0530][gc,cpu        ] GC(94) User=0.01s Sys=0.01s Real=0.01s
[2022-01-03T15:04:32.136+0530][gc,start      ] GC(95) Pause Young (Normal) (G1 Evacuation Pause)
[2022-01-03T15:04:32.152+0530][gc,task       ] GC(95) Using 4 workers of 4 for evacuation
[2022-01-03T15:04:32.181+0530][gc,mmu        ] GC(95) MMU target violated: 21.0ms (20.0ms/21.0ms)
[2022-01-03T15:04:32.181+0530][gc,phases     ] GC(95)   Pre Evacuate Collection Set: 0.0ms
[2022-01-03T15:04:32.181+0530][gc,phases     ] GC(95)   Evacuate Collection Set: 28.1ms
[2022-01-03T15:04:32.181+0530][gc,phases     ] GC(95)   Post Evacuate Collection Set: 0.4ms
[2022-01-03T15:04:32.181+0530][gc,phases     ] GC(95)   Other: 16.5ms
[2022-01-03T15:04:32.181+0530][gc,heap       ] GC(95) Eden regions: 202->0(134)
[2022-01-03T15:04:32.181+0530][gc,heap       ] GC(95) Survivor regions: 3->6(26)
[2022-01-03T15:04:32.181+0530][gc,heap       ] GC(95) Old regions: 65->65
[2022-01-03T15:04:32.181+0530][gc,heap       ] GC(95) Humongous regions: 129->129
[2022-01-03T15:04:32.181+0530][gc,metaspace  ] GC(95) Metaspace: 52359K->52359K(1097728K)
[2022-01-03T15:04:32.181+0530][gc            ] GC(95) Pause Young (Normal) (G1 Evacuation Pause) 397M->198M(1024M) 45.210ms
[2022-01-03T15:04:32.181+0530][gc,cpu        ] GC(95) User=0.03s Sys=0.02s Real=0.05s
[2022-01-03T15:10:00.752+0530][gc,start      ] GC(96) Pause Young (Normal) (G1 Evacuation Pause)
[2022-01-03T15:10:00.780+0530][gc,task       ] GC(96) Using 4 workers of 4 for evacuation
[2022-01-03T15:10:00.793+0530][gc,phases     ] GC(96)   Pre Evacuate Collection Set: 0.7ms
[2022-01-03T15:10:00.793+0530][gc,phases     ] GC(96)   Evacuate Collection Set: 10.6ms
[2022-01-03T15:10:00.793+0530][gc,phases     ] GC(96)   Post Evacuate Collection Set: 0.9ms
[2022-01-03T15:10:00.793+0530][gc,phases     ] GC(96)   Other: 29.4ms
[2022-01-03T15:10:00.793+0530][gc,heap       ] GC(96) Eden regions: 134->0(163)
[2022-01-03T15:10:00.793+0530][gc,heap       ] GC(96) Survivor regions: 6->3(18)
[2022-01-03T15:10:00.793+0530][gc,heap       ] GC(96) Old regions: 65->65
[2022-01-03T15:10:00.793+0530][gc,heap       ] GC(96) Humongous regions: 129->129
[2022-01-03T15:10:00.793+0530][gc,metaspace  ] GC(96) Metaspace: 52359K->52359K(1097728K)
[2022-01-03T15:10:00.793+0530][gc            ] GC(96) Pause Young (Normal) (G1 Evacuation Pause) 332M->195M(1024M) 41.629ms
[2022-01-03T15:10:00.793+0530][gc,cpu        ] GC(96) User=0.02s Sys=0.02s Real=0.04s
[2022-01-03T15:16:39.829+0530][gc,start      ] GC(97) Pause Young (Normal) (G1 Evacuation Pause)
[2022-01-03T15:16:39.843+0530][gc,task       ] GC(97) Using 4 workers of 4 for evacuation
[2022-01-03T15:16:39.860+0530][gc,phases     ] GC(97)   Pre Evacuate Collection Set: 0.0ms
[2022-01-03T15:16:39.860+0530][gc,phases     ] GC(97)   Evacuate Collection Set: 15.8ms
[2022-01-03T15:16:39.860+0530][gc,phases     ] GC(97)   Post Evacuate Collection Set: 0.3ms
[2022-01-03T15:16:39.860+0530][gc,phases     ] GC(97)   Other: 14.7ms
[2022-01-03T15:16:39.860+0530][gc,heap       ] GC(97) Eden regions: 163->0(150)
[2022-01-03T15:16:39.860+0530][gc,heap       ] GC(97) Survivor regions: 3->6(21)
[2022-01-03T15:16:39.860+0530][gc,heap       ] GC(97) Old regions: 65->65
[2022-01-03T15:16:39.860+0530][gc,heap       ] GC(97) Humongous regions: 129->129
[2022-01-03T15:16:39.860+0530][gc,metaspace  ] GC(97) Metaspace: 52359K->52359K(1097728K)
[2022-01-03T15:16:39.860+0530][gc            ] GC(97) Pause Young (Normal) (G1 Evacuation Pause) 358M->199M(1024M) 31.016ms
[2022-01-03T15:16:39.860+0530][gc,cpu        ] GC(97) User=0.03s Sys=0.02s Real=0.04s
[2022-01-03T15:22:48.276+0530][gc,start      ] GC(98) Pause Young (Normal) (G1 Evacuation Pause)
[2022-01-03T15:22:48.285+0530][gc,task       ] GC(98) Using 4 workers of 4 for evacuation
[2022-01-03T15:22:48.291+0530][gc,phases     ] GC(98)   Pre Evacuate Collection Set: 0.0ms
[2022-01-03T15:22:48.291+0530][gc,phases     ] GC(98)   Evacuate Collection Set: 5.3ms
[2022-01-03T15:22:48.291+0530][gc,phases     ] GC(98)   Post Evacuate Collection Set: 0.3ms
[2022-01-03T15:22:48.291+0530][gc,phases     ] GC(98)   Other: 9.5ms
[2022-01-03T15:22:48.291+0530][gc,heap       ] GC(98) Eden regions: 150->0(181)
[2022-01-03T15:22:48.291+0530][gc,heap       ] GC(98) Survivor regions: 6->4(20)
[2022-01-03T15:22:48.291+0530][gc,heap       ] GC(98) Old regions: 65->65
[2022-01-03T15:22:48.291+0530][gc,heap       ] GC(98) Humongous regions: 129->129
[2022-01-03T15:22:48.291+0530][gc,metaspace  ] GC(98) Metaspace: 52359K->52359K(1097728K)
[2022-01-03T15:22:48.291+0530][gc            ] GC(98) Pause Young (Normal) (G1 Evacuation Pause) 349M->197M(1024M) 15.189ms
[2022-01-03T15:22:48.291+0530][gc,cpu        ] GC(98) User=0.02s Sys=0.00s Real=0.02s
[2022-01-03T15:30:11.274+0530][gc,start      ] GC(99) Pause Young (Normal) (G1 Evacuation Pause)
[2022-01-03T15:30:11.287+0530][gc,task       ] GC(99) Using 4 workers of 4 for evacuation
[2022-01-03T15:30:11.323+0530][gc,mmu        ] GC(99) MMU target violated: 21.0ms (20.0ms/21.0ms)
[2022-01-03T15:30:11.323+0530][gc,phases     ] GC(99)   Pre Evacuate Collection Set: 0.8ms
[2022-01-03T15:30:11.323+0530][gc,phases     ] GC(99)   Evacuate Collection Set: 31.5ms
[2022-01-03T15:30:11.323+0530][gc,phases     ] GC(99)   Post Evacuate Collection Set: 2.0ms
[2022-01-03T15:30:11.323+0530][gc,phases     ] GC(99)   Other: 14.8ms
[2022-01-03T15:30:11.323+0530][gc,heap       ] GC(99) Eden regions: 181->0(62)
[2022-01-03T15:30:11.323+0530][gc,heap       ] GC(99) Survivor regions: 4->5(24)
[2022-01-03T15:30:11.323+0530][gc,heap       ] GC(99) Old regions: 65->65
[2022-01-03T15:30:11.323+0530][gc,heap       ] GC(99) Humongous regions: 129->129
[2022-01-03T15:30:11.323+0530][gc,metaspace  ] GC(99) Metaspace: 52359K->52359K(1097728K)
[2022-01-03T15:30:11.324+0530][gc            ] GC(99) Pause Young (Normal) (G1 Evacuation Pause) 378M->198M(1024M) 49.132ms
[2022-01-03T15:30:11.324+0530][gc,cpu        ] GC(99) User=0.02s Sys=0.02s Real=0.05s
[2022-01-03T15:32:44.145+0530][gc,start      ] GC(100) Pause Young (Normal) (G1 Evacuation Pause)
[2022-01-03T15:32:44.165+0530][gc,task       ] GC(100) Using 4 workers of 4 for evacuation
[2022-01-03T15:32:44.177+0530][gc,phases     ] GC(100)   Pre Evacuate Collection Set: 0.1ms
[2022-01-03T15:32:44.177+0530][gc,phases     ] GC(100)   Evacuate Collection Set: 11.0ms
[2022-01-03T15:32:44.177+0530][gc,phases     ] GC(100)   Post Evacuate Collection Set: 0.3ms
[2022-01-03T15:32:44.177+0530][gc,phases     ] GC(100)   Other: 21.1ms
[2022-01-03T15:32:44.177+0530][gc,heap       ] GC(100) Eden regions: 62->0(73)
[2022-01-03T15:32:44.177+0530][gc,heap       ] GC(100) Survivor regions: 5->3(9)
[2022-01-03T15:32:44.177+0530][gc,heap       ] GC(100) Old regions: 65->65
[2022-01-03T15:32:44.177+0530][gc,heap       ] GC(100) Humongous regions: 129->129
[2022-01-03T15:32:44.177+0530][gc,metaspace  ] GC(100) Metaspace: 52359K->52359K(1097728K)
[2022-01-03T15:32:44.177+0530][gc            ] GC(100) Pause Young (Normal) (G1 Evacuation Pause) 260M->196M(1024M) 32.599ms
[2022-01-03T15:32:44.177+0530][gc,cpu        ] GC(100) User=0.01s Sys=0.01s Real=0.03s
[2022-01-03T15:35:43.125+0530][gc,start      ] GC(101) Pause Young (Normal) (G1 Evacuation Pause)
[2022-01-03T15:35:43.127+0530][gc,task       ] GC(101) Using 4 workers of 4 for evacuation
[2022-01-03T15:35:43.135+0530][gc,phases     ] GC(101)   Pre Evacuate Collection Set: 0.1ms
[2022-01-03T15:35:43.135+0530][gc,phases     ] GC(101)   Evacuate Collection Set: 7.3ms
[2022-01-03T15:35:43.135+0530][gc,phases     ] GC(101)   Post Evacuate Collection Set: 0.3ms
[2022-01-03T15:35:43.135+0530][gc,phases     ] GC(101)   Other: 2.4ms
[2022-01-03T15:35:43.135+0530][gc,heap       ] GC(101) Eden regions: 73->0(92)
[2022-01-03T15:35:43.135+0530][gc,heap       ] GC(101) Survivor regions: 3->2(10)
[2022-01-03T15:35:43.135+0530][gc,heap       ] GC(101) Old regions: 65->65
[2022-01-03T15:35:43.135+0530][gc,heap       ] GC(101) Humongous regions: 129->129
[2022-01-03T15:35:43.135+0530][gc,metaspace  ] GC(101) Metaspace: 52359K->52359K(1097728K)
[2022-01-03T15:35:43.135+0530][gc            ] GC(101) Pause Young (Normal) (G1 Evacuation Pause) 269M->195M(1024M) 10.197ms
[2022-01-03T15:35:43.135+0530][gc,cpu        ] GC(101) User=0.01s Sys=0.01s Real=0.01s
[2022-01-03T15:39:31.015+0530][gc,start      ] GC(102) Pause Young (Normal) (G1 Evacuation Pause)
[2022-01-03T15:39:31.026+0530][gc,task       ] GC(102) Using 4 workers of 4 for evacuation
[2022-01-03T15:39:31.042+0530][gc,phases     ] GC(102)   Pre Evacuate Collection Set: 0.7ms
[2022-01-03T15:39:31.042+0530][gc,phases     ] GC(102)   Evacuate Collection Set: 12.8ms
[2022-01-03T15:39:31.042+0530][gc,phases     ] GC(102)   Post Evacuate Collection Set: 2.5ms
[2022-01-03T15:39:31.042+0530][gc,phases     ] GC(102)   Other: 11.3ms
[2022-01-03T15:39:31.043+0530][gc,heap       ] GC(102) Eden regions: 92->0(97)
[2022-01-03T15:39:31.043+0530][gc,heap       ] GC(102) Survivor regions: 2->3(12)
[2022-01-03T15:39:31.043+0530][gc,heap       ] GC(102) Old regions: 65->65
[2022-01-03T15:39:31.043+0530][gc,heap       ] GC(102) Humongous regions: 129->129
[2022-01-03T15:39:31.043+0530][gc,metaspace  ] GC(102) Metaspace: 52359K->52359K(1097728K)
[2022-01-03T15:39:31.043+0530][gc            ] GC(102) Pause Young (Normal) (G1 Evacuation Pause) 287M->196M(1024M) 27.181ms
[2022-01-03T15:39:31.043+0530][gc,cpu        ] GC(102) User=0.02s Sys=0.02s Real=0.03s
[2022-01-03T15:43:30.898+0530][gc,start      ] GC(103) Pause Young (Normal) (G1 Evacuation Pause)
[2022-01-03T15:43:30.900+0530][gc,task       ] GC(103) Using 4 workers of 4 for evacuation
[2022-01-03T15:43:30.911+0530][gc,phases     ] GC(103)   Pre Evacuate Collection Set: 0.1ms
[2022-01-03T15:43:30.911+0530][gc,phases     ] GC(103)   Evacuate Collection Set: 10.5ms
[2022-01-03T15:43:30.911+0530][gc,phases     ] GC(103)   Post Evacuate Collection Set: 0.4ms
[2022-01-03T15:43:30.911+0530][gc,phases     ] GC(103)   Other: 2.2ms
[2022-01-03T15:43:30.911+0530][gc,heap       ] GC(103) Eden regions: 97->0(100)
[2022-01-03T15:43:30.911+0530][gc,heap       ] GC(103) Survivor regions: 3->4(13)
[2022-01-03T15:43:30.911+0530][gc,heap       ] GC(103) Old regions: 65->65
[2022-01-03T15:43:30.911+0530][gc,heap       ] GC(103) Humongous regions: 129->129
[2022-01-03T15:43:30.911+0530][gc,metaspace  ] GC(103) Metaspace: 52359K->52359K(1097728K)
[2022-01-03T15:43:30.911+0530][gc            ] GC(103) Pause Young (Normal) (G1 Evacuation Pause) 293M->197M(1024M) 13.292ms
[2022-01-03T15:43:30.911+0530][gc,cpu        ] GC(103) User=0.03s Sys=0.02s Real=0.02s
[2022-01-03T15:47:34.946+0530][gc,start      ] GC(104) Pause Young (Normal) (G1 Evacuation Pause)
[2022-01-03T15:47:34.958+0530][gc,task       ] GC(104) Using 4 workers of 4 for evacuation
[2022-01-03T15:47:34.982+0530][gc,mmu        ] GC(104) MMU target violated: 21.0ms (20.0ms/21.0ms)
[2022-01-03T15:47:34.982+0530][gc,phases     ] GC(104)   Pre Evacuate Collection Set: 0.0ms
[2022-01-03T15:47:34.982+0530][gc,phases     ] GC(104)   Evacuate Collection Set: 22.3ms
[2022-01-03T15:47:34.982+0530][gc,phases     ] GC(104)   Post Evacuate Collection Set: 0.3ms
[2022-01-03T15:47:34.982+0530][gc,phases     ] GC(104)   Other: 13.8ms
[2022-01-03T15:47:34.982+0530][gc,heap       ] GC(104) Eden regions: 100->0(87)
[2022-01-03T15:47:34.982+0530][gc,heap       ] GC(104) Survivor regions: 4->6(13)
[2022-01-03T15:47:34.982+0530][gc,heap       ] GC(104) Old regions: 65->65
[2022-01-03T15:47:34.982+0530][gc,heap       ] GC(104) Humongous regions: 129->129
[2022-01-03T15:47:34.982+0530][gc,metaspace  ] GC(104) Metaspace: 52359K->52359K(1097728K)
[2022-01-03T15:47:34.982+0530][gc            ] GC(104) Pause Young (Normal) (G1 Evacuation Pause) 297M->199M(1024M) 36.481ms
[2022-01-03T15:47:34.982+0530][gc,cpu        ] GC(104) User=0.02s Sys=0.01s Real=0.04s
[2022-01-03T15:51:08.462+0530][gc,start      ] GC(105) Pause Young (Normal) (G1 Evacuation Pause)
[2022-01-03T15:51:08.479+0530][gc,task       ] GC(105) Using 4 workers of 4 for evacuation
[2022-01-03T15:51:08.486+0530][gc,phases     ] GC(105)   Pre Evacuate Collection Set: 0.0ms
[2022-01-03T15:51:08.486+0530][gc,phases     ] GC(105)   Evacuate Collection Set: 6.8ms
[2022-01-03T15:51:08.486+0530][gc,phases     ] GC(105)   Post Evacuate Collection Set: 0.3ms
[2022-01-03T15:51:08.486+0530][gc,phases     ] GC(105)   Other: 16.8ms
[2022-01-03T15:51:08.486+0530][gc,heap       ] GC(105) Eden regions: 87->0(92)
[2022-01-03T15:51:08.486+0530][gc,heap       ] GC(105) Survivor regions: 6->6(12)
[2022-01-03T15:51:08.486+0530][gc,heap       ] GC(105) Old regions: 65->65
[2022-01-03T15:51:08.486+0530][gc,heap       ] GC(105) Humongous regions: 129->129
[2022-01-03T15:51:08.486+0530][gc,metaspace  ] GC(105) Metaspace: 52359K->52359K(1097728K)
[2022-01-03T15:51:08.486+0530][gc            ] GC(105) Pause Young (Normal) (G1 Evacuation Pause) 286M->199M(1024M) 24.035ms
[2022-01-03T15:51:08.486+0530][gc,cpu        ] GC(105) User=0.02s Sys=0.00s Real=0.02s
[2022-01-03T15:54:52.598+0530][gc,start      ] GC(106) Pause Young (Normal) (G1 Evacuation Pause)
[2022-01-03T15:54:52.615+0530][gc,task       ] GC(106) Using 4 workers of 4 for evacuation
[2022-01-03T15:54:52.625+0530][gc,phases     ] GC(106)   Pre Evacuate Collection Set: 0.7ms
[2022-01-03T15:54:52.625+0530][gc,phases     ] GC(106)   Evacuate Collection Set: 7.3ms
[2022-01-03T15:54:52.625+0530][gc,phases     ] GC(106)   Post Evacuate Collection Set: 0.8ms
[2022-01-03T15:54:52.625+0530][gc,phases     ] GC(106)   Other: 17.9ms
[2022-01-03T15:54:52.625+0530][gc,heap       ] GC(106) Eden regions: 92->0(103)
[2022-01-03T15:54:52.625+0530][gc,heap       ] GC(106) Survivor regions: 6->3(13)
[2022-01-03T15:54:52.625+0530][gc,heap       ] GC(106) Old regions: 65->65
[2022-01-03T15:54:52.625+0530][gc,heap       ] GC(106) Humongous regions: 129->129
[2022-01-03T15:54:52.625+0530][gc,metaspace  ] GC(106) Metaspace: 52359K->52359K(1097728K)
[2022-01-03T15:54:52.625+0530][gc            ] GC(106) Pause Young (Normal) (G1 Evacuation Pause) 291M->196M(1024M) 26.889ms
[2022-01-03T15:54:52.625+0530][gc,cpu        ] GC(106) User=0.01s Sys=0.01s Real=0.03s
[2022-01-03T15:59:04.773+0530][gc,start      ] GC(107) Pause Young (Normal) (G1 Evacuation Pause)
[2022-01-03T15:59:04.786+0530][gc,task       ] GC(107) Using 4 workers of 4 for evacuation
[2022-01-03T15:59:04.799+0530][gc,phases     ] GC(107)   Pre Evacuate Collection Set: 0.1ms
[2022-01-03T15:59:04.799+0530][gc,phases     ] GC(107)   Evacuate Collection Set: 11.8ms
[2022-01-03T15:59:04.799+0530][gc,phases     ] GC(107)   Post Evacuate Collection Set: 0.3ms
[2022-01-03T15:59:04.799+0530][gc,phases     ] GC(107)   Other: 13.1ms
[2022-01-03T15:59:04.799+0530][gc,heap       ] GC(107) Eden regions: 103->0(103)
[2022-01-03T15:59:04.799+0530][gc,heap       ] GC(107) Survivor regions: 3->5(14)
[2022-01-03T15:59:04.799+0530][gc,heap       ] GC(107) Old regions: 65->65
[2022-01-03T15:59:04.799+0530][gc,heap       ] GC(107) Humongous regions: 129->129
[2022-01-03T15:59:04.799+0530][gc,metaspace  ] GC(107) Metaspace: 52359K->52359K(1097728K)
[2022-01-03T15:59:04.799+0530][gc            ] GC(107) Pause Young (Normal) (G1 Evacuation Pause) 299M->198M(1024M) 25.703ms
[2022-01-03T15:59:04.799+0530][gc,cpu        ] GC(107) User=0.02s Sys=0.02s Real=0.02s
[2022-01-03T16:03:18.136+0530][gc,start      ] GC(108) Pause Young (Normal) (G1 Evacuation Pause)
[2022-01-03T16:03:18.146+0530][gc,task       ] GC(108) Using 4 workers of 4 for evacuation
[2022-01-03T16:03:18.165+0530][gc,phases     ] GC(108)   Pre Evacuate Collection Set: 0.1ms
[2022-01-03T16:03:18.165+0530][gc,phases     ] GC(108)   Evacuate Collection Set: 19.0ms
[2022-01-03T16:03:18.165+0530][gc,phases     ] GC(108)   Post Evacuate Collection Set: 0.4ms
[2022-01-03T16:03:18.166+0530][gc,phases     ] GC(108)   Other: 9.9ms
[2022-01-03T16:03:18.166+0530][gc,heap       ] GC(108) Eden regions: 103->0(98)
[2022-01-03T16:03:18.166+0530][gc,heap       ] GC(108) Survivor regions: 5->6(14)
[2022-01-03T16:03:18.166+0530][gc,heap       ] GC(108) Old regions: 65->66
[2022-01-03T16:03:18.166+0530][gc,heap       ] GC(108) Humongous regions: 129->129
[2022-01-03T16:03:18.166+0530][gc,metaspace  ] GC(108) Metaspace: 52365K->52365K(1097728K)
[2022-01-03T16:03:18.166+0530][gc            ] GC(108) Pause Young (Normal) (G1 Evacuation Pause) 301M->199M(1024M) 29.562ms
[2022-01-03T16:03:18.166+0530][gc,cpu        ] GC(108) User=0.03s Sys=0.03s Real=0.03s
[2022-01-03T16:07:19.342+0530][gc,start      ] GC(109) Pause Young (Normal) (G1 Evacuation Pause)
[2022-01-03T16:07:19.371+0530][gc,task       ] GC(109) Using 4 workers of 4 for evacuation
[2022-01-03T16:07:19.388+0530][gc,phases     ] GC(109)   Pre Evacuate Collection Set: 0.8ms
[2022-01-03T16:07:19.388+0530][gc,phases     ] GC(109)   Evacuate Collection Set: 13.0ms
[2022-01-03T16:07:19.388+0530][gc,phases     ] GC(109)   Post Evacuate Collection Set: 2.2ms
[2022-01-03T16:07:19.389+0530][gc,phases     ] GC(109)   Other: 31.0ms
[2022-01-03T16:07:19.389+0530][gc,heap       ] GC(109) Eden regions: 98->0(104)
[2022-01-03T16:07:19.389+0530][gc,heap       ] GC(109) Survivor regions: 6->4(13)
[2022-01-03T16:07:19.389+0530][gc,heap       ] GC(109) Old regions: 66->66
[2022-01-03T16:07:19.389+0530][gc,heap       ] GC(109) Humongous regions: 129->129
[2022-01-03T16:07:19.389+0530][gc,metaspace  ] GC(109) Metaspace: 52365K->52365K(1097728K)
[2022-01-03T16:07:19.389+0530][gc            ] GC(109) Pause Young (Normal) (G1 Evacuation Pause) 297M->197M(1024M) 47.227ms
[2022-01-03T16:07:19.389+0530][gc,cpu        ] GC(109) User=0.02s Sys=0.01s Real=0.04s
[2022-01-03T16:11:35.101+0530][gc,start      ] GC(110) Pause Young (Normal) (G1 Evacuation Pause)
[2022-01-03T16:11:35.120+0530][gc,task       ] GC(110) Using 4 workers of 4 for evacuation
[2022-01-03T16:11:35.144+0530][gc,mmu        ] GC(110) MMU target violated: 21.0ms (20.0ms/21.0ms)
[2022-01-03T16:11:35.144+0530][gc,phases     ] GC(110)   Pre Evacuate Collection Set: 0.1ms
[2022-01-03T16:11:35.144+0530][gc,phases     ] GC(110)   Evacuate Collection Set: 22.6ms
[2022-01-03T16:11:35.144+0530][gc,phases     ] GC(110)   Post Evacuate Collection Set: 0.7ms
[2022-01-03T16:11:35.144+0530][gc,phases     ] GC(110)   Other: 19.8ms
[2022-01-03T16:11:35.144+0530][gc,heap       ] GC(110) Eden regions: 104->0(78)
[2022-01-03T16:11:35.144+0530][gc,heap       ] GC(110) Survivor regions: 4->6(14)
[2022-01-03T16:11:35.144+0530][gc,heap       ] GC(110) Old regions: 66->66
[2022-01-03T16:11:35.144+0530][gc,heap       ] GC(110) Humongous regions: 129->129
[2022-01-03T16:11:35.144+0530][gc,metaspace  ] GC(110) Metaspace: 52365K->52365K(1097728K)
[2022-01-03T16:11:35.144+0530][gc            ] GC(110) Pause Young (Normal) (G1 Evacuation Pause) 301M->199M(1024M) 43.318ms
[2022-01-03T16:11:35.144+0530][gc,cpu        ] GC(110) User=0.03s Sys=0.03s Real=0.04s
[2022-01-03T16:31:08.319+0530][gc,start      ] GC(111) Pause Young (Normal) (G1 Evacuation Pause)
[2022-01-03T16:31:08.366+0530][gc,task       ] GC(111) Using 4 workers of 4 for evacuation
[2022-01-03T16:31:08.404+0530][gc,mmu        ] GC(111) MMU target violated: 21.0ms (20.0ms/21.0ms)
[2022-01-03T16:31:08.404+0530][gc,phases     ] GC(111)   Pre Evacuate Collection Set: 0.9ms
[2022-01-03T16:31:08.405+0530][gc,phases     ] GC(111)   Evacuate Collection Set: 36.9ms
[2022-01-03T16:31:08.405+0530][gc,phases     ] GC(111)   Post Evacuate Collection Set: 0.8ms
[2022-01-03T16:31:08.405+0530][gc,phases     ] GC(111)   Other: 47.3ms
[2022-01-03T16:31:08.405+0530][gc,heap       ] GC(111) Eden regions: 45->0(48)
[2022-01-03T16:31:08.405+0530][gc,heap       ] GC(111) Survivor regions: 6->3(7)
[2022-01-03T16:31:08.405+0530][gc,heap       ] GC(111) Old regions: 66->67
[2022-01-03T16:31:08.405+0530][gc,heap       ] GC(111) Humongous regions: 129->129
[2022-01-03T16:31:08.405+0530][gc,metaspace  ] GC(111) Metaspace: 53164K->53164K(1097728K)
[2022-01-03T16:31:08.405+0530][gc            ] GC(111) Pause Young (Normal) (G1 Evacuation Pause) 244M->198M(1024M) 86.027ms
[2022-01-03T16:31:08.405+0530][gc,cpu        ] GC(111) User=0.04s Sys=0.06s Real=0.09s
[2022-01-03T16:31:08.468+0530][gc,heap,exit  ] Heap
[2022-01-03T16:31:08.468+0530][gc,heap,exit  ]  garbage-first heap   total 1048576K, used 205724K [0x00000007c0000000, 0x0000000800000000)
[2022-01-03T16:31:08.468+0530][gc,heap,exit  ]   region size 1024K, 6 young (6144K), 3 survivors (3072K)
[2022-01-03T16:31:08.468+0530][gc,heap,exit  ]  Metaspace       used 53201K, capacity 56074K, committed 56240K, reserved 1097728K
[2022-01-03T16:31:08.468+0530][gc,heap,exit  ]   class space    used 6514K, capacity 7902K, committed 7936K, reserved 1048576K
