[2022-01-03T18:26:43.333+0530][gc,heap] Heap region size: 1M
[2022-01-03T18:26:43.341+0530][gc     ] Using G1
[2022-01-03T18:26:43.341+0530][gc,heap,coops] Heap address: 0x00000007e0000000, size: 512 MB, Compressed Oops mode: Zero based, Oop shift amount: 3
[2022-01-03T18:26:45.320+0530][gc,start     ] GC(0) Pause Young (Normal) (G1 Evacuation Pause)
[2022-01-03T18:26:45.320+0530][gc,task      ] GC(0) Using 4 workers of 4 for evacuation
[2022-01-03T18:26:45.340+0530][gc,phases    ] GC(0)   Pre Evacuate Collection Set: 0.0ms
[2022-01-03T18:26:45.340+0530][gc,phases    ] GC(0)   Evacuate Collection Set: 18.4ms
[2022-01-03T18:26:45.340+0530][gc,phases    ] GC(0)   Post Evacuate Collection Set: 0.8ms
[2022-01-03T18:26:45.340+0530][gc,phases    ] GC(0)   Other: 1.1ms
[2022-01-03T18:26:45.340+0530][gc,heap      ] GC(0) Eden regions: 25->0(21)
[2022-01-03T18:26:45.340+0530][gc,heap      ] GC(0) Survivor regions: 0->4(4)
[2022-01-03T18:26:45.340+0530][gc,heap      ] GC(0) Old regions: 0->4
[2022-01-03T18:26:45.340+0530][gc,heap      ] GC(0) Humongous regions: 0->0
[2022-01-03T18:26:45.340+0530][gc,metaspace ] GC(0) Metaspace: 15246K->15246K(1062912K)
[2022-01-03T18:26:45.340+0530][gc           ] GC(0) Pause Young (Normal) (G1 Evacuation Pause) 25M->7M(512M) 20.757ms
[2022-01-03T18:26:45.340+0530][gc,cpu       ] GC(0) User=0.02s Sys=0.00s Real=0.02s
[2022-01-03T18:26:46.667+0530][gc,start     ] GC(1) Pause Young (Normal) (G1 Evacuation Pause)
[2022-01-03T18:26:46.668+0530][gc,task      ] GC(1) Using 4 workers of 4 for evacuation
[2022-01-03T18:26:46.674+0530][gc,phases    ] GC(1)   Pre Evacuate Collection Set: 0.0ms
[2022-01-03T18:26:46.674+0530][gc,phases    ] GC(1)   Evacuate Collection Set: 5.8ms
[2022-01-03T18:26:46.674+0530][gc,phases    ] GC(1)   Post Evacuate Collection Set: 0.3ms
[2022-01-03T18:26:46.674+0530][gc,phases    ] GC(1)   Other: 0.2ms
[2022-01-03T18:26:46.674+0530][gc,heap      ] GC(1) Eden regions: 21->0(24)
[2022-01-03T18:26:46.674+0530][gc,heap      ] GC(1) Survivor regions: 4->1(4)
[2022-01-03T18:26:46.674+0530][gc,heap      ] GC(1) Old regions: 4->8
[2022-01-03T18:26:46.674+0530][gc,heap      ] GC(1) Humongous regions: 0->0
[2022-01-03T18:26:46.674+0530][gc,metaspace ] GC(1) Metaspace: 15997K->15997K(1064960K)
[2022-01-03T18:26:46.674+0530][gc           ] GC(1) Pause Young (Normal) (G1 Evacuation Pause) 28M->7M(512M) 6.614ms
[2022-01-03T18:26:46.674+0530][gc,cpu       ] GC(1) User=0.02s Sys=0.00s Real=0.01s
[2022-01-03T18:26:47.784+0530][gc,start     ] GC(2) Pause Young (Normal) (G1 Evacuation Pause)
[2022-01-03T18:26:47.784+0530][gc,task      ] GC(2) Using 4 workers of 4 for evacuation
[2022-01-03T18:26:47.785+0530][gc,phases    ] GC(2)   Pre Evacuate Collection Set: 0.0ms
[2022-01-03T18:26:47.785+0530][gc,phases    ] GC(2)   Evacuate Collection Set: 0.9ms
[2022-01-03T18:26:47.785+0530][gc,phases    ] GC(2)   Post Evacuate Collection Set: 0.1ms
[2022-01-03T18:26:47.785+0530][gc,phases    ] GC(2)   Other: 0.1ms
[2022-01-03T18:26:47.785+0530][gc,heap      ] GC(2) Eden regions: 24->0(24)
[2022-01-03T18:26:47.785+0530][gc,heap      ] GC(2) Survivor regions: 1->1(4)
[2022-01-03T18:26:47.785+0530][gc,heap      ] GC(2) Old regions: 8->8
[2022-01-03T18:26:47.785+0530][gc,heap      ] GC(2) Humongous regions: 0->0
[2022-01-03T18:26:47.785+0530][gc,metaspace ] GC(2) Metaspace: 16015K->16015K(1064960K)
[2022-01-03T18:26:47.785+0530][gc           ] GC(2) Pause Young (Normal) (G1 Evacuation Pause) 31M->7M(512M) 1.356ms
[2022-01-03T18:26:47.785+0530][gc,cpu       ] GC(2) User=0.01s Sys=0.00s Real=0.00s
[2022-01-03T18:26:49.941+0530][gc,start     ] GC(3) Pause Young (Normal) (G1 Evacuation Pause)
[2022-01-03T18:26:49.941+0530][gc,task      ] GC(3) Using 4 workers of 4 for evacuation
[2022-01-03T18:26:49.942+0530][gc,phases    ] GC(3)   Pre Evacuate Collection Set: 0.0ms
[2022-01-03T18:26:49.942+0530][gc,phases    ] GC(3)   Evacuate Collection Set: 0.6ms
[2022-01-03T18:26:49.942+0530][gc,phases    ] GC(3)   Post Evacuate Collection Set: 0.1ms
[2022-01-03T18:26:49.942+0530][gc,phases    ] GC(3)   Other: 0.1ms
[2022-01-03T18:26:49.942+0530][gc,heap      ] GC(3) Eden regions: 24->0(24)
[2022-01-03T18:26:49.942+0530][gc,heap      ] GC(3) Survivor regions: 1->1(4)
[2022-01-03T18:26:49.942+0530][gc,heap      ] GC(3) Old regions: 8->8
[2022-01-03T18:26:49.942+0530][gc,heap      ] GC(3) Humongous regions: 0->0
[2022-01-03T18:26:49.942+0530][gc,metaspace ] GC(3) Metaspace: 16018K->16018K(1064960K)
[2022-01-03T18:26:49.942+0530][gc           ] GC(3) Pause Young (Normal) (G1 Evacuation Pause) 31M->7M(512M) 1.002ms
[2022-01-03T18:26:49.942+0530][gc,cpu       ] GC(3) User=0.00s Sys=0.00s Real=0.00s
[2022-01-03T18:26:49.974+0530][gc,start     ] GC(4) Pause Young (Normal) (G1 Evacuation Pause)
[2022-01-03T18:26:49.974+0530][gc,task      ] GC(4) Using 4 workers of 4 for evacuation
[2022-01-03T18:26:49.975+0530][gc,phases    ] GC(4)   Pre Evacuate Collection Set: 0.0ms
[2022-01-03T18:26:49.976+0530][gc,phases    ] GC(4)   Evacuate Collection Set: 0.8ms
[2022-01-03T18:26:49.976+0530][gc,phases    ] GC(4)   Post Evacuate Collection Set: 0.1ms
[2022-01-03T18:26:49.976+0530][gc,phases    ] GC(4)   Other: 0.1ms
[2022-01-03T18:26:49.976+0530][gc,heap      ] GC(4) Eden regions: 24->0(24)
[2022-01-03T18:26:49.976+0530][gc,heap      ] GC(4) Survivor regions: 1->1(4)
[2022-01-03T18:26:49.976+0530][gc,heap      ] GC(4) Old regions: 8->8
[2022-01-03T18:26:49.976+0530][gc,heap      ] GC(4) Humongous regions: 0->0
[2022-01-03T18:26:49.976+0530][gc,metaspace ] GC(4) Metaspace: 16018K->16018K(1064960K)
[2022-01-03T18:26:49.976+0530][gc           ] GC(4) Pause Young (Normal) (G1 Evacuation Pause) 31M->7M(512M) 1.272ms
[2022-01-03T18:26:49.976+0530][gc,cpu       ] GC(4) User=0.01s Sys=0.00s Real=0.00s
[2022-01-03T18:26:50.008+0530][gc,start     ] GC(5) Pause Young (Normal) (G1 Evacuation Pause)
[2022-01-03T18:26:50.008+0530][gc,task      ] GC(5) Using 4 workers of 4 for evacuation
[2022-01-03T18:26:50.009+0530][gc,phases    ] GC(5)   Pre Evacuate Collection Set: 0.0ms
[2022-01-03T18:26:50.009+0530][gc,phases    ] GC(5)   Evacuate Collection Set: 0.9ms
[2022-01-03T18:26:50.009+0530][gc,phases    ] GC(5)   Post Evacuate Collection Set: 0.1ms
[2022-01-03T18:26:50.009+0530][gc,phases    ] GC(5)   Other: 0.1ms
[2022-01-03T18:26:50.009+0530][gc,heap      ] GC(5) Eden regions: 24->0(24)
[2022-01-03T18:26:50.009+0530][gc,heap      ] GC(5) Survivor regions: 1->1(4)
[2022-01-03T18:26:50.009+0530][gc,heap      ] GC(5) Old regions: 8->8
[2022-01-03T18:26:50.009+0530][gc,heap      ] GC(5) Humongous regions: 0->0
[2022-01-03T18:26:50.009+0530][gc,metaspace ] GC(5) Metaspace: 16018K->16018K(1064960K)
[2022-01-03T18:26:50.009+0530][gc           ] GC(5) Pause Young (Normal) (G1 Evacuation Pause) 31M->7M(512M) 1.251ms
[2022-01-03T18:26:50.009+0530][gc,cpu       ] GC(5) User=0.00s Sys=0.00s Real=0.00s
[2022-01-03T18:26:51.263+0530][gc,start     ] GC(6) Pause Young (Normal) (G1 Evacuation Pause)
[2022-01-03T18:26:51.263+0530][gc,task      ] GC(6) Using 4 workers of 4 for evacuation
[2022-01-03T18:26:51.264+0530][gc,phases    ] GC(6)   Pre Evacuate Collection Set: 0.0ms
[2022-01-03T18:26:51.264+0530][gc,phases    ] GC(6)   Evacuate Collection Set: 0.8ms
[2022-01-03T18:26:51.264+0530][gc,phases    ] GC(6)   Post Evacuate Collection Set: 0.1ms
[2022-01-03T18:26:51.264+0530][gc,phases    ] GC(6)   Other: 0.2ms
[2022-01-03T18:26:51.264+0530][gc,heap      ] GC(6) Eden regions: 24->0(26)
[2022-01-03T18:26:51.264+0530][gc,heap      ] GC(6) Survivor regions: 1->1(4)
[2022-01-03T18:26:51.264+0530][gc,heap      ] GC(6) Old regions: 8->8
[2022-01-03T18:26:51.264+0530][gc,heap      ] GC(6) Humongous regions: 0->0
[2022-01-03T18:26:51.265+0530][gc,metaspace ] GC(6) Metaspace: 16022K->16022K(1064960K)
[2022-01-03T18:26:51.265+0530][gc           ] GC(6) Pause Young (Normal) (G1 Evacuation Pause) 31M->7M(512M) 1.256ms
[2022-01-03T18:26:51.265+0530][gc,cpu       ] GC(6) User=0.00s Sys=0.00s Real=0.00s
[2022-01-03T18:26:51.289+0530][gc,start     ] GC(7) Pause Young (Normal) (G1 Evacuation Pause)
[2022-01-03T18:26:51.289+0530][gc,task      ] GC(7) Using 4 workers of 4 for evacuation
[2022-01-03T18:26:51.290+0530][gc,phases    ] GC(7)   Pre Evacuate Collection Set: 0.0ms
[2022-01-03T18:26:51.290+0530][gc,phases    ] GC(7)   Evacuate Collection Set: 0.6ms
[2022-01-03T18:26:51.290+0530][gc,phases    ] GC(7)   Post Evacuate Collection Set: 0.1ms
[2022-01-03T18:26:51.290+0530][gc,phases    ] GC(7)   Other: 0.1ms
[2022-01-03T18:26:51.290+0530][gc,heap      ] GC(7) Eden regions: 26->0(31)
[2022-01-03T18:26:51.290+0530][gc,heap      ] GC(7) Survivor regions: 1->1(4)
[2022-01-03T18:26:51.290+0530][gc,heap      ] GC(7) Old regions: 8->8
[2022-01-03T18:26:51.290+0530][gc,heap      ] GC(7) Humongous regions: 0->0
[2022-01-03T18:26:51.290+0530][gc,metaspace ] GC(7) Metaspace: 16022K->16022K(1064960K)
[2022-01-03T18:26:51.290+0530][gc           ] GC(7) Pause Young (Normal) (G1 Evacuation Pause) 33M->7M(512M) 0.966ms
[2022-01-03T18:26:51.290+0530][gc,cpu       ] GC(7) User=0.01s Sys=0.01s Real=0.01s
[2022-01-03T18:28:41.914+0530][gc,start     ] GC(8) Pause Young (Normal) (G1 Evacuation Pause)
[2022-01-03T18:28:41.914+0530][gc,task      ] GC(8) Using 4 workers of 4 for evacuation
[2022-01-03T18:28:41.919+0530][gc,phases    ] GC(8)   Pre Evacuate Collection Set: 0.0ms
[2022-01-03T18:28:41.919+0530][gc,phases    ] GC(8)   Evacuate Collection Set: 2.5ms
[2022-01-03T18:28:41.919+0530][gc,phases    ] GC(8)   Post Evacuate Collection Set: 2.2ms
[2022-01-03T18:28:41.919+0530][gc,phases    ] GC(8)   Other: 0.3ms
[2022-01-03T18:28:41.919+0530][gc,heap      ] GC(8) Eden regions: 31->0(39)
[2022-01-03T18:28:41.919+0530][gc,heap      ] GC(8) Survivor regions: 1->1(4)
[2022-01-03T18:28:41.919+0530][gc,heap      ] GC(8) Old regions: 8->8
[2022-01-03T18:28:41.919+0530][gc,heap      ] GC(8) Humongous regions: 0->0
[2022-01-03T18:28:41.919+0530][gc,metaspace ] GC(8) Metaspace: 16826K->16826K(1064960K)
[2022-01-03T18:28:41.919+0530][gc           ] GC(8) Pause Young (Normal) (G1 Evacuation Pause) 38M->7M(512M) 5.285ms
[2022-01-03T18:28:41.919+0530][gc,cpu       ] GC(8) User=0.00s Sys=0.00s Real=0.00s
[2022-01-04T06:27:44.956+0530][gc,start     ] GC(9) Pause Young (Normal) (G1 Evacuation Pause)
[2022-01-04T06:27:44.957+0530][gc,task      ] GC(9) Using 4 workers of 4 for evacuation
[2022-01-04T06:27:44.963+0530][gc,phases    ] GC(9)   Pre Evacuate Collection Set: 0.4ms
[2022-01-04T06:27:44.963+0530][gc,phases    ] GC(9)   Evacuate Collection Set: 5.1ms
[2022-01-04T06:27:44.963+0530][gc,phases    ] GC(9)   Post Evacuate Collection Set: 0.3ms
[2022-01-04T06:27:44.963+0530][gc,phases    ] GC(9)   Other: 1.7ms
[2022-01-04T06:27:44.963+0530][gc,heap      ] GC(9) Eden regions: 39->0(41)
[2022-01-04T06:27:44.963+0530][gc,heap      ] GC(9) Survivor regions: 1->1(5)
[2022-01-04T06:27:44.963+0530][gc,heap      ] GC(9) Old regions: 8->8
[2022-01-04T06:27:44.963+0530][gc,heap      ] GC(9) Humongous regions: 0->0
[2022-01-04T06:27:44.963+0530][gc,metaspace ] GC(9) Metaspace: 17188K->17188K(1064960K)
[2022-01-04T06:27:44.963+0530][gc           ] GC(9) Pause Young (Normal) (G1 Evacuation Pause) 46M->8M(512M) 7.610ms
[2022-01-04T06:27:44.963+0530][gc,cpu       ] GC(9) User=0.01s Sys=0.01s Real=0.01s
[2022-01-04T10:11:55.219+0530][gc,heap,exit ] Heap
[2022-01-04T10:11:55.231+0530][gc,heap,exit ]  garbage-first heap   total 524288K, used 20491K [0x00000007e0000000, 0x0000000800000000)
[2022-01-04T10:11:55.232+0530][gc,heap,exit ]   region size 1024K, 14 young (14336K), 1 survivors (1024K)
[2022-01-04T10:11:55.233+0530][gc,heap,exit ]  Metaspace       used 17200K, capacity 17581K, committed 17792K, reserved 1064960K
[2022-01-04T10:11:55.234+0530][gc,heap,exit ]   class space    used 1660K, capacity 1818K, committed 1920K, reserved 1048576K
