[2022-01-03T09:39:31.961+0530][gc,heap] Heap region size: 1M
[2022-01-03T09:39:31.969+0530][gc     ] Using G1
[2022-01-03T09:39:31.969+0530][gc,heap,coops] Heap address: 0x00000007e0000000, size: 512 MB, Compressed Oops mode: Zero based, Oop shift amount: 3
[2022-01-03T09:39:34.937+0530][gc,start     ] GC(0) Pause Young (Normal) (G1 Evacuation Pause)
[2022-01-03T09:39:34.937+0530][gc,task      ] GC(0) Using 4 workers of 4 for evacuation
[2022-01-03T09:39:34.948+0530][gc,phases    ] GC(0)   Pre Evacuate Collection Set: 0.0ms
[2022-01-03T09:39:34.948+0530][gc,phases    ] GC(0)   Evacuate Collection Set: 10.2ms
[2022-01-03T09:39:34.948+0530][gc,phases    ] GC(0)   Post Evacuate Collection Set: 0.7ms
[2022-01-03T09:39:34.948+0530][gc,phases    ] GC(0)   Other: 0.6ms
[2022-01-03T09:39:34.948+0530][gc,heap      ] GC(0) Eden regions: 25->0(21)
[2022-01-03T09:39:34.948+0530][gc,heap      ] GC(0) Survivor regions: 0->4(4)
[2022-01-03T09:39:34.948+0530][gc,heap      ] GC(0) Old regions: 0->4
[2022-01-03T09:39:34.948+0530][gc,heap      ] GC(0) Humongous regions: 0->0
[2022-01-03T09:39:34.948+0530][gc,metaspace ] GC(0) Metaspace: 15215K->15215K(1062912K)
[2022-01-03T09:39:34.948+0530][gc           ] GC(0) Pause Young (Normal) (G1 Evacuation Pause) 25M->7M(512M) 11.878ms
[2022-01-03T09:39:34.948+0530][gc,cpu       ] GC(0) User=0.02s Sys=0.01s Real=0.01s
[2022-01-03T10:08:44.284+0530][gc,start     ] GC(1) Pause Young (Normal) (G1 Evacuation Pause)
[2022-01-03T10:08:44.285+0530][gc,task      ] GC(1) Using 4 workers of 4 for evacuation
[2022-01-03T10:08:44.315+0530][gc,mmu       ] GC(1) MMU target violated: 21.0ms (20.0ms/21.0ms)
[2022-01-03T10:08:44.315+0530][gc,phases    ] GC(1)   Pre Evacuate Collection Set: 0.4ms
[2022-01-03T10:08:44.315+0530][gc,phases    ] GC(1)   Evacuate Collection Set: 28.1ms
[2022-01-03T10:08:44.315+0530][gc,phases    ] GC(1)   Post Evacuate Collection Set: 0.5ms
[2022-01-03T10:08:44.315+0530][gc,phases    ] GC(1)   Other: 1.2ms
[2022-01-03T10:08:44.315+0530][gc,heap      ] GC(1) Eden regions: 21->0(24)
[2022-01-03T10:08:44.315+0530][gc,heap      ] GC(1) Survivor regions: 4->1(4)
[2022-01-03T10:08:44.315+0530][gc,heap      ] GC(1) Old regions: 4->8
[2022-01-03T10:08:44.315+0530][gc,heap      ] GC(1) Humongous regions: 0->0
[2022-01-03T10:08:44.315+0530][gc,metaspace ] GC(1) Metaspace: 17122K->17122K(1064960K)
[2022-01-03T10:08:44.315+0530][gc           ] GC(1) Pause Young (Normal) (G1 Evacuation Pause) 28M->8M(512M) 30.382ms
[2022-01-03T10:08:44.315+0530][gc,cpu       ] GC(1) User=0.02s Sys=0.03s Real=0.03s
[2022-01-03T10:22:01.281+0530][gc,start     ] GC(2) Pause Young (Normal) (G1 Evacuation Pause)
[2022-01-03T10:22:01.304+0530][gc,task      ] GC(2) Using 4 workers of 4 for evacuation
[2022-01-03T10:22:01.368+0530][gc,mmu       ] GC(2) MMU target violated: 21.0ms (20.0ms/21.0ms)
[2022-01-03T10:22:01.368+0530][gc,phases    ] GC(2)   Pre Evacuate Collection Set: 2.1ms
[2022-01-03T10:22:01.368+0530][gc,phases    ] GC(2)   Evacuate Collection Set: 56.5ms
[2022-01-03T10:22:01.368+0530][gc,phases    ] GC(2)   Post Evacuate Collection Set: 5.0ms
[2022-01-03T10:22:01.369+0530][gc,phases    ] GC(2)   Other: 23.9ms
[2022-01-03T10:22:01.369+0530][gc,heap      ] GC(2) Eden regions: 24->0(24)
[2022-01-03T10:22:01.369+0530][gc,heap      ] GC(2) Survivor regions: 1->1(4)
[2022-01-03T10:22:01.369+0530][gc,heap      ] GC(2) Old regions: 8->8
[2022-01-03T10:22:01.369+0530][gc,heap      ] GC(2) Humongous regions: 0->0
[2022-01-03T10:22:01.369+0530][gc,metaspace ] GC(2) Metaspace: 17123K->17123K(1064960K)
[2022-01-03T10:22:01.369+0530][gc           ] GC(2) Pause Young (Normal) (G1 Evacuation Pause) 32M->8M(512M) 87.609ms
[2022-01-03T10:22:01.369+0530][gc,cpu       ] GC(2) User=0.01s Sys=0.01s Real=0.08s
[2022-01-03T10:35:49.834+0530][gc,start     ] GC(3) Pause Young (Normal) (G1 Evacuation Pause)
[2022-01-03T10:35:49.854+0530][gc,task      ] GC(3) Using 4 workers of 4 for evacuation
[2022-01-03T10:35:49.863+0530][gc,phases    ] GC(3)   Pre Evacuate Collection Set: 0.4ms
[2022-01-03T10:35:49.863+0530][gc,phases    ] GC(3)   Evacuate Collection Set: 7.9ms
[2022-01-03T10:35:49.863+0530][gc,phases    ] GC(3)   Post Evacuate Collection Set: 0.4ms
[2022-01-03T10:35:49.863+0530][gc,phases    ] GC(3)   Other: 20.1ms
[2022-01-03T10:35:49.863+0530][gc,heap      ] GC(3) Eden regions: 24->0(24)
[2022-01-03T10:35:49.863+0530][gc,heap      ] GC(3) Survivor regions: 1->1(4)
[2022-01-03T10:35:49.863+0530][gc,heap      ] GC(3) Old regions: 8->8
[2022-01-03T10:35:49.863+0530][gc,heap      ] GC(3) Humongous regions: 0->0
[2022-01-03T10:35:49.863+0530][gc,metaspace ] GC(3) Metaspace: 17125K->17125K(1064960K)
[2022-01-03T10:35:49.863+0530][gc           ] GC(3) Pause Young (Normal) (G1 Evacuation Pause) 32M->8M(512M) 28.922ms
[2022-01-03T10:35:49.863+0530][gc,cpu       ] GC(3) User=0.01s Sys=0.01s Real=0.03s
[2022-01-03T10:49:39.395+0530][gc,start     ] GC(4) Pause Young (Normal) (G1 Evacuation Pause)
[2022-01-03T10:49:39.396+0530][gc,task      ] GC(4) Using 4 workers of 4 for evacuation
[2022-01-03T10:49:39.398+0530][gc,phases    ] GC(4)   Pre Evacuate Collection Set: 0.0ms
[2022-01-03T10:49:39.398+0530][gc,phases    ] GC(4)   Evacuate Collection Set: 1.7ms
[2022-01-03T10:49:39.398+0530][gc,phases    ] GC(4)   Post Evacuate Collection Set: 0.2ms
[2022-01-03T10:49:39.398+0530][gc,phases    ] GC(4)   Other: 0.6ms
[2022-01-03T10:49:39.398+0530][gc,heap      ] GC(4) Eden regions: 24->0(24)
[2022-01-03T10:49:39.398+0530][gc,heap      ] GC(4) Survivor regions: 1->1(4)
[2022-01-03T10:49:39.398+0530][gc,heap      ] GC(4) Old regions: 8->8
[2022-01-03T10:49:39.398+0530][gc,heap      ] GC(4) Humongous regions: 0->0
[2022-01-03T10:49:39.398+0530][gc,metaspace ] GC(4) Metaspace: 17125K->17125K(1064960K)
[2022-01-03T10:49:39.399+0530][gc           ] GC(4) Pause Young (Normal) (G1 Evacuation Pause) 32M->8M(512M) 3.517ms
[2022-01-03T10:49:39.399+0530][gc,cpu       ] GC(4) User=0.01s Sys=0.00s Real=0.00s
[2022-01-03T11:03:40.311+0530][gc,start     ] GC(5) Pause Young (Normal) (G1 Evacuation Pause)
[2022-01-03T11:03:40.330+0530][gc,task      ] GC(5) Using 4 workers of 4 for evacuation
[2022-01-03T11:03:40.338+0530][gc,phases    ] GC(5)   Pre Evacuate Collection Set: 0.4ms
[2022-01-03T11:03:40.338+0530][gc,phases    ] GC(5)   Evacuate Collection Set: 7.3ms
[2022-01-03T11:03:40.338+0530][gc,phases    ] GC(5)   Post Evacuate Collection Set: 0.3ms
[2022-01-03T11:03:40.338+0530][gc,phases    ] GC(5)   Other: 18.9ms
[2022-01-03T11:03:40.338+0530][gc,heap      ] GC(5) Eden regions: 24->0(24)
[2022-01-03T11:03:40.338+0530][gc,heap      ] GC(5) Survivor regions: 1->1(4)
[2022-01-03T11:03:40.338+0530][gc,heap      ] GC(5) Old regions: 8->8
[2022-01-03T11:03:40.338+0530][gc,heap      ] GC(5) Humongous regions: 0->0
[2022-01-03T11:03:40.338+0530][gc,metaspace ] GC(5) Metaspace: 17127K->17127K(1064960K)
[2022-01-03T11:03:40.338+0530][gc           ] GC(5) Pause Young (Normal) (G1 Evacuation Pause) 32M->8M(512M) 27.092ms
[2022-01-03T11:03:40.338+0530][gc,cpu       ] GC(5) User=0.01s Sys=0.02s Real=0.02s
[2022-01-03T11:17:32.232+0530][gc,start     ] GC(6) Pause Young (Normal) (G1 Evacuation Pause)
[2022-01-03T11:17:32.243+0530][gc,task      ] GC(6) Using 4 workers of 4 for evacuation
[2022-01-03T11:17:32.246+0530][gc,phases    ] GC(6)   Pre Evacuate Collection Set: 0.0ms
[2022-01-03T11:17:32.246+0530][gc,phases    ] GC(6)   Evacuate Collection Set: 1.7ms
[2022-01-03T11:17:32.246+0530][gc,phases    ] GC(6)   Post Evacuate Collection Set: 0.2ms
[2022-01-03T11:17:32.246+0530][gc,phases    ] GC(6)   Other: 11.4ms
[2022-01-03T11:17:32.246+0530][gc,heap      ] GC(6) Eden regions: 24->0(24)
[2022-01-03T11:17:32.246+0530][gc,heap      ] GC(6) Survivor regions: 1->1(4)
[2022-01-03T11:17:32.246+0530][gc,heap      ] GC(6) Old regions: 8->8
[2022-01-03T11:17:32.246+0530][gc,heap      ] GC(6) Humongous regions: 0->0
[2022-01-03T11:17:32.246+0530][gc,metaspace ] GC(6) Metaspace: 17127K->17127K(1064960K)
[2022-01-03T11:17:32.247+0530][gc           ] GC(6) Pause Young (Normal) (G1 Evacuation Pause) 32M->8M(512M) 14.305ms
[2022-01-03T11:17:32.247+0530][gc,cpu       ] GC(6) User=0.00s Sys=0.00s Real=0.01s
[2022-01-03T11:31:33.595+0530][gc,start     ] GC(7) Pause Young (Normal) (G1 Evacuation Pause)
[2022-01-03T11:31:33.614+0530][gc,task      ] GC(7) Using 4 workers of 4 for evacuation
[2022-01-03T11:31:33.616+0530][gc,phases    ] GC(7)   Pre Evacuate Collection Set: 0.0ms
[2022-01-03T11:31:33.616+0530][gc,phases    ] GC(7)   Evacuate Collection Set: 1.6ms
[2022-01-03T11:31:33.616+0530][gc,phases    ] GC(7)   Post Evacuate Collection Set: 0.2ms
[2022-01-03T11:31:33.616+0530][gc,phases    ] GC(7)   Other: 18.7ms
[2022-01-03T11:31:33.616+0530][gc,heap      ] GC(7) Eden regions: 24->0(24)
[2022-01-03T11:31:33.616+0530][gc,heap      ] GC(7) Survivor regions: 1->1(4)
[2022-01-03T11:31:33.616+0530][gc,heap      ] GC(7) Old regions: 8->8
[2022-01-03T11:31:33.616+0530][gc,heap      ] GC(7) Humongous regions: 0->0
[2022-01-03T11:31:33.616+0530][gc,metaspace ] GC(7) Metaspace: 17127K->17127K(1064960K)
[2022-01-03T11:31:33.616+0530][gc           ] GC(7) Pause Young (Normal) (G1 Evacuation Pause) 32M->8M(512M) 20.632ms
[2022-01-03T11:31:33.616+0530][gc,cpu       ] GC(7) User=0.00s Sys=0.00s Real=0.02s
[2022-01-03T11:45:29.232+0530][gc,start     ] GC(8) Pause Young (Normal) (G1 Evacuation Pause)
[2022-01-03T11:45:29.233+0530][gc,task      ] GC(8) Using 4 workers of 4 for evacuation
[2022-01-03T11:45:29.245+0530][gc,phases    ] GC(8)   Pre Evacuate Collection Set: 0.5ms
[2022-01-03T11:45:29.245+0530][gc,phases    ] GC(8)   Evacuate Collection Set: 11.0ms
[2022-01-03T11:45:29.245+0530][gc,phases    ] GC(8)   Post Evacuate Collection Set: 0.4ms
[2022-01-03T11:45:29.245+0530][gc,phases    ] GC(8)   Other: 0.8ms
[2022-01-03T11:45:29.245+0530][gc,heap      ] GC(8) Eden regions: 24->0(25)
[2022-01-03T11:45:29.245+0530][gc,heap      ] GC(8) Survivor regions: 1->1(4)
[2022-01-03T11:45:29.245+0530][gc,heap      ] GC(8) Old regions: 8->8
[2022-01-03T11:45:29.245+0530][gc,heap      ] GC(8) Humongous regions: 0->0
[2022-01-03T11:45:29.245+0530][gc,metaspace ] GC(8) Metaspace: 17133K->17133K(1064960K)
[2022-01-03T11:45:29.246+0530][gc           ] GC(8) Pause Young (Normal) (G1 Evacuation Pause) 32M->8M(512M) 13.658ms
[2022-01-03T11:45:29.246+0530][gc,cpu       ] GC(8) User=0.01s Sys=0.01s Real=0.01s
[2022-01-03T11:59:56.970+0530][gc,start     ] GC(9) Pause Young (Normal) (G1 Evacuation Pause)
[2022-01-03T11:59:56.988+0530][gc,task      ] GC(9) Using 4 workers of 4 for evacuation
[2022-01-03T11:59:56.998+0530][gc,phases    ] GC(9)   Pre Evacuate Collection Set: 1.3ms
[2022-01-03T11:59:56.998+0530][gc,phases    ] GC(9)   Evacuate Collection Set: 7.4ms
[2022-01-03T11:59:56.998+0530][gc,phases    ] GC(9)   Post Evacuate Collection Set: 0.5ms
[2022-01-03T11:59:56.998+0530][gc,phases    ] GC(9)   Other: 18.8ms
[2022-01-03T11:59:56.998+0530][gc,heap      ] GC(9) Eden regions: 25->0(27)
[2022-01-03T11:59:56.998+0530][gc,heap      ] GC(9) Survivor regions: 1->1(4)
[2022-01-03T11:59:56.998+0530][gc,heap      ] GC(9) Old regions: 8->8
[2022-01-03T11:59:56.998+0530][gc,heap      ] GC(9) Humongous regions: 0->0
[2022-01-03T11:59:56.998+0530][gc,metaspace ] GC(9) Metaspace: 17134K->17134K(1064960K)
[2022-01-03T11:59:56.998+0530][gc           ] GC(9) Pause Young (Normal) (G1 Evacuation Pause) 33M->8M(512M) 28.359ms
[2022-01-03T11:59:56.998+0530][gc,cpu       ] GC(9) User=0.01s Sys=0.01s Real=0.02s
[2022-01-03T12:15:29.154+0530][gc,start     ] GC(10) Pause Young (Normal) (G1 Evacuation Pause)
[2022-01-03T12:15:29.155+0530][gc,task      ] GC(10) Using 4 workers of 4 for evacuation
[2022-01-03T12:15:29.167+0530][gc,phases    ] GC(10)   Pre Evacuate Collection Set: 0.4ms
[2022-01-03T12:15:29.167+0530][gc,phases    ] GC(10)   Evacuate Collection Set: 10.5ms
[2022-01-03T12:15:29.167+0530][gc,phases    ] GC(10)   Post Evacuate Collection Set: 0.2ms
[2022-01-03T12:15:29.167+0530][gc,phases    ] GC(10)   Other: 1.6ms
[2022-01-03T12:15:29.167+0530][gc,heap      ] GC(10) Eden regions: 27->0(27)
[2022-01-03T12:15:29.167+0530][gc,heap      ] GC(10) Survivor regions: 1->1(4)
[2022-01-03T12:15:29.167+0530][gc,heap      ] GC(10) Old regions: 8->8
[2022-01-03T12:15:29.167+0530][gc,heap      ] GC(10) Humongous regions: 0->0
[2022-01-03T12:15:29.167+0530][gc,metaspace ] GC(10) Metaspace: 17134K->17134K(1064960K)
[2022-01-03T12:15:29.167+0530][gc           ] GC(10) Pause Young (Normal) (G1 Evacuation Pause) 35M->8M(512M) 12.909ms
[2022-01-03T12:15:29.167+0530][gc,cpu       ] GC(10) User=0.01s Sys=0.01s Real=0.01s
[2022-01-03T12:30:59.329+0530][gc,start     ] GC(11) Pause Young (Normal) (G1 Evacuation Pause)
[2022-01-03T12:30:59.329+0530][gc,task      ] GC(11) Using 4 workers of 4 for evacuation
[2022-01-03T12:30:59.331+0530][gc,phases    ] GC(11)   Pre Evacuate Collection Set: 0.0ms
[2022-01-03T12:30:59.331+0530][gc,phases    ] GC(11)   Evacuate Collection Set: 1.8ms
[2022-01-03T12:30:59.332+0530][gc,phases    ] GC(11)   Post Evacuate Collection Set: 0.2ms
[2022-01-03T12:30:59.332+0530][gc,phases    ] GC(11)   Other: 0.5ms
[2022-01-03T12:30:59.332+0530][gc,heap      ] GC(11) Eden regions: 27->0(29)
[2022-01-03T12:30:59.332+0530][gc,heap      ] GC(11) Survivor regions: 1->1(4)
[2022-01-03T12:30:59.332+0530][gc,heap      ] GC(11) Old regions: 8->8
[2022-01-03T12:30:59.332+0530][gc,heap      ] GC(11) Humongous regions: 0->0
[2022-01-03T12:30:59.332+0530][gc,metaspace ] GC(11) Metaspace: 17134K->17134K(1064960K)
[2022-01-03T12:30:59.332+0530][gc           ] GC(11) Pause Young (Normal) (G1 Evacuation Pause) 35M->8M(512M) 2.594ms
[2022-01-03T12:30:59.332+0530][gc,cpu       ] GC(11) User=0.00s Sys=0.00s Real=0.01s
[2022-01-03T12:47:44.867+0530][gc,start     ] GC(12) Pause Young (Normal) (G1 Evacuation Pause)
[2022-01-03T12:47:44.868+0530][gc,task      ] GC(12) Using 4 workers of 4 for evacuation
[2022-01-03T12:47:44.875+0530][gc,phases    ] GC(12)   Pre Evacuate Collection Set: 0.5ms
[2022-01-03T12:47:44.875+0530][gc,phases    ] GC(12)   Evacuate Collection Set: 6.2ms
[2022-01-03T12:47:44.875+0530][gc,phases    ] GC(12)   Post Evacuate Collection Set: 0.3ms
[2022-01-03T12:47:44.875+0530][gc,phases    ] GC(12)   Other: 0.7ms
[2022-01-03T12:47:44.875+0530][gc,heap      ] GC(12) Eden regions: 29->0(31)
[2022-01-03T12:47:44.875+0530][gc,heap      ] GC(12) Survivor regions: 1->1(4)
[2022-01-03T12:47:44.875+0530][gc,heap      ] GC(12) Old regions: 8->8
[2022-01-03T12:47:44.875+0530][gc,heap      ] GC(12) Humongous regions: 0->0
[2022-01-03T12:47:44.875+0530][gc,metaspace ] GC(12) Metaspace: 17134K->17134K(1064960K)
[2022-01-03T12:47:44.875+0530][gc           ] GC(12) Pause Young (Normal) (G1 Evacuation Pause) 37M->8M(512M) 7.757ms
[2022-01-03T12:47:44.875+0530][gc,cpu       ] GC(12) User=0.01s Sys=0.01s Real=0.01s
[2022-01-03T13:05:26.083+0530][gc,start     ] GC(13) Pause Young (Normal) (G1 Evacuation Pause)
[2022-01-03T13:05:26.085+0530][gc,task      ] GC(13) Using 4 workers of 4 for evacuation
[2022-01-03T13:05:26.092+0530][gc,phases    ] GC(13)   Pre Evacuate Collection Set: 0.4ms
[2022-01-03T13:05:26.092+0530][gc,phases    ] GC(13)   Evacuate Collection Set: 6.1ms
[2022-01-03T13:05:26.092+0530][gc,phases    ] GC(13)   Post Evacuate Collection Set: 0.3ms
[2022-01-03T13:05:26.092+0530][gc,phases    ] GC(13)   Other: 1.8ms
[2022-01-03T13:05:26.092+0530][gc,heap      ] GC(13) Eden regions: 31->0(34)
[2022-01-03T13:05:26.092+0530][gc,heap      ] GC(13) Survivor regions: 1->1(4)
[2022-01-03T13:05:26.092+0530][gc,heap      ] GC(13) Old regions: 8->8
[2022-01-03T13:05:26.092+0530][gc,heap      ] GC(13) Humongous regions: 0->0
[2022-01-03T13:05:26.092+0530][gc,metaspace ] GC(13) Metaspace: 17134K->17134K(1064960K)
[2022-01-03T13:05:26.092+0530][gc           ] GC(13) Pause Young (Normal) (G1 Evacuation Pause) 39M->8M(512M) 8.741ms
[2022-01-03T13:05:26.092+0530][gc,cpu       ] GC(13) User=0.01s Sys=0.01s Real=0.01s
[2022-01-03T13:25:31.619+0530][gc,start     ] GC(14) Pause Young (Normal) (G1 Evacuation Pause)
[2022-01-03T13:25:31.620+0530][gc,task      ] GC(14) Using 4 workers of 4 for evacuation
[2022-01-03T13:25:31.629+0530][gc,phases    ] GC(14)   Pre Evacuate Collection Set: 0.4ms
[2022-01-03T13:25:31.629+0530][gc,phases    ] GC(14)   Evacuate Collection Set: 7.3ms
[2022-01-03T13:25:31.629+0530][gc,phases    ] GC(14)   Post Evacuate Collection Set: 0.6ms
[2022-01-03T13:25:31.629+0530][gc,phases    ] GC(14)   Other: 1.0ms
[2022-01-03T13:25:31.629+0530][gc,heap      ] GC(14) Eden regions: 34->0(38)
[2022-01-03T13:25:31.629+0530][gc,heap      ] GC(14) Survivor regions: 1->1(5)
[2022-01-03T13:25:31.629+0530][gc,heap      ] GC(14) Old regions: 8->8
[2022-01-03T13:25:31.629+0530][gc,heap      ] GC(14) Humongous regions: 0->0
[2022-01-03T13:25:31.629+0530][gc,metaspace ] GC(14) Metaspace: 17134K->17134K(1064960K)
[2022-01-03T13:25:31.629+0530][gc           ] GC(14) Pause Young (Normal) (G1 Evacuation Pause) 42M->8M(512M) 9.597ms
[2022-01-03T13:25:31.629+0530][gc,cpu       ] GC(14) User=0.01s Sys=0.01s Real=0.01s
[2022-01-03T13:47:34.495+0530][gc,start     ] GC(15) Pause Young (Normal) (G1 Evacuation Pause)
[2022-01-03T13:47:34.505+0530][gc,task      ] GC(15) Using 4 workers of 4 for evacuation
[2022-01-03T13:47:34.513+0530][gc,phases    ] GC(15)   Pre Evacuate Collection Set: 0.4ms
[2022-01-03T13:47:34.513+0530][gc,phases    ] GC(15)   Evacuate Collection Set: 6.4ms
[2022-01-03T13:47:34.513+0530][gc,phases    ] GC(15)   Post Evacuate Collection Set: 0.7ms
[2022-01-03T13:47:34.513+0530][gc,phases    ] GC(15)   Other: 10.6ms
[2022-01-03T13:47:34.513+0530][gc,heap      ] GC(15) Eden regions: 38->0(43)
[2022-01-03T13:47:34.513+0530][gc,heap      ] GC(15) Survivor regions: 1->1(5)
[2022-01-03T13:47:34.513+0530][gc,heap      ] GC(15) Old regions: 8->8
[2022-01-03T13:47:34.513+0530][gc,heap      ] GC(15) Humongous regions: 0->0
[2022-01-03T13:47:34.513+0530][gc,metaspace ] GC(15) Metaspace: 17134K->17134K(1064960K)
[2022-01-03T13:47:34.513+0530][gc           ] GC(15) Pause Young (Normal) (G1 Evacuation Pause) 46M->8M(512M) 18.227ms
[2022-01-03T13:47:34.513+0530][gc,cpu       ] GC(15) User=0.01s Sys=0.01s Real=0.02s
[2022-01-03T14:12:35.828+0530][gc,start     ] GC(16) Pause Young (Normal) (G1 Evacuation Pause)
[2022-01-03T14:12:35.834+0530][gc,task      ] GC(16) Using 4 workers of 4 for evacuation
[2022-01-03T14:12:35.837+0530][gc,phases    ] GC(16)   Pre Evacuate Collection Set: 0.1ms
[2022-01-03T14:12:35.838+0530][gc,phases    ] GC(16)   Evacuate Collection Set: 2.7ms
[2022-01-03T14:12:35.838+0530][gc,phases    ] GC(16)   Post Evacuate Collection Set: 0.2ms
[2022-01-03T14:12:35.838+0530][gc,phases    ] GC(16)   Other: 6.4ms
[2022-01-03T14:12:35.838+0530][gc,heap      ] GC(16) Eden regions: 43->0(50)
[2022-01-03T14:12:35.838+0530][gc,heap      ] GC(16) Survivor regions: 1->1(6)
[2022-01-03T14:12:35.838+0530][gc,heap      ] GC(16) Old regions: 8->8
[2022-01-03T14:12:35.838+0530][gc,heap      ] GC(16) Humongous regions: 0->0
[2022-01-03T14:12:35.838+0530][gc,metaspace ] GC(16) Metaspace: 17135K->17135K(1064960K)
[2022-01-03T14:12:35.838+0530][gc           ] GC(16) Pause Young (Normal) (G1 Evacuation Pause) 51M->8M(512M) 9.568ms
[2022-01-03T14:12:35.838+0530][gc,cpu       ] GC(16) User=0.00s Sys=0.00s Real=0.01s
[2022-01-03T14:41:50.822+0530][gc,start     ] GC(17) Pause Young (Normal) (G1 Evacuation Pause)
[2022-01-03T14:41:50.829+0530][gc,task      ] GC(17) Using 4 workers of 4 for evacuation
[2022-01-03T14:41:50.833+0530][gc,phases    ] GC(17)   Pre Evacuate Collection Set: 0.0ms
[2022-01-03T14:41:50.833+0530][gc,phases    ] GC(17)   Evacuate Collection Set: 3.0ms
[2022-01-03T14:41:50.833+0530][gc,phases    ] GC(17)   Post Evacuate Collection Set: 0.3ms
[2022-01-03T14:41:50.833+0530][gc,phases    ] GC(17)   Other: 7.7ms
[2022-01-03T14:41:50.833+0530][gc,heap      ] GC(17) Eden regions: 50->0(106)
[2022-01-03T14:41:50.833+0530][gc,heap      ] GC(17) Survivor regions: 1->1(7)
[2022-01-03T14:41:50.833+0530][gc,heap      ] GC(17) Old regions: 8->8
[2022-01-03T14:41:50.833+0530][gc,heap      ] GC(17) Humongous regions: 0->0
[2022-01-03T14:41:50.833+0530][gc,metaspace ] GC(17) Metaspace: 17138K->17138K(1064960K)
[2022-01-03T14:41:50.833+0530][gc           ] GC(17) Pause Young (Normal) (G1 Evacuation Pause) 58M->8M(512M) 11.272ms
[2022-01-03T14:41:50.833+0530][gc,cpu       ] GC(17) User=0.00s Sys=0.00s Real=0.01s
[2022-01-03T15:43:51.508+0530][gc,start     ] GC(18) Pause Young (Normal) (G1 Evacuation Pause)
[2022-01-03T15:43:51.523+0530][gc,task      ] GC(18) Using 4 workers of 4 for evacuation
[2022-01-03T15:43:51.530+0530][gc,phases    ] GC(18)   Pre Evacuate Collection Set: 0.4ms
[2022-01-03T15:43:51.530+0530][gc,phases    ] GC(18)   Evacuate Collection Set: 5.0ms
[2022-01-03T15:43:51.530+0530][gc,phases    ] GC(18)   Post Evacuate Collection Set: 1.4ms
[2022-01-03T15:43:51.530+0530][gc,phases    ] GC(18)   Other: 15.6ms
[2022-01-03T15:43:51.530+0530][gc,heap      ] GC(18) Eden regions: 106->0(137)
[2022-01-03T15:43:51.530+0530][gc,heap      ] GC(18) Survivor regions: 1->1(14)
[2022-01-03T15:43:51.530+0530][gc,heap      ] GC(18) Old regions: 8->8
[2022-01-03T15:43:51.530+0530][gc,heap      ] GC(18) Humongous regions: 0->0
[2022-01-03T15:43:51.530+0530][gc,metaspace ] GC(18) Metaspace: 17138K->17138K(1064960K)
[2022-01-03T15:43:51.531+0530][gc           ] GC(18) Pause Young (Normal) (G1 Evacuation Pause) 114M->8M(512M) 23.337ms
[2022-01-03T15:43:51.531+0530][gc,cpu       ] GC(18) User=0.00s Sys=0.01s Real=0.03s
[2022-01-03T16:31:00.030+0530][gc,heap,exit ] Heap
[2022-01-03T16:31:00.048+0530][gc,heap,exit ]  garbage-first heap   total 524288K, used 59440K [0x00000007e0000000, 0x0000000800000000)
[2022-01-03T16:31:00.049+0530][gc,heap,exit ]   region size 1024K, 52 young (53248K), 1 survivors (1024K)
[2022-01-03T16:31:00.049+0530][gc,heap,exit ]  Metaspace       used 17157K, capacity 17517K, committed 17792K, reserved 1064960K
[2022-01-03T16:31:00.049+0530][gc,heap,exit ]   class space    used 1653K, capacity 1818K, committed 1920K, reserved 1048576K
